ARM Linker, 5.02 [Build 28] [MDK-ARM Standard]

==============================================================================

Section Cross References

    main.o(.text) refers to lcd.o(.text) for LCD_DisplayString
    main.o(.text) refers to misc.o(.text) for NVIC_PriorityGroupConfig
    main.o(.text) refers to common.o(.text) for delay_init
    main.o(.text) refers to key.o(.text) for KEY_Init
    main.o(.text) refers to led.o(.text) for LED_Init
    main.o(.text) refers to beep.o(.text) for BEEP_Init
    main.o(.text) refers to rtc.o(.text) for RTC_InitConfig
    main.o(.text) refers to usart3_ble.o(.text) for LTE_uart3_init
    main.o(.text) refers to gsm.o(.text) for GSM_Init
    main.o(.text) refers to mpu6050.o(.text) for USART6_Config
    main.o(.text) refers to usart1.o(.text) for uart1_init
    main.o(.text) refers to adc.o(.text) for ADC1_Init
    main.o(.text) refers to inf.o(.text) for ADC2_Init
    main.o(.text) refers to rs485.o(.text) for RS485_Init
    main.o(.text) refers to 24c02.o(.text) for AT24C02_Init
    main.o(.text) refers to w25qxx.o(.text) for W25QXX_Init
    main.o(.text) refers to f2d.o(x$fpl$f2d) for __aeabi_f2d
    main.o(.text) refers to dmul.o(x$fpl$dmul) for __aeabi_dmul
    main.o(.text) refers to ddiv.o(x$fpl$ddiv) for __aeabi_ddiv
    main.o(.text) refers to d2f.o(x$fpl$d2f) for __aeabi_d2f
    main.o(.text) refers to rtc.o(.data) for RTC_DateStruct
    main.o(.text) refers to main.o(.data) for weekdate
    main.o(.text) refers to usart3_ble.o(.data) for APP_mode
    main.o(.text) refers to main.o(.bss) for dis
    main.o(.text) refers to key.o(.data) for keyup_data
    main.o(.data) refers to main.o(.conststring) for .conststring
    startup_stm32f40_41xxx.o(STACK) refers (Special) to heapauxi.o(.text) for __use_two_region_memory
    startup_stm32f40_41xxx.o(HEAP) refers (Special) to heapauxi.o(.text) for __use_two_region_memory
    startup_stm32f40_41xxx.o(RESET) refers (Special) to heapauxi.o(.text) for __use_two_region_memory
    startup_stm32f40_41xxx.o(RESET) refers to startup_stm32f40_41xxx.o(STACK) for __initial_sp
    startup_stm32f40_41xxx.o(RESET) refers to startup_stm32f40_41xxx.o(.text) for Reset_Handler
    startup_stm32f40_41xxx.o(RESET) refers to stm32f4xx_it.o(.text) for NMI_Handler
    startup_stm32f40_41xxx.o(RESET) refers to rtc.o(.text) for RTC_WKUP_IRQHandler
    startup_stm32f40_41xxx.o(RESET) refers to usart1.o(.text) for USART1_IRQHandler
    startup_stm32f40_41xxx.o(RESET) refers to rs485.o(.text) for USART2_IRQHandler
    startup_stm32f40_41xxx.o(RESET) refers to usart3_ble.o(.text) for USART3_IRQHandler
    startup_stm32f40_41xxx.o(RESET) refers to gsm.o(.text) for UART4_IRQHandler
    startup_stm32f40_41xxx.o(RESET) refers to mpu6050.o(.text) for USART6_IRQHandler
    startup_stm32f40_41xxx.o(.text) refers (Special) to heapauxi.o(.text) for __use_two_region_memory
    startup_stm32f40_41xxx.o(.text) refers to system_stm32f4xx.o(.text) for SystemInit
    startup_stm32f40_41xxx.o(.text) refers to __main.o(!!!main) for __main
    startup_stm32f40_41xxx.o(.text) refers to startup_stm32f40_41xxx.o(HEAP) for Heap_Mem
    startup_stm32f40_41xxx.o(.text) refers to startup_stm32f40_41xxx.o(STACK) for Stack_Mem
    system_stm32f4xx.o(.text) refers to system_stm32f4xx.o(.data) for SystemCoreClock
    key.o(.text) refers to stm32f4xx_rcc.o(.text) for RCC_AHB1PeriphClockCmd
    key.o(.text) refers to stm32f4xx_gpio.o(.text) for GPIO_Init
    key.o(.text) refers to key.o(.data) for keyup_data
    led.o(.text) refers to stm32f4xx_rcc.o(.text) for RCC_AHB1PeriphClockCmd
    led.o(.text) refers to stm32f4xx_gpio.o(.text) for GPIO_Init
    lcd.o(.text) refers to common.o(.text) for delay_us
    lcd.o(.text) refers to lcd.o(.data) for write_gramcmd
    lcd.o(.text) refers to stm32f4xx_rcc.o(.text) for RCC_AHB1PeriphClockCmd
    lcd.o(.text) refers to stm32f4xx_gpio.o(.text) for GPIO_Init
    lcd.o(.text) refers to stm32f4xx_fsmc.o(.text) for FSMC_NORSRAMInit
    lcd.o(.text) refers to lcd.o(.constdata) for char_1206
    beep.o(.text) refers to stm32f4xx_rcc.o(.text) for RCC_AHB1PeriphClockCmd
    beep.o(.text) refers to stm32f4xx_gpio.o(.text) for GPIO_Init
    rtc.o(.text) refers to stm32f4xx_rtc.o(.text) for RTC_SetDate
    rtc.o(.text) refers to stm32f4xx_rcc.o(.text) for RCC_LSEConfig
    rtc.o(.text) refers to common.o(.text) for delay_ms
    rtc.o(.text) refers to stm32f4xx_exti.o(.text) for EXTI_ClearITPendingBit
    rtc.o(.text) refers to misc.o(.text) for NVIC_Init
    rtc.o(.text) refers to stm32f4xx_pwr.o(.text) for PWR_BackupAccessCmd
    rtc.o(.text) refers to rtc.o(.constdata) for month_amendBuf
    rtc.o(.text) refers to rtc.o(.data) for RTC_DateStruct
    ds18b20.o(.text) refers to common.o(.text) for delay_us
    ds18b20.o(.text) refers to stm32f4xx_rcc.o(.text) for RCC_AHB1PeriphClockCmd
    ds18b20.o(.text) refers to stm32f4xx_gpio.o(.text) for GPIO_Init
    ds18b20.o(.text) refers to dflt_clz.o(x$fpl$dflt) for __aeabi_i2d
[...]
    Sensor_Clean                             0x080049eb   Thumb Code    12  sensor.o(.text)
    Sensor_master_Clean                      0x080049f7   Thumb Code    12  sensor.o(.text)
    Sensor_Create                            0x08004a03   Thumb Code    24  sensor.o(.text)
    Sensor_master_Create                     0x08004a1b   Thumb Code    24  sensor.o(.text)
    Sensor_Destroy                           0x08004a33   Thumb Code    16  sensor.o(.text)
    Sensor_master_Destroy                    0x08004a43   Thumb Code    16  sensor.o(.text)
    Sensor_setTemperature                    0x08004a53   Thumb Code     6  sensor.o(.text)
    Sensor_setHumidity                       0x08004a59   Thumb Code     6  sensor.o(.text)
    Sensor_setLight                          0x08004a5f   Thumb Code     6  sensor.o(.text)
    Sensor_setDistance                       0x08004a65   Thumb Code     6  sensor.o(.text)
    Sensor_setDate                           0x08004a6b   Thumb Code     4  sensor.o(.text)
    Sensor_setVoltage                        0x08004a6f   Thumb Code    38  sensor.o(.text)
    Sensor_setAmper                          0x08004a95   Thumb Code    38  sensor.o(.text)
    Sensor_getTemperature                    0x08004abb   Thumb Code     6  sensor.o(.text)
    Sensor_getHumidity                       0x08004ac1   Thumb Code     6  sensor.o(.text)
    Sensor_getLight                          0x08004ac7   Thumb Code     6  sensor.o(.text)
    Sensor_getDistance                       0x08004acd   Thumb Code     6  sensor.o(.text)
    Sensor_getDate                           0x08004ad3   Thumb Code     6  sensor.o(.text)
    Sensor_to_String                         0x08005103   Thumb Code    30  sensor.o(.text)
    Sensor_master_to_String                  0x08005121   Thumb Code    30  sensor.o(.text)
    get_Struct                               0x0800513f   Thumb Code    32  sensor.o(.text)
    get_master_Struct                        0x0800515f   Thumb Code    32  sensor.o(.text)
    cJSON_GetErrorPtr                        0x080051a1   Thumb Code     6  cjson.o(.text)
    cJSON_InitHooks                          0x0800521d   Thumb Code    14  cjson.o(.text)
    cJSON_Delete                             0x08005247   Thumb Code    88  cjson.o(.text)
    cJSON_ParseWithOpts                      0x08005f35   Thumb Code    96  cjson.o(.text)
    cJSON_Parse                              0x08005f95   Thumb Code    16  cjson.o(.text)
    cJSON_Print                              0x08006777   Thumb Code    18  cjson.o(.text)
    cJSON_PrintUnformatted                   0x08006789   Thumb Code    18  cjson.o(.text)
    cJSON_PrintBuffered                      0x0800679b   Thumb Code    40  cjson.o(.text)
    cJSON_GetArraySize                       0x080067c3   Thumb Code    18  cjson.o(.text)
    cJSON_GetArrayItem                       0x080067d5   Thumb Code    18  cjson.o(.text)
    cJSON_GetObjectItem                      0x080067e7   Thumb Code    30  cjson.o(.text)
    cJSON_HasObjectItem                      0x08006805   Thumb Code    34  cjson.o(.text)
    cJSON_AddItemToArray                     0x0800685d   Thumb Code    42  cjson.o(.text)
    cJSON_AddItemToObject                    0x08006887   Thumb Code    46  cjson.o(.text)
    cJSON_AddItemToObjectCS                  0x080068b5   Thumb Code    56  cjson.o(.text)
    cJSON_AddItemReferenceToArray            0x080068ed   Thumb Code    24  cjson.o(.text)
    cJSON_AddItemReferenceToObject           0x08006905   Thumb Code    32  cjson.o(.text)
    cJSON_DetachItemFromArray                0x08006925   Thumb Code    66  cjson.o(.text)
    cJSON_DeleteItemFromArray                0x08006967   Thumb Code    22  cjson.o(.text)
    cJSON_DetachItemFromObject               0x0800697d   Thumb Code    50  cjson.o(.text)
    cJSON_DeleteItemFromObject               0x080069af   Thumb Code    22  cjson.o(.text)
    cJSON_InsertItemInArray                  0x080069c5   Thumb Code    64  cjson.o(.text)
    cJSON_ReplaceItemInArray                 0x08006a05   Thumb Code    76  cjson.o(.text)
    cJSON_ReplaceItemInObject                0x08006a51   Thumb Code    62  cjson.o(.text)
    cJSON_CreateNull                         0x08006a8f   Thumb Code    18  cjson.o(.text)
    cJSON_CreateTrue                         0x08006aa1   Thumb Code    18  cjson.o(.text)
    cJSON_CreateFalse                        0x08006ab3   Thumb Code    18  cjson.o(.text)
    cJSON_CreateBool                         0x08006ac5   Thumb Code    26  cjson.o(.text)
    cJSON_CreateNumber                       0x08006adf   Thumb Code    48  cjson.o(.text)
    cJSON_CreateString                       0x08006b0f   Thumb Code    28  cjson.o(.text)
    cJSON_CreateArray                        0x08006b2b   Thumb Code    18  cjson.o(.text)
    cJSON_CreateObject                       0x08006b3d   Thumb Code    18  cjson.o(.text)
    cJSON_CreateIntArray                     0x08006b4f   Thumb Code    94  cjson.o(.text)
    cJSON_CreateFloatArray                   0x08006bad   Thumb Code    96  cjson.o(.text)
    cJSON_CreateDoubleArray                  0x08006c0d   Thumb Code    74  cjson.o(.text)
    cJSON_CreateStringArray                  0x08006c57   Thumb Code    62  cjson.o(.text)
    cJSON_Duplicate                          0x08006c95   Thumb Code   172  cjson.o(.text)
    cJSON_Minify                             0x08006d41   Thumb Code   186  cjson.o(.text)
    mymemcpy                                 0x08006dfd   Thumb Code    26  malloc.o(.text)
    mymemset                                 0x08006e17   Thumb Code    20  malloc.o(.text)
    my_mem_init                              0x08006e2b   Thumb Code    54  malloc.o(.text)
    my_mem_perused                           0x08006e61   Thumb Code    54  malloc.o(.text)
    my_mem_malloc                            0x08006e97   Thumb Code   154  malloc.o(.text)
    my_mem_free                              0x08006f31   Thumb Code    94  malloc.o(.text)
    myfree                                   0x08006f8f   Thumb Code    32  malloc.o(.text)
    mymalloc                                 0x08006faf   Thumb Code    34  malloc.o(.text)
    myrealloc                                0x08006fd1   Thumb Code    66  malloc.o(.text)
    NVIC_PriorityGroupConfig                 0x08007025   Thumb Code    10  misc.o(.text)
    NVIC_Init                                0x0800702f   Thumb Code   108  misc.o(.text)
    NVIC_SetVectorTable                      0x0800709b   Thumb Code    14  misc.o(.text)
    NVIC_SystemLPConfig                      0x080070a9   Thumb Code    34  misc.o(.text)
    SysTick_CLKSourceConfig                  0x080070cb   Thumb Code    40  misc.o(.text)
    GPIO_DeInit                              0x08007109   Thumb Code   268  stm32f4xx_gpio.o(.text)
    GPIO_Init                                0x08007215   Thumb Code   144  stm32f4xx_gpio.o(.text)
    GPIO_StructInit                          0x080072a5   Thumb Code    18  stm32f4xx_gpio.o(.text)
    GPIO_PinLockConfig                       0x080072b7   Thumb Code    18  stm32f4xx_gpio.o(.text)
    GPIO_ReadInputDataBit                    0x080072c9   Thumb Code    18  stm32f4xx_gpio.o(.text)
    GPIO_ReadInputData                       0x080072db   Thumb Code     8  stm32f4xx_gpio.o(.text)
    GPIO_ReadOutputDataBit                   0x080072e3   Thumb Code    18  stm32f4xx_gpio.o(.text)
    GPIO_ReadOutputData                      0x080072f5   Thumb Code     8  stm32f4xx_gpio.o(.text)
    GPIO_SetBits                             0x080072fd   Thumb Code     4  stm32f4xx_gpio.o(.text)
    GPIO_ResetBits                           0x08007301   Thumb Code     4  stm32f4xx_gpio.o(.text)
    GPIO_WriteBit                            0x08007305   Thumb Code    10  stm32f4xx_gpio.o(.text)
    GPIO_Write                               0x0800730f   Thumb Code     4  stm32f4xx_gpio.o(.text)
    GPIO_ToggleBits                          0x08007313   Thumb Code     8  stm32f4xx_gpio.o(.text)
    GPIO_PinAFConfig                         0x0800731b   Thumb Code    70  stm32f4xx_gpio.o(.text)
    RCC_DeInit                               0x0800738d   Thumb Code    82  stm32f4xx_rcc.o(.text)
    RCC_HSEConfig                            0x080073df   Thumb Code    14  stm32f4xx_rcc.o(.text)
    RCC_GetFlagStatus                        0x080073ed   Thumb Code    60  stm32f4xx_rcc.o(.text)
    RCC_WaitForHSEStartUp                    0x08007429   Thumb Code    48  stm32f4xx_rcc.o(.text)
    RCC_AdjustHSICalibrationValue            0x08007459   Thumb Code    20  stm32f4xx_rcc.o(.text)
    RCC_HSICmd                               0x0800746d   Thumb Code     6  stm32f4xx_rcc.o(.text)
    RCC_LSEConfig                            0x08007473   Thumb Code    46  stm32f4xx_rcc.o(.text)
    RCC_LSICmd                               0x080074a1   Thumb Code     6  stm32f4xx_rcc.o(.text)
    RCC_PLLConfig                            0x080074a7   Thumb Code    32  stm32f4xx_rcc.o(.text)
    RCC_PLLCmd                               0x080074c7   Thumb Code     6  stm32f4xx_rcc.o(.text)
    RCC_PLLI2SConfig                         0x080074cd   Thumb Code    14  stm32f4xx_rcc.o(.text)
    RCC_PLLI2SCmd                            0x080074db   Thumb Code     6  stm32f4xx_rcc.o(.text)
    RCC_PLLSAIConfig                         0x080074e1   Thumb Code    20  stm32f4xx_rcc.o(.text)
    RCC_PLLSAICmd                            0x080074f5   Thumb Code     6  stm32f4xx_rcc.o(.text)
    RCC_ClockSecuritySystemCmd               0x080074fb   Thumb Code     6  stm32f4xx_rcc.o(.text)
    RCC_MCO1Config                           0x08007501   Thumb Code    28  stm32f4xx_rcc.o(.text)
    RCC_MCO2Config                           0x0800751d   Thumb Code    28  stm32f4xx_rcc.o(.text)
    RCC_SYSCLKConfig                         0x08007539   Thumb Code    20  stm32f4xx_rcc.o(.text)
    RCC_GetSYSCLKSource                      0x0800754d   Thumb Code    12  stm32f4xx_rcc.o(.text)
    RCC_HCLKConfig                           0x08007559   Thumb Code    20  stm32f4xx_rcc.o(.text)
    RCC_PCLK1Config                          0x0800756d   Thumb Code    20  stm32f4xx_rcc.o(.text)
    RCC_PCLK2Config                          0x08007581   Thumb Code    22  stm32f4xx_rcc.o(.text)
    RCC_GetClocksFreq                        0x08007597   Thumb Code   222  stm32f4xx_rcc.o(.text)
    RCC_RTCCLKConfig                         0x08007675   Thumb Code    54  stm32f4xx_rcc.o(.text)
    RCC_RTCCLKCmd                            0x080076ab   Thumb Code     8  stm32f4xx_rcc.o(.text)
    RCC_BackupResetCmd                       0x080076b3   Thumb Code     8  stm32f4xx_rcc.o(.text)
    RCC_I2SCLKConfig                         0x080076bb   Thumb Code     6  stm32f4xx_rcc.o(.text)
    RCC_SAIPLLI2SClkDivConfig                0x080076c1   Thumb Code    26  stm32f4xx_rcc.o(.text)
    RCC_SAIPLLSAIClkDivConfig                0x080076db   Thumb Code    28  stm32f4xx_rcc.o(.text)
    RCC_SAIBlockACLKConfig                   0x080076f7   Thumb Code    20  stm32f4xx_rcc.o(.text)
    RCC_SAIBlockBCLKConfig                   0x0800770b   Thumb Code    20  stm32f4xx_rcc.o(.text)
    RCC_LTDCCLKDivConfig                     0x0800771f   Thumb Code    20  stm32f4xx_rcc.o(.text)
    RCC_TIMCLKPresConfig                     0x08007733   Thumb Code     6  stm32f4xx_rcc.o(.text)
    RCC_AHB1PeriphClockCmd                   0x08007739   Thumb Code    34  stm32f4xx_rcc.o(.text)
    RCC_AHB2PeriphClockCmd                   0x0800775b   Thumb Code    78  stm32f4xx_rcc.o(.text)
    RCC_AHB3PeriphClockCmd                   0x080077a9   Thumb Code    34  stm32f4xx_rcc.o(.text)
    RCC_APB1PeriphClockCmd                   0x080077cb   Thumb Code    34  stm32f4xx_rcc.o(.text)
    RCC_APB2PeriphClockCmd                   0x080077ed   Thumb Code    34  stm32f4xx_rcc.o(.text)
    RCC_AHB1PeriphResetCmd                   0x0800780f   Thumb Code    34  stm32f4xx_rcc.o(.text)
    RCC_AHB2PeriphResetCmd                   0x08007831   Thumb Code    34  stm32f4xx_rcc.o(.text)
    RCC_AHB3PeriphResetCmd                   0x08007853   Thumb Code    34  stm32f4xx_rcc.o(.text)
    RCC_APB1PeriphResetCmd                   0x08007875   Thumb Code    34  stm32f4xx_rcc.o(.text)
    RCC_APB2PeriphResetCmd                   0x08007897   Thumb Code    34  stm32f4xx_rcc.o(.text)
    RCC_AHB1PeriphClockLPModeCmd             0x080078b9   Thumb Code    34  stm32f4xx_rcc.o(.text)
    RCC_AHB2PeriphClockLPModeCmd             0x080078db   Thumb Code    34  stm32f4xx_rcc.o(.text)
    RCC_AHB3PeriphClockLPModeCmd             0x080078fd   Thumb Code    34  stm32f4xx_rcc.o(.text)
    RCC_APB1PeriphClockLPModeCmd             0x0800791f   Thumb Code    34  stm32f4xx_rcc.o(.text)
    RCC_APB2PeriphClockLPModeCmd             0x08007941   Thumb Code    34  stm32f4xx_rcc.o(.text)
    RCC_LSEModeConfig                        0x08007963   Thumb Code    40  stm32f4xx_rcc.o(.text)
    RCC_ITConfig                             0x0800798b   Thumb Code    34  stm32f4xx_rcc.o(.text)
    RCC_ClearFlag                            0x080079ad   Thumb Code    18  stm32f4xx_rcc.o(.text)
    RCC_GetITStatus                          0x080079bf   Thumb Code    22  stm32f4xx_rcc.o(.text)
    RCC_ClearITPendingBit                    0x080079d5   Thumb Code     8  stm32f4xx_rcc.o(.text)
    USART_DeInit                             0x080079e1   Thumb Code   206  stm32f4xx_usart.o(.text)
    USART_Init                               0x08007aaf   Thumb Code   204  stm32f4xx_usart.o(.text)
    USART_StructInit                         0x08007b7b   Thumb Code    24  stm32f4xx_usart.o(.text)
    USART_ClockInit                          0x08007b93   Thumb Code    32  stm32f4xx_usart.o(.text)
    USART_ClockStructInit                    0x08007bb3   Thumb Code    12  stm32f4xx_usart.o(.text)
    USART_Cmd                                0x08007bbf   Thumb Code    24  stm32f4xx_usart.o(.text)
    USART_SetPrescaler                       0x08007bd7   Thumb Code    16  stm32f4xx_usart.o(.text)
    USART_OverSampling8Cmd                   0x08007be7   Thumb Code    22  stm32f4xx_usart.o(.text)
    USART_OneBitMethodCmd                    0x08007bfd   Thumb Code    24  stm32f4xx_usart.o(.text)
    USART_SendData                           0x08007c15   Thumb Code     8  stm32f4xx_usart.o(.text)
    USART_ReceiveData                        0x08007c1d   Thumb Code    10  stm32f4xx_usart.o(.text)
    USART_SetAddress                         0x08007c27   Thumb Code    18  stm32f4xx_usart.o(.text)
    USART_ReceiverWakeUpCmd                  0x08007c39   Thumb Code    24  stm32f4xx_usart.o(.text)
    USART_WakeUpConfig                       0x08007c51   Thumb Code    18  stm32f4xx_usart.o(.text)
    USART_LINBreakDetectLengthConfig         0x08007c63   Thumb Code    18  stm32f4xx_usart.o(.text)
    USART_LINCmd                             0x08007c75   Thumb Code    24  stm32f4xx_usart.o(.text)
    USART_SendBreak                          0x08007c8d   Thumb Code    10  stm32f4xx_usart.o(.text)
    USART_HalfDuplexCmd                      0x08007c97   Thumb Code    24  stm32f4xx_usart.o(.text)
    USART_SetGuardTime                       0x08007caf   Thumb Code    16  stm32f4xx_usart.o(.text)
    USART_SmartCardCmd                       0x08007cbf   Thumb Code    24  stm32f4xx_usart.o(.text)
    USART_SmartCardNACKCmd                   0x08007cd7   Thumb Code    24  stm32f4xx_usart.o(.text)
    USART_IrDAConfig                         0x08007cef   Thumb Code    18  stm32f4xx_usart.o(.text)
    USART_IrDACmd                            0x08007d01   Thumb Code    24  stm32f4xx_usart.o(.text)
    USART_DMACmd                             0x08007d19   Thumb Code    18  stm32f4xx_usart.o(.text)
    USART_ITConfig                           0x08007d2b   Thumb Code    74  stm32f4xx_usart.o(.text)
    USART_GetFlagStatus                      0x08007d75   Thumb Code    26  stm32f4xx_usart.o(.text)
    USART_ClearFlag                          0x08007d8f   Thumb Code    18  stm32f4xx_usart.o(.text)
    USART_GetITStatus                        0x08007da1   Thumb Code   118  stm32f4xx_usart.o(.text)
    USART_ClearITPendingBit                  0x08007e17   Thumb Code    30  stm32f4xx_usart.o(.text)
    FSMC_NORSRAMDeInit                       0x08007e35   Thumb Code    56  stm32f4xx_fsmc.o(.text)
    FSMC_NORSRAMInit                         0x08007e6d   Thumb Code   224  stm32f4xx_fsmc.o(.text)
    FSMC_NORSRAMStructInit                   0x08007f4d   Thumb Code    48  stm32f4xx_fsmc.o(.text)
    FSMC_NORSRAMCmd                          0x08007f7d   Thumb Code    46  stm32f4xx_fsmc.o(.text)
    FSMC_NANDDeInit                          0x08007fab   Thumb Code    62  stm32f4xx_fsmc.o(.text)
    FSMC_NANDInit                            0x08007fe9   Thumb Code   130  stm32f4xx_fsmc.o(.text)
    FSMC_NANDStructInit                      0x0800806b   Thumb Code    54  stm32f4xx_fsmc.o(.text)
    FSMC_NANDCmd                             0x080080a1   Thumb Code    86  stm32f4xx_fsmc.o(.text)
    FSMC_NANDECCCmd                          0x080080f7   Thumb Code    86  stm32f4xx_fsmc.o(.text)
    FSMC_GetECC                              0x0800814d   Thumb Code    22  stm32f4xx_fsmc.o(.text)
    FSMC_PCCARDDeInit                        0x08008163   Thumb Code    40  stm32f4xx_fsmc.o(.text)
    FSMC_PCCARDInit                          0x0800818b   Thumb Code   124  stm32f4xx_fsmc.o(.text)
    FSMC_PCCARDStructInit                    0x08008207   Thumb Code    60  stm32f4xx_fsmc.o(.text)
    FSMC_PCCARDCmd                           0x08008243   Thumb Code    40  stm32f4xx_fsmc.o(.text)
    FSMC_ITConfig                            0x0800826b   Thumb Code   128  stm32f4xx_fsmc.o(.text)
    FSMC_GetFlagStatus                       0x080082eb   Thumb Code    48  stm32f4xx_fsmc.o(.text)
    FSMC_ClearFlag                           0x0800831b   Thumb Code   114  stm32f4xx_fsmc.o(.text)
    FSMC_GetITStatus                         0x0800838d   Thumb Code    60  stm32f4xx_fsmc.o(.text)
    FSMC_ClearITPendingBit                   0x080083c9   Thumb Code    64  stm32f4xx_fsmc.o(.text)
    RTC_WaitForSynchro                       0x08008411   Thumb Code    84  stm32f4xx_rtc.o(.text)
    RTC_EnterInitMode                        0x08008465   Thumb Code    76  stm32f4xx_rtc.o(.text)
    RTC_DeInit                               0x080084b1   Thumb Code   196  stm32f4xx_rtc.o(.text)
    RTC_ExitInitMode                         0x08008575   Thumb Code    18  stm32f4xx_rtc.o(.text)
    RTC_Init                                 0x08008587   Thumb Code    94  stm32f4xx_rtc.o(.text)
    RTC_StructInit                           0x080085e5   Thumb Code    14  stm32f4xx_rtc.o(.text)
    RTC_WriteProtectionCmd                   0x080085f3   Thumb Code    22  stm32f4xx_rtc.o(.text)
    RTC_RefClockCmd                          0x08008609   Thumb Code    76  stm32f4xx_rtc.o(.text)
    RTC_BypassShadowCmd                      0x08008655   Thumb Code    54  stm32f4xx_rtc.o(.text)
    RTC_SetTime                              0x080086bd   Thumb Code   200  stm32f4xx_rtc.o(.text)
    RTC_TimeStructInit                       0x08008785   Thumb Code    12  stm32f4xx_rtc.o(.text)
    RTC_GetTime                              0x08008791   Thumb Code    74  stm32f4xx_rtc.o(.text)
    RTC_GetSubSecond                         0x080087db   Thumb Code    16  stm32f4xx_rtc.o(.text)
    RTC_SetDate                              0x080087eb   Thumb Code   202  stm32f4xx_rtc.o(.text)
    RTC_DateStructInit                       0x080088b5   Thumb Code    14  stm32f4xx_rtc.o(.text)
    RTC_GetDate                              0x080088c3   Thumb Code    70  stm32f4xx_rtc.o(.text)
    RTC_SetAlarm                             0x08008909   Thumb Code   230  stm32f4xx_rtc.o(.text)
    RTC_AlarmStructInit                      0x080089ef   Thumb Code    22  stm32f4xx_rtc.o(.text)
    RTC_GetAlarm                             0x08008a05   Thumb Code   114  stm32f4xx_rtc.o(.text)
    RTC_AlarmCmd                             0x08008a77   Thumb Code   104  stm32f4xx_rtc.o(.text)
    RTC_AlarmSubSecondConfig                 0x08008adf   Thumb Code    46  stm32f4xx_rtc.o(.text)
    RTC_GetAlarmSubSecond                    0x08008b0d   Thumb Code    34  stm32f4xx_rtc.o(.text)
    RTC_WakeUpClockConfig                    0x08008b2f   Thumb Code    42  stm32f4xx_rtc.o(.text)
    RTC_SetWakeUpCounter                     0x08008b59   Thumb Code    22  stm32f4xx_rtc.o(.text)
    RTC_GetWakeUpCounter                     0x08008b6f   Thumb Code    10  stm32f4xx_rtc.o(.text)
    RTC_WakeUpCmd                            0x08008b79   Thumb Code   108  stm32f4xx_rtc.o(.text)
    RTC_DayLightSavingConfig                 0x08008be5   Thumb Code    50  stm32f4xx_rtc.o(.text)
    RTC_GetStoreOperation                    0x08008c17   Thumb Code    12  stm32f4xx_rtc.o(.text)
    RTC_OutputConfig                         0x08008c23   Thumb Code    58  stm32f4xx_rtc.o(.text)
    RTC_CoarseCalibConfig                    0x08008c5d   Thumb Code    52  stm32f4xx_rtc.o(.text)
    RTC_CoarseCalibCmd                       0x08008c91   Thumb Code    76  stm32f4xx_rtc.o(.text)
    RTC_CalibOutputCmd                       0x08008cdd   Thumb Code    54  stm32f4xx_rtc.o(.text)
    RTC_CalibOutputConfig                    0x08008d13   Thumb Code    42  stm32f4xx_rtc.o(.text)
    RTC_SmoothCalibConfig                    0x08008d3d   Thumb Code    90  stm32f4xx_rtc.o(.text)
    RTC_TimeStampCmd                         0x08008d97   Thumb Code    54  stm32f4xx_rtc.o(.text)
    RTC_GetTimeStamp                         0x08008dcd   Thumb Code   144  stm32f4xx_rtc.o(.text)
    RTC_GetTimeStampSubSecond                0x08008e5d   Thumb Code     8  stm32f4xx_rtc.o(.text)
    RTC_TamperTriggerConfig                  0x08008e65   Thumb Code    38  stm32f4xx_rtc.o(.text)
    RTC_TamperCmd                            0x08008e8b   Thumb Code    34  stm32f4xx_rtc.o(.text)
    RTC_TamperFilterConfig                   0x08008ead   Thumb Code    26  stm32f4xx_rtc.o(.text)
    RTC_TamperSamplingFreqConfig             0x08008ec7   Thumb Code    26  stm32f4xx_rtc.o(.text)
    RTC_TamperPinsPrechargeDuration          0x08008ee1   Thumb Code    26  stm32f4xx_rtc.o(.text)
    RTC_TimeStampOnTamperDetectionCmd        0x08008efb   Thumb Code    38  stm32f4xx_rtc.o(.text)
    RTC_TamperPullUpCmd                      0x08008f21   Thumb Code    38  stm32f4xx_rtc.o(.text)
    RTC_WriteBackupRegister                  0x08008f47   Thumb Code    14  stm32f4xx_rtc.o(.text)
    RTC_ReadBackupRegister                   0x08008f55   Thumb Code    16  stm32f4xx_rtc.o(.text)
    RTC_TamperPinSelection                   0x08008f65   Thumb Code    26  stm32f4xx_rtc.o(.text)
    RTC_TimeStampPinSelection                0x08008f7f   Thumb Code    26  stm32f4xx_rtc.o(.text)
    RTC_OutputTypeConfig                     0x08008f99   Thumb Code    26  stm32f4xx_rtc.o(.text)
    RTC_SynchroShiftConfig                   0x08008fb3   Thumb Code   118  stm32f4xx_rtc.o(.text)
    RTC_ITConfig                             0x08009029   Thumb Code   106  stm32f4xx_rtc.o(.text)
    RTC_GetFlagStatus                        0x08009093   Thumb Code    32  stm32f4xx_rtc.o(.text)
    RTC_ClearFlag                            0x080090b3   Thumb Code    28  stm32f4xx_rtc.o(.text)
    RTC_GetITStatus                          0x080090cf   Thumb Code    60  stm32f4xx_rtc.o(.text)
    RTC_ClearITPendingBit                    0x0800910b   Thumb Code    32  stm32f4xx_rtc.o(.text)
    PWR_DeInit                               0x08009135   Thumb Code    22  stm32f4xx_pwr.o(.text)
    PWR_BackupAccessCmd                      0x0800914b   Thumb Code     6  stm32f4xx_pwr.o(.text)
    PWR_PVDLevelConfig                       0x08009151   Thumb Code    18  stm32f4xx_pwr.o(.text)
    PWR_PVDCmd                               0x08009163   Thumb Code     6  stm32f4xx_pwr.o(.text)
    PWR_WakeUpPinCmd                         0x08009169   Thumb Code     6  stm32f4xx_pwr.o(.text)
    PWR_BackupRegulatorCmd                   0x0800916f   Thumb Code     6  stm32f4xx_pwr.o(.text)
    PWR_MainRegulatorModeConfig              0x08009175   Thumb Code    18  stm32f4xx_pwr.o(.text)
    PWR_OverDriveCmd                         0x08009187   Thumb Code     6  stm32f4xx_pwr.o(.text)
    PWR_OverDriveSWCmd                       0x0800918d   Thumb Code     6  stm32f4xx_pwr.o(.text)
    PWR_UnderDriveCmd                        0x08009193   Thumb Code    30  stm32f4xx_pwr.o(.text)
    PWR_MainRegulatorLowVoltageCmd           0x080091b1   Thumb Code    18  stm32f4xx_pwr.o(.text)
    PWR_LowRegulatorLowVoltageCmd            0x080091c3   Thumb Code    18  stm32f4xx_pwr.o(.text)
    PWR_FlashPowerDownCmd                    0x080091d5   Thumb Code     6  stm32f4xx_pwr.o(.text)
    PWR_EnterSTOPMode                        0x080091db   Thumb Code    58  stm32f4xx_pwr.o(.text)
    PWR_EnterUnderDriveSTOPMode              0x08009215   Thumb Code    58  stm32f4xx_pwr.o(.text)
    PWR_EnterSTANDBYMode                     0x0800924f   Thumb Code    32  stm32f4xx_pwr.o(.text)
    PWR_GetFlagStatus                        0x0800926f   Thumb Code    20  stm32f4xx_pwr.o(.text)
    PWR_ClearFlag                            0x08009283   Thumb Code    14  stm32f4xx_pwr.o(.text)
    EXTI_DeInit                              0x080092a5   Thumb Code    28  stm32f4xx_exti.o(.text)
    EXTI_Init                                0x080092c1   Thumb Code   142  stm32f4xx_exti.o(.text)
    EXTI_StructInit                          0x0800934f   Thumb Code    16  stm32f4xx_exti.o(.text)
    EXTI_GenerateSWInterrupt                 0x0800935f   Thumb Code    16  stm32f4xx_exti.o(.text)
    EXTI_GetFlagStatus                       0x0800936f   Thumb Code    22  stm32f4xx_exti.o(.text)
    EXTI_ClearFlag                           0x08009385   Thumb Code     8  stm32f4xx_exti.o(.text)
    EXTI_GetITStatus                         0x0800938d   Thumb Code    22  stm32f4xx_exti.o(.text)
    EXTI_ClearITPendingBit                   0x080093a3   Thumb Code     8  stm32f4xx_exti.o(.text)
    ADC_DeInit                               0x080093b5   Thumb Code    22  stm32f4xx_adc.o(.text)
    ADC_Init                                 0x080093cb   Thumb Code    74  stm32f4xx_adc.o(.text)
    ADC_StructInit                           0x08009415   Thumb Code    20  stm32f4xx_adc.o(.text)
    ADC_CommonInit                           0x08009429   Thumb Code    44  stm32f4xx_adc.o(.text)
    ADC_CommonStructInit                     0x08009455   Thumb Code    12  stm32f4xx_adc.o(.text)
    ADC_Cmd                                  0x08009461   Thumb Code    22  stm32f4xx_adc.o(.text)
    ADC_AnalogWatchdogCmd                    0x08009477   Thumb Code    16  stm32f4xx_adc.o(.text)
    ADC_AnalogWatchdogThresholdsConfig       0x08009487   Thumb Code     6  stm32f4xx_adc.o(.text)
    ADC_AnalogWatchdogSingleChannelConfig    0x0800948d   Thumb Code    16  stm32f4xx_adc.o(.text)
    ADC_TempSensorVrefintCmd                 0x0800949d   Thumb Code    34  stm32f4xx_adc.o(.text)
    ADC_VBATCmd                              0x080094bf   Thumb Code    34  stm32f4xx_adc.o(.text)
    ADC_RegularChannelConfig                 0x080094e1   Thumb Code   184  stm32f4xx_adc.o(.text)
    ADC_SoftwareStartConv                    0x08009599   Thumb Code    10  stm32f4xx_adc.o(.text)
    ADC_GetSoftwareStartConvStatus           0x080095a3   Thumb Code    20  stm32f4xx_adc.o(.text)
    ADC_EOCOnEachRegularChannelCmd           0x080095b7   Thumb Code    22  stm32f4xx_adc.o(.text)
    ADC_ContinuousModeCmd                    0x080095cd   Thumb Code    22  stm32f4xx_adc.o(.text)
    ADC_DiscModeChannelCountConfig           0x080095e3   Thumb Code    24  stm32f4xx_adc.o(.text)
    ADC_DiscModeCmd                          0x080095fb   Thumb Code    22  stm32f4xx_adc.o(.text)
    ADC_GetConversionValue                   0x08009611   Thumb Code     8  stm32f4xx_adc.o(.text)
    ADC_GetMultiModeConversionValue          0x08009619   Thumb Code     6  stm32f4xx_adc.o(.text)
    ADC_DMACmd                               0x0800961f   Thumb Code    22  stm32f4xx_adc.o(.text)
    ADC_DMARequestAfterLastTransferCmd       0x08009635   Thumb Code    22  stm32f4xx_adc.o(.text)
    ADC_MultiModeDMARequestAfterLastTransferCmd 0x0800964b   Thumb Code    34  stm32f4xx_adc.o(.text)
    ADC_InjectedChannelConfig                0x0800966d   Thumb Code   130  stm32f4xx_adc.o(.text)
    ADC_InjectedSequencerLengthConfig        0x080096ef   Thumb Code    24  stm32f4xx_adc.o(.text)
    ADC_SetInjectedOffset                    0x08009707   Thumb Code    12  stm32f4xx_adc.o(.text)
    ADC_ExternalTrigInjectedConvConfig       0x08009713   Thumb Code    16  stm32f4xx_adc.o(.text)
    ADC_ExternalTrigInjectedConvEdgeConfig   0x08009723   Thumb Code    16  stm32f4xx_adc.o(.text)
    ADC_SoftwareStartInjectedConv            0x08009733   Thumb Code    10  stm32f4xx_adc.o(.text)
    ADC_GetSoftwareStartInjectedConvCmdStatus 0x0800973d   Thumb Code    20  stm32f4xx_adc.o(.text)
    ADC_AutoInjectedConvCmd                  0x08009751   Thumb Code    22  stm32f4xx_adc.o(.text)
    ADC_InjectedDiscModeCmd                  0x08009767   Thumb Code    22  stm32f4xx_adc.o(.text)
    ADC_GetInjectedConversionValue           0x0800977d   Thumb Code    18  stm32f4xx_adc.o(.text)
    ADC_ITConfig                             0x0800978f   Thumb Code    32  stm32f4xx_adc.o(.text)
    ADC_GetFlagStatus                        0x080097af   Thumb Code    46  stm32f4xx_adc.o(.text)
    ADC_ClearFlag                            0x080097dd   Thumb Code     6  stm32f4xx_adc.o(.text)
    ADC_GetITStatus                          0x080097e3   Thumb Code    38  stm32f4xx_adc.o(.text)
    ADC_ClearITPendingBit                    0x08009809   Thumb Code    10  stm32f4xx_adc.o(.text)
    SPI_I2S_DeInit                           0x08009815   Thumb Code   152  stm32f4xx_spi.o(.text)
    SPI_Init                                 0x080098ad   Thumb Code    60  stm32f4xx_spi.o(.text)
    I2S_Init                                 0x080098e9   Thumb Code   392  stm32f4xx_spi.o(.text)
    SPI_StructInit                           0x08009a71   Thumb Code    24  stm32f4xx_spi.o(.text)
    I2S_StructInit                           0x08009a89   Thumb Code    20  stm32f4xx_spi.o(.text)
    SPI_Cmd                                  0x08009a9d   Thumb Code    24  stm32f4xx_spi.o(.text)
    I2S_Cmd                                  0x08009ab5   Thumb Code    24  stm32f4xx_spi.o(.text)
    SPI_DataSizeConfig                       0x08009acd   Thumb Code    18  stm32f4xx_spi.o(.text)
    SPI_BiDirectionalLineConfig              0x08009adf   Thumb Code    28  stm32f4xx_spi.o(.text)
    SPI_NSSInternalSoftwareConfig            0x08009afb   Thumb Code    30  stm32f4xx_spi.o(.text)
    SPI_SSOutputCmd                          0x08009b19   Thumb Code    24  stm32f4xx_spi.o(.text)
    SPI_TIModeCmd                            0x08009b31   Thumb Code    24  stm32f4xx_spi.o(.text)
    I2S_FullDuplexConfig                     0x08009b49   Thumb Code    80  stm32f4xx_spi.o(.text)
    SPI_I2S_ReceiveData                      0x08009b99   Thumb Code     6  stm32f4xx_spi.o(.text)
    SPI_I2S_SendData                         0x08009b9f   Thumb Code     4  stm32f4xx_spi.o(.text)
    SPI_CalculateCRC                         0x08009ba3   Thumb Code    24  stm32f4xx_spi.o(.text)
    SPI_TransmitCRC                          0x08009bbb   Thumb Code    10  stm32f4xx_spi.o(.text)
    SPI_GetCRC                               0x08009bc5   Thumb Code    16  stm32f4xx_spi.o(.text)
    SPI_GetCRCPolynomial                     0x08009bd5   Thumb Code     6  stm32f4xx_spi.o(.text)
    SPI_I2S_DMACmd                           0x08009bdb   Thumb Code    18  stm32f4xx_spi.o(.text)
    SPI_I2S_ITConfig                         0x08009bed   Thumb Code    68  stm32f4xx_spi.o(.text)
    SPI_I2S_GetFlagStatus                    0x08009c31   Thumb Code    18  stm32f4xx_spi.o(.text)
    SPI_I2S_ClearFlag                        0x08009c43   Thumb Code     6  stm32f4xx_spi.o(.text)
    SPI_I2S_GetITStatus                      0x08009c49   Thumb Code    52  stm32f4xx_spi.o(.text)
    SPI_I2S_ClearITPendingBit                0x08009c7d   Thumb Code    20  stm32f4xx_spi.o(.text)
    GPIO_group_OUT                           0x08009c91   Thumb Code   452  common.o(.text)
    GPIO_bits_OUT                            0x08009e55   Thumb Code    92  common.o(.text)
    delay_init                               0x08009eb1   Thumb Code    42  common.o(.text)
    delay_us                                 0x08009edb   Thumb Code    70  common.o(.text)
    delay_xms                                0x08009f21   Thumb Code    70  common.o(.text)
    delay_ms                                 0x08009f67   Thumb Code    56  common.o(.text)
    big_delay                                0x08009f9f   Thumb Code    34  common.o(.text)
    tolower                                  0x08009fc9   Thumb Code    26  tolower.o(.text)
    vsprintf                                 0x08009fe5   Thumb Code    32  vsprintf.o(.text)
    __2sprintf                               0x0800a009   Thumb Code    38  __2sprintf.o(.text)
    _printf_pre_padding                      0x0800a035   Thumb Code    46  _printf_pad.o(.text)
    _printf_post_padding                     0x0800a063   Thumb Code    36  _printf_pad.o(.text)
    _printf_str                              0x0800a087   Thumb Code    82  _printf_str.o(.text)
    _printf_int_dec                          0x0800a0d9   Thumb Code   102  _printf_dec.o(.text)
    _printf_longlong_hex                     0x0800a151   Thumb Code    92  _printf_hex_int_ll_ptr.o(.text)
    _printf_int_hex                          0x0800a1ad   Thumb Code    28  _printf_hex_int_ll_ptr.o(.text)
    _printf_ll_hex                           0x0800a1c9   Thumb Code    12  _printf_hex_int_ll_ptr.o(.text)
    _printf_hex_ptr                          0x0800a1d5   Thumb Code    18  _printf_hex_int_ll_ptr.o(.text)
    __printf                                 0x0800a1ed   Thumb Code   390  __printf_flags_ss_wp.o(.text)
    strchr                                   0x0800a379   Thumb Code    20  strchr.o(.text)
    strstr                                   0x0800a38d   Thumb Code    36  strstr.o(.text)
    strcpy                                   0x0800a3b1   Thumb Code    72  strcpy.o(.text)
    strlen                                   0x0800a3f9   Thumb Code    62  strlen.o(.text)
    strncmp                                  0x0800a437   Thumb Code   150  strncmp.o(.text)
    __aeabi_memcpy                           0x0800a4cd   Thumb Code     0  rt_memcpy_v6.o(.text)
    __rt_memcpy                              0x0800a4cd   Thumb Code   138  rt_memcpy_v6.o(.text)
    _memcpy_lastbytes                        0x0800a533   Thumb Code     0  rt_memcpy_v6.o(.text)
    __aeabi_memcpy4                          0x0800a557   Thumb Code     0  rt_memcpy_w.o(.text)
    __aeabi_memcpy8                          0x0800a557   Thumb Code     0  rt_memcpy_w.o(.text)
    __rt_memcpy_w                            0x0800a557   Thumb Code   100  rt_memcpy_w.o(.text)
    _memcpy_lastbytes_aligned                0x0800a59f   Thumb Code     0  rt_memcpy_w.o(.text)
    __aeabi_memclr4                          0x0800a5bb   Thumb Code     0  rt_memclr_w.o(.text)
    __aeabi_memclr8                          0x0800a5bb   Thumb Code     0  rt_memclr_w.o(.text)
    __rt_memclr_w                            0x0800a5bb   Thumb Code    78  rt_memclr_w.o(.text)
    _memset_w                                0x0800a5bf   Thumb Code     0  rt_memclr_w.o(.text)
    strncpy                                  0x0800a609   Thumb Code    86  strncpy.o(.text)
    strcmp                                   0x0800a661   Thumb Code   128  strcmpv7m.o(.text)
    __use_two_region_memory                  0x0800a6e1   Thumb Code     2  heapauxi.o(.text)
    __rt_heap_escrow$2region                 0x0800a6e3   Thumb Code     2  heapauxi.o(.text)
    __rt_heap_expand$2region                 0x0800a6e5   Thumb Code     2  heapauxi.o(.text)
    __rt_ctype_table                         0x0800a6e9   Thumb Code    16  rt_ctype_table.o(.text)
    __read_errno                             0x0800a6f9   Thumb Code    10  _rserrno.o(.text)
    __set_errno                              0x0800a703   Thumb Code    12  _rserrno.o(.text)
    _printf_truncate_signed                  0x0800a70f   Thumb Code    18  _printf_truncate.o(.text)
    _printf_truncate_unsigned                0x0800a721   Thumb Code    18  _printf_truncate.o(.text)
    _printf_int_common                       0x0800a733   Thumb Code   184  _printf_intcommon.o(.text)
    _printf_charcount                        0x0800a7eb   Thumb Code    42  _printf_charcount.o(.text)
    __lib_sel_fp_printf                      0x0800a815   Thumb Code     2  _printf_fp_dec.o(.text)
    _printf_fp_dec_real                      0x0800a9c1   Thumb Code   628  _printf_fp_dec.o(.text)
    _printf_char_common                      0x0800ac3f   Thumb Code    32  _printf_char_common.o(.text)
    _sputc                                   0x0800ac65   Thumb Code    10  _sputc.o(.text)
    _printf_cs_common                        0x0800ac6f   Thumb Code    20  _printf_char.o(.text)
    _printf_char                             0x0800ac83   Thumb Code    16  _printf_char.o(.text)
    _printf_string                           0x0800ac93   Thumb Code     8  _printf_char.o(.text)
    _printf_wctomb                           0x0800ac9d   Thumb Code   182  _printf_wctomb.o(.text)
    _printf_longlong_dec                     0x0800ad59   Thumb Code   104  _printf_longlong_dec.o(.text)
    _printf_longlong_oct                     0x0800add1   Thumb Code    76  _printf_oct_int_ll.o(.text)
    _printf_int_oct                          0x0800ae1d   Thumb Code    24  _printf_oct_int_ll.o(.text)
    _printf_ll_oct                           0x0800ae35   Thumb Code    12  _printf_oct_int_ll.o(.text)
    __aeabi_memclr                           0x0800ae49   Thumb Code     0  rt_memclr.o(.text)
    __rt_memclr                              0x0800ae49   Thumb Code    68  rt_memclr.o(.text)
    _memset                                  0x0800ae4d   Thumb Code     0  rt_memclr.o(.text)
    __rt_locale                              0x0800ae8d   Thumb Code     8  rt_locale_intlibspace.o(.text)
    __aeabi_errno_addr                       0x0800ae95   Thumb Code     8  rt_errno_addr_intlibspace.o(.text)
    __errno$intlibspace                      0x0800ae95   Thumb Code     0  rt_errno_addr_intlibspace.o(.text)
    __rt_errno_addr$intlibspace              0x0800ae95   Thumb Code     0  rt_errno_addr_intlibspace.o(.text)
    _ll_udiv10                               0x0800ae9d   Thumb Code   138  lludiv10.o(.text)
    _printf_fp_hex_real                      0x0800af29   Thumb Code   762  _printf_fp_hex.o(.text)
    _printf_fp_infnan                        0x0800b22d   Thumb Code   112  _printf_fp_infnan.o(.text)
    _printf_lcs_common                       0x0800b2ad   Thumb Code    20  _printf_wchar.o(.text)
    _printf_wchar                            0x0800b2c1   Thumb Code    16  _printf_wchar.o(.text)
    _printf_wstring                          0x0800b2d1   Thumb Code     8  _printf_wchar.o(.text)
    _btod_etento                             0x0800b2d9   Thumb Code   222  bigflt0.o(.text)
    _wcrtomb                                 0x0800b3bd   Thumb Code    64  _wcrtomb.o(.text)
    __user_libspace                          0x0800b3fd   Thumb Code     8  libspace.o(.text)
    __user_perproc_libspace                  0x0800b3fd   Thumb Code     0  libspace.o(.text)
    __user_perthread_libspace                0x0800b3fd   Thumb Code     0  libspace.o(.text)
    __user_setup_stackheap                   0x0800b405   Thumb Code    74  sys_stackheap_outer.o(.text)
    exit                                     0x0800b44f   Thumb Code    12  exit.o(.text)
    _sys_exit                                0x0800b45d   Thumb Code     8  sys_exit.o(.text)
    __I$use$semihosting                      0x0800b469   Thumb Code     0  use_no_semi.o(.text)
    __use_no_semihosting_swi                 0x0800b469   Thumb Code     2  use_no_semi.o(.text)
    __semihosting_library_function           0x0800b46b   Thumb Code     0  indicate_semi.o(.text)
    _btod_d2e                                0x0800b46b   Thumb Code    62  btod.o(CL$$btod_d2e)
    _d2e_denorm_low                          0x0800b4a9   Thumb Code    70  btod.o(CL$$btod_d2e_denorm_low)
    _d2e_norm_op1                            0x0800b4ef   Thumb Code    96  btod.o(CL$$btod_d2e_norm_op1)
    __btod_div_common                        0x0800b54f   Thumb Code   696  btod.o(CL$$btod_div_common)
    _e2e                                     0x0800b887   Thumb Code   198  btod.o(CL$$btod_e2e)
    _btod_ediv                               0x0800b94d   Thumb Code    40  btod.o(CL$$btod_ediv)
    _btod_emul                               0x0800b975   Thumb Code    40  btod.o(CL$$btod_emul)
    __btod_mult_common                       0x0800b99d   Thumb Code   580  btod.o(CL$$btod_mult_common)
    __ARM_fpclassify                         0x0800bbe1   Thumb Code    48  fpclassify.o(i.__ARM_fpclassify)
    __hardfp_fabs                            0x0800bc11   Thumb Code    20  fabs.o(i.__hardfp_fabs)
    __hardfp_floor                           0x0800bc29   Thumb Code   252  floor.o(i.__hardfp_floor)
    __hardfp_pow                             0x0800bd41   Thumb Code  3132  pow.o(i.__hardfp_pow)
    __kernel_poly                            0x0800c9d1   Thumb Code   248  poly.o(i.__kernel_poly)
    __mathlib_dbl_underflow                  0x0800cac9   Thumb Code    24  dunder.o(i.__mathlib_dbl_underflow)
    _is_digit                                0x0800cae9   Thumb Code    14  __printf_wp.o(i._is_digit)
    fabs                                     0x0800caf7   Thumb Code    32  fabs.o(i.fabs)
    sqrt                                     0x0800cb17   Thumb Code   110  sqrt.o(i.sqrt)
    _get_lc_ctype                            0x0800cb85   Thumb Code    44  lc_ctype_c.o(locale$$code)
    _get_lc_numeric                          0x0800cbb1   Thumb Code    44  lc_numeric_c.o(locale$$code)
    __aeabi_dneg                             0x0800cbdd   Thumb Code     0  basic.o(x$fpl$basic)
    _dneg                                    0x0800cbdd   Thumb Code     6  basic.o(x$fpl$basic)
    __aeabi_fneg                             0x0800cbe3   Thumb Code     0  basic.o(x$fpl$basic)
    _fneg                                    0x0800cbe3   Thumb Code     6  basic.o(x$fpl$basic)
    _dabs                                    0x0800cbe9   Thumb Code     6  basic.o(x$fpl$basic)
    _fabs                                    0x0800cbef   Thumb Code     6  basic.o(x$fpl$basic)
    __aeabi_d2f                              0x0800cbf5   Thumb Code     0  d2f.o(x$fpl$d2f)
    _d2f                                     0x0800cbf5   Thumb Code    98  d2f.o(x$fpl$d2f)
    __aeabi_dadd                             0x0800cc59   Thumb Code     0  daddsub_clz.o(x$fpl$dadd)
    _dadd                                    0x0800cc59   Thumb Code   332  daddsub_clz.o(x$fpl$dadd)
    __fpl_dcheck_NaN1                        0x0800cda9   Thumb Code    10  dcheck1.o(x$fpl$dcheck1)
    __fpl_dcmp_Inf                           0x0800cdb9   Thumb Code    24  dcmpi.o(x$fpl$dcmpinf)
    __aeabi_ddiv                             0x0800cdd1   Thumb Code     0  ddiv.o(x$fpl$ddiv)
    _ddiv                                    0x0800cdd1   Thumb Code   552  ddiv.o(x$fpl$ddiv)
    __aeabi_cdcmpeq                          0x0800d081   Thumb Code     0  deqf.o(x$fpl$deqf)
    _dcmpeq                                  0x0800d081   Thumb Code   120  deqf.o(x$fpl$deqf)
    __aeabi_d2iz                             0x0800d0f9   Thumb Code     0  dfix.o(x$fpl$dfix)
    _dfix                                    0x0800d0f9   Thumb Code    94  dfix.o(x$fpl$dfix)
    __aeabi_i2d                              0x0800d157   Thumb Code     0  dflt_clz.o(x$fpl$dflt)
    _dflt                                    0x0800d157   Thumb Code    46  dflt_clz.o(x$fpl$dflt)
    __aeabi_cdcmple                          0x0800d185   Thumb Code     0  dleqf.o(x$fpl$dleqf)
    _dcmple                                  0x0800d185   Thumb Code   120  dleqf.o(x$fpl$dleqf)
    __fpl_dcmple_InfNaN                      0x0800d1e7   Thumb Code     0  dleqf.o(x$fpl$dleqf)
    __aeabi_dmul                             0x0800d1fd   Thumb Code     0  dmul.o(x$fpl$dmul)
    _dmul                                    0x0800d1fd   Thumb Code   332  dmul.o(x$fpl$dmul)
    __fpl_dnaninf                            0x0800d351   Thumb Code   156  dnaninf.o(x$fpl$dnaninf)
    __fpl_dretinf                            0x0800d3ed   Thumb Code    12  dretinf.o(x$fpl$dretinf)
    __aeabi_cdrcmple                         0x0800d3f9   Thumb Code     0  drleqf.o(x$fpl$drleqf)
    _drcmple                                 0x0800d3f9   Thumb Code   108  drleqf.o(x$fpl$drleqf)
    __aeabi_drsub                            0x0800d465   Thumb Code     0  daddsub_clz.o(x$fpl$drsb)
    _drsb                                    0x0800d465   Thumb Code    22  daddsub_clz.o(x$fpl$drsb)
    _dsqrt                                   0x0800d47d   Thumb Code   404  dsqrt_umaal.o(x$fpl$dsqrt)
    __aeabi_dsub                             0x0800d615   Thumb Code     0  daddsub_clz.o(x$fpl$dsub)
    _dsub                                    0x0800d615   Thumb Code   464  daddsub_clz.o(x$fpl$dsub)
    __aeabi_f2d                              0x0800d7e9   Thumb Code     0  f2d.o(x$fpl$f2d)
    _f2d                                     0x0800d7e9   Thumb Code    86  f2d.o(x$fpl$f2d)
    __fpl_fnaninf                            0x0800d83f   Thumb Code   140  fnaninf.o(x$fpl$fnaninf)
    _fp_init                                 0x0800d8cb   Thumb Code    10  fpinit.o(x$fpl$fpinit)
    __fplib_config_fpu_vfp                   0x0800d8d3   Thumb Code     0  fpinit.o(x$fpl$fpinit)
    __fplib_config_pureend_doubles           0x0800d8d3   Thumb Code     0  fpinit.o(x$fpl$fpinit)
    __fpl_fretinf                            0x0800d8d5   Thumb Code    10  fretinf.o(x$fpl$fretinf)
    _printf_fp_dec                           0x0800d8df   Thumb Code     4  printf1.o(x$fpl$printf1)
    _printf_fp_hex                           0x0800d8e3   Thumb Code     4  printf2.o(x$fpl$printf2)
    __fpl_return_NaN                         0x0800d8e7   Thumb Code   100  retnan.o(x$fpl$retnan)
    __ARM_scalbn                             0x0800d94b   Thumb Code    92  scalbn.o(x$fpl$scalbn)
    __fpl_cmpreturn                          0x0800d9a7   Thumb Code    48  trapv.o(x$fpl$trapveneer)
    __I$use$fp                               0x0800d9d6   Number         0  usenofp.o(x$fpl$usenofp)
    char_1206                                0x0800d9d6   Data        1140  lcd.o(.constdata)
    char_1608                                0x0800de4a   Data        1520  lcd.o(.constdata)
    char_2412                                0x0800e43a   Data        3420  lcd.o(.constdata)
    month_amendBuf                           0x0800f196   Data          12  rtc.o(.constdata)
    memtblsize                               0x0800f1ac   Data          12  malloc.o(.constdata)
    memblksize                               0x0800f1b8   Data          12  malloc.o(.constdata)
    memsize                                  0x0800f1c4   Data          12  malloc.o(.constdata)
    FSMC_DefaultTimingStruct                 0x0800f1d0   Data          28  stm32f4xx_fsmc.o(.constdata)
    __mathlib_zero                           0x0800f2b8   Data           8  qnan.o(.constdata)
    Region$$Table$$Base                      0x0800f3b8   Number         0  anon$$obj.o(Region$$Table)
    Region$$Table$$Limit                     0x0800f3d8   Number         0  anon$$obj.o(Region$$Table)
    __ctype                                  0x0800f3e5   Data           0  lc_ctype_c.o(locale$$data)
    mem3base                                 0x10000000   Data       61440  malloc.o(.ARM.__AT_0x10000000)
    mem3mapbase                              0x1000f000   Data        3840  malloc.o(.ARM.__AT_0x1000F000)
    weekdate                                 0x20000000   Data          28  main.o(.data)
    voice                                    0x2000001c   Data           4  main.o(.data)
    SystemCoreClock                          0x20000020   Data           4  system_stm32f4xx.o(.data)
    AHBPrescTable                            0x20000024   Data          16  system_stm32f4xx.o(.data)
    keydown_data                             0x20000034   Data           1  key.o(.data)
    keyup_data                               0x20000035   Data           1  key.o(.data)
    key_time                                 0x20000036   Data           2  key.o(.data)
    key_tem                                  0x20000038   Data           1  key.o(.data)
    key_bak                                  0x20000039   Data           1  key.o(.data)
    BRUSH_COLOR                              0x2000003a   Data           2  lcd.o(.data)
    BACK_COLOR                               0x2000003c   Data           2  lcd.o(.data)
    lcd_id                                   0x2000003e   Data           2  lcd.o(.data)
    dir_flag                                 0x20000040   Data           1  lcd.o(.data)
    lcd_width                                0x20000042   Data           2  lcd.o(.data)
    lcd_height                               0x20000044   Data           2  lcd.o(.data)
    write_gramcmd                            0x20000046   Data           2  lcd.o(.data)
    setxcmd                                  0x20000048   Data           2  lcd.o(.data)
    setycmd                                  0x2000004a   Data           2  lcd.o(.data)
    RTC_TimeStruct                           0x2000004c   Data           4  rtc.o(.data)
    RTC_DateStruct                           0x20000050   Data           4  rtc.o(.data)
    NVIC_InitStructure                       0x20000054   Data           4  rtc.o(.data)
    uart_byte_count                          0x20000058   Data           1  usart3_ble.o(.data)
    APP_mode                                 0x20000059   Data           1  usart3_ble.o(.data)
    T                                        0x2000005c   Data           4  mpu6050.o(.data)
    sign                                     0x20000060   Data           4  mpu6050.o(.data)
    u6_count                                 0x20000064   Data           4  mpu6050.o(.data)
    u4_count                                 0x20000068   Data           4  gsm.o(.data)
    uart2_byte_count                         0x2000006c   Data           1  rs485.o(.data)
    uart1_byte_count                         0x20000070   Data           2  usart1.o(.data)
    uart1_data_count                         0x20000072   Data           1  usart1.o(.data)
    full_flag                                0x20000073   Data           1  usart1.o(.data)
    result_slave                             0x20000074   Data           4  usart1.o(.data)
    result_master                            0x20000078   Data           4  usart1.o(.data)
    W25QXX_ID                                0x2000007c   Data           2  w25qxx.o(.data)
    mallco_dev                               0x2000008c   Data          36  malloc.o(.data)
    s2jHook                                  0x200000b0   Data           8  s2j.o(.data)
    dis                                      0x200000cc   Data          16  main.o(.bss)
    receive_str                              0x200000e0   Data         300  usart3_ble.o(.bss)
    send_str                                 0x20000210   Data         300  usart3_ble.o(.bss)
    a                                        0x2000033c   Data          12  mpu6050.o(.bss)
    w                                        0x20000348   Data          12  mpu6050.o(.bss)
    angle                                    0x20000354   Data          12  mpu6050.o(.bss)
    temp_buf                                 0x20000360   Data          33  mpu6050.o(.bss)
    result_buf                               0x20000381   Data          33  mpu6050.o(.bss)
    Temp                                     0x200003a2   Data          33  mpu6050.o(.bss)
    UART4_RX_BUF                             0x200003c8   Data        1024  gsm.o(.bss)
    UART4_TX_BUF                             0x200007c8   Data        1024  gsm.o(.bss)
    RS485_receive_str                        0x20000bc8   Data         128  rs485.o(.bss)
    receive_str1                             0x20000c48   Data         500  usart1.o(.bss)
    package_data                             0x20000e3c   Data         500  usart1.o(.bss)
    send_str1                                0x20001030   Data         500  usart1.o(.bss)
    TS_BUFFER                                0x20001224   Data        4096  w25qxx.o(.bss)
    mem1base                                 0x20002240   Data       102400  malloc.o(.bss)
    mem1mapbase                              0x2001b240   Data        6400  malloc.o(.bss)
    __libspace_start                         0x2001cb40   Data          96  libspace.o(.bss)
    __temporary_stack_top$libspace           0x2001cba0   Data           0  libspace.o(.bss)
    mem2base                                 0x68000000   Data       983040  malloc.o(.ARM.__AT_0x68000000)
    mem2mapbase                              0x680f0000   Data       61440  malloc.o(.ARM.__AT_0x680F0000)



==============================================================================

Memory Map of the image

  Image Entry point : 0x08000189

  Load Region LR_IROM1 (Base: 0x08000000, Size: 0x0000f5d0, Max: 0x00080000, ABSOLUTE)

    Execution Region ER_IROM1 (Base: 0x08000000, Size: 0x0000f504, Max: 0x00080000, ABSOLUTE)

    Base Addr    Size         Type   Attr      Idx    E Section Name        Object

    0x08000000   0x00000188   Data   RO          228    RESET               startup_stm32f40_41xxx.o
    0x08000188   0x00000008   Code   RO         1137  * !!!main             c_w.l(__main.o)
    0x08000190   0x00000034   Code   RO         1547    !!!scatter          c_w.l(__scatter.o)
    0x080001c4   0x0000001a   Code   RO         1549    !!handler_copy      c_w.l(__scatter_copy.o)
    0x080001de   0x00000002   PAD
    0x080001e0   0x0000001c   Code   RO         1551    !!handler_zi        c_w.l(__scatter_zi.o)
    0x080001fc   0x00000000   Code   RO         1114    .ARM.Collect$$_printf_percent$$00000000  c_w.l(_printf_percent.o)
    0x080001fc   0x00000006   Code   RO         1232    .ARM.Collect$$_printf_percent$$00000001  c_w.l(_printf_n.o)
    0x08000202   0x00000006   Code   RO         1233    .ARM.Collect$$_printf_percent$$00000002  c_w.l(_printf_p.o)
    0x08000208   0x00000006   Code   RO         1112    .ARM.Collect$$_printf_percent$$00000003  c_w.l(_printf_f.o)
    0x0800020e   0x00000006   Code   RO         1113    .ARM.Collect$$_printf_percent$$00000004  c_w.l(_printf_e.o)
    0x08000214   0x00000006   Code   RO         1237    .ARM.Collect$$_printf_percent$$00000005  c_w.l(_printf_g.o)
    0x0800021a   0x00000006   Code   RO         1238    .ARM.Collect$$_printf_percent$$00000006  c_w.l(_printf_a.o)
    0x08000220   0x0000000a   Code   RO         1243    .ARM.Collect$$_printf_percent$$00000007  c_w.l(_printf_ll.o)
    0x0800022a   0x00000006   Code   RO         1235    .ARM.Collect$$_printf_percent$$00000008  c_w.l(_printf_i.o)
    0x08000230   0x00000006   Code   RO         1111    .ARM.Collect$$_printf_percent$$00000009  c_w.l(_printf_d.o)
    0x08000236   0x00000006   Code   RO         1236    .ARM.Collect$$_printf_percent$$0000000A  c_w.l(_printf_u.o)
    0x0800023c   0x00000006   Code   RO         1234    .ARM.Collect$$_printf_percent$$0000000B  c_w.l(_printf_o.o)
    0x08000242   0x00000006   Code   RO         1110    .ARM.Collect$$_printf_percent$$0000000C  c_w.l(_printf_x.o)
    0x08000248   0x00000006   Code   RO         1240    .ARM.Collect$$_printf_percent$$0000000D  c_w.l(_printf_lli.o)
    0x0800024e   0x00000006   Code   RO         1241    .ARM.Collect$$_printf_percent$$0000000E  c_w.l(_printf_lld.o)
    0x08000254   0x00000006   Code   RO         1242    .ARM.Collect$$_printf_percent$$0000000F  c_w.l(_printf_llu.o)
    0x0800025a   0x00000006   Code   RO         1247    .ARM.Collect$$_printf_percent$$00000010  c_w.l(_printf_llo.o)
    0x08000260   0x00000006   Code   RO         1248    .ARM.Collect$$_printf_percent$$00000011  c_w.l(_printf_llx.o)
    0x08000266   0x0000000a   Code   RO         1244    .ARM.Collect$$_printf_percent$$00000012  c_w.l(_printf_l.o)
    0x08000270   0x00000006   Code   RO         1231    .ARM.Collect$$_printf_percent$$00000013  c_w.l(_printf_c.o)
    0x08000276   0x00000006   Code   RO         1109    .ARM.Collect$$_printf_percent$$00000014  c_w.l(_printf_s.o)
    0x0800027c   0x00000006   Code   RO         1245    .ARM.Collect$$_printf_percent$$00000015  c_w.l(_printf_lc.o)
    0x08000282   0x00000006   Code   RO         1246    .ARM.Collect$$_printf_percent$$00000016  c_w.l(_printf_ls.o)
    0x08000288   0x00000004   Code   RO         1239    .ARM.Collect$$_printf_percent$$00000017  c_w.l(_printf_percent_end.o)
    0x0800028c   0x00000002   Code   RO         1417    .ARM.Collect$$libinit$$00000000  c_w.l(libinit.o)
    0x0800028e   0x00000004   Code   RO         1418    .ARM.Collect$$libinit$$00000001  c_w.l(libinit2.o)
    0x08000292   0x00000000   Code   RO         1422    .ARM.Collect$$libinit$$00000008  c_w.l(libinit2.o)
    0x08000292   0x00000000   Code   RO         1424    .ARM.Collect$$libinit$$0000000A  c_w.l(libinit2.o)
    0x08000292   0x00000000   Code   RO         1426    .ARM.Collect$$libinit$$0000000C  c_w.l(libinit2.o)
    0x08000292   0x00000006   Code   RO         1427    .ARM.Collect$$libinit$$0000000D  c_w.l(libinit2.o)
    0x08000298   0x00000000   Code   RO         1429    .ARM.Collect$$libinit$$0000000F  c_w.l(libinit2.o)
    0x08000298   0x0000000c   Code   RO         1430    .ARM.Collect$$libinit$$00000010  c_w.l(libinit2.o)
    0x080002a4   0x00000000   Code   RO         1431    .ARM.Collect$$libinit$$00000011  c_w.l(libinit2.o)
    0x080002a4   0x00000000   Code   RO         1433    .ARM.Collect$$libinit$$00000013  c_w.l(libinit2.o)
    0x080002a4   0x0000000a   Code   RO         1434    .ARM.Collect$$libinit$$00000014  c_w.l(libinit2.o)
    0x080002ae   0x00000000   Code   RO         1435    .ARM.Collect$$libinit$$00000015  c_w.l(libinit2.o)
    0x080002ae   0x00000000   Code   RO         1437    .ARM.Collect$$libinit$$00000017  c_w.l(libinit2.o)
    0x080002ae   0x00000000   Code   RO         1439    .ARM.Collect$$libinit$$00000019  c_w.l(libinit2.o)
    0x080002ae   0x00000000   Code   RO         1441    .ARM.Collect$$libinit$$0000001B  c_w.l(libinit2.o)
    0x080002ae   0x00000000   Code   RO         1443    .ARM.Collect$$libinit$$0000001D  c_w.l(libinit2.o)
    0x080002ae   0x00000000   Code   RO         1445    .ARM.Collect$$libinit$$0000001F  c_w.l(libinit2.o)
    0x080002ae   0x00000000   Code   RO         1447    .ARM.Collect$$libinit$$00000021  c_w.l(libinit2.o)
    0x080002ae   0x00000000   Code   RO         1449    .ARM.Collect$$libinit$$00000023  c_w.l(libinit2.o)
    0x080002ae   0x00000000   Code   RO         1453    .ARM.Collect$$libinit$$0000002A  c_w.l(libinit2.o)
    0x080002ae   0x00000000   Code   RO         1455    .ARM.Collect$$libinit$$0000002C  c_w.l(libinit2.o)
    0x080002ae   0x00000000   Code   RO         1457    .ARM.Collect$$libinit$$0000002E  c_w.l(libinit2.o)
    0x080002ae   0x00000000   Code   RO         1459    .ARM.Collect$$libinit$$00000030  c_w.l(libinit2.o)
    0x080002ae   0x00000002   Code   RO         1460    .ARM.Collect$$libinit$$00000031  c_w.l(libinit2.o)
    0x080002b0   0x00000002   Code   RO         1496    .ARM.Collect$$libshutdown$$00000000  c_w.l(libshutdown.o)
    0x080002b2   0x00000000   Code   RO         1508    .ARM.Collect$$libshutdown$$00000003  c_w.l(libshutdown2.o)
    0x080002b2   0x00000000   Code   RO         1511    .ARM.Collect$$libshutdown$$00000006  c_w.l(libshutdown2.o)
    0x080002b2   0x00000000   Code   RO         1514    .ARM.Collect$$libshutdown$$00000009  c_w.l(libshutdown2.o)
    0x080002b2   0x00000000   Code   RO         1516    .ARM.Collect$$libshutdown$$0000000B  c_w.l(libshutdown2.o)
    0x080002b2   0x00000000   Code   RO         1519    .ARM.Collect$$libshutdown$$0000000E  c_w.l(libshutdown2.o)
    0x080002b2   0x00000002   Code   RO         1520    .ARM.Collect$$libshutdown$$0000000F  c_w.l(libshutdown2.o)
    0x080002b4   0x00000000   Code   RO         1201    .ARM.Collect$$rtentry$$00000000  c_w.l(rtentry.o)
    0x080002b4   0x00000000   Code   RO         1290    .ARM.Collect$$rtentry$$00000002  c_w.l(rtentry2.o)
    0x080002b4   0x00000006   Code   RO         1302    .ARM.Collect$$rtentry$$00000004  c_w.l(rtentry4.o)
    0x080002ba   0x00000000   Code   RO         1292    .ARM.Collect$$rtentry$$00000009  c_w.l(rtentry2.o)
    0x080002ba   0x00000004   Code   RO         1293    .ARM.Collect$$rtentry$$0000000A  c_w.l(rtentry2.o)
    0x080002be   0x00000000   Code   RO         1295    .ARM.Collect$$rtentry$$0000000C  c_w.l(rtentry2.o)
    0x080002be   0x00000008   Code   RO         1296    .ARM.Collect$$rtentry$$0000000D  c_w.l(rtentry2.o)
    0x080002c6   0x00000002   Code   RO         1463    .ARM.Collect$$rtexit$$00000000  c_w.l(rtexit.o)
    0x080002c8   0x00000000   Code   RO         1474    .ARM.Collect$$rtexit$$00000002  c_w.l(rtexit2.o)
    0x080002c8   0x00000004   Code   RO         1475    .ARM.Collect$$rtexit$$00000003  c_w.l(rtexit2.o)
    0x080002cc   0x00000006   Code   RO         1476    .ARM.Collect$$rtexit$$00000004  c_w.l(rtexit2.o)
    0x080002d2   0x00000002   PAD
    0x080002d4   0x000002b0   Code   RO            3    .text               main.o
    0x08000584   0x0000001a   Code   RO          205    .text               stm32f4xx_it.o
    0x0800059e   0x00000002   PAD
    0x080005a0   0x00000040   Code   RO          229    .text               startup_stm32f40_41xxx.o
    0x080005e0   0x000001f8   Code   RO          235    .text               system_stm32f4xx.o
    0x080007d8   0x00000108   Code   RO          261    .text               key.o
    0x080008e0   0x00000040   Code   RO          287    .text               led.o
    0x08000920   0x000012c4   Code   RO          307    .text               lcd.o
    0x08001be4   0x0000003c   Code   RO          340    .text               beep.o
    0x08001c20   0x000002f4   Code   RO          360    .text               rtc.o
    0x08001f14   0x00000ac0   Code   RO          407    .text               usart3_ble.o
    0x080029d4   0x00000668   Code   RO          442    .text               mpu6050.o
    0x0800303c   0x000004a8   Code   RO          469    .text               gsm.o
    0x080034e4   0x000000e0   Code   RO          496    .text               adc.o
    0x080035c4   0x00000278   Code   RO          516    .text               rs485.o
    0x0800383c   0x00000254   Code   RO          549    .text               inf.o
    0x08003a90   0x000004fc   Code   RO          569    .text               usart1.o
    0x08003f8c   0x000003a8   Code   RO          607    .text               24c02.o
    0x08004334   0x00000134   Code   RO          627    .text               spi.o
    0x08004468   0x00000446   Code   RO          650    .text               w25qxx.o
    0x080048ae   0x00000002   PAD
    0x080048b0   0x000008f0   Code   RO          677    .text               sensor.o
    0x080051a0   0x00001c5a   Code   RO          717    .text               cjson.o
    0x08006dfa   0x00000002   PAD
    0x08006dfc   0x00000228   Code   RO          760    .text               malloc.o
    0x08007024   0x000000e4   Code   RO          821    .text               misc.o
    0x08007108   0x00000284   Code   RO          841    .text               stm32f4xx_gpio.o
    0x0800738c   0x00000654   Code   RO          861    .text               stm32f4xx_rcc.o
    0x080079e0   0x00000454   Code   RO          883    .text               stm32f4xx_usart.o
    0x08007e34   0x000005dc   Code   RO          903    .text               stm32f4xx_fsmc.o
    0x08008410   0x00000d24   Code   RO          926    .text               stm32f4xx_rtc.o
    0x08009134   0x00000170   Code   RO          946    .text               stm32f4xx_pwr.o
    0x080092a4   0x00000110   Code   RO          966    .text               stm32f4xx_exti.o
    0x080093b4   0x0000045e   Code   RO          986    .text               stm32f4xx_adc.o
    0x08009812   0x00000002   PAD
    0x08009814   0x0000047c   Code   RO         1006    .text               stm32f4xx_spi.o
    0x08009c90   0x00000338   Code   RO         1027    .text               common.o
    0x08009fc8   0x0000001a   Code   RO         1052    .text               c_w.l(tolower.o)
    0x08009fe2   0x00000002   PAD
    0x08009fe4   0x00000024   Code   RO         1054    .text               c_w.l(vsprintf.o)
    0x0800a008   0x0000002c   Code   RO         1056    .text               c_w.l(__2sprintf.o)
    0x0800a034   0x00000052   Code   RO         1062    .text               c_w.l(_printf_pad.o)
    0x0800a086   0x00000052   Code   RO         1064    .text               c_w.l(_printf_str.o)
    0x0800a0d8   0x00000078   Code   RO         1066    .text               c_w.l(_printf_dec.o)
    0x0800a150   0x0000009c   Code   RO         1086    .text               c_w.l(_printf_hex_int_ll_ptr.o)
    0x0800a1ec   0x0000018c   Code   RO         1106    .text               c_w.l(__printf_flags_ss_wp.o)
    0x0800a378   0x00000014   Code   RO         1115    .text               c_w.l(strchr.o)
    0x0800a38c   0x00000024   Code   RO         1117    .text               c_w.l(strstr.o)
    0x0800a3b0   0x00000048   Code   RO         1119    .text               c_w.l(strcpy.o)
    0x0800a3f8   0x0000003e   Code   RO         1121    .text               c_w.l(strlen.o)
    0x0800a436   0x00000096   Code   RO         1123    .text               c_w.l(strncmp.o)
    0x0800a4cc   0x0000008a   Code   RO         1125    .text               c_w.l(rt_memcpy_v6.o)
    0x0800a556   0x00000064   Code   RO         1127    .text               c_w.l(rt_memcpy_w.o)
    0x0800a5ba   0x0000004e   Code   RO         1129    .text               c_w.l(rt_memclr_w.o)
    0x0800a608   0x00000056   Code   RO         1131    .text               c_w.l(strncpy.o)
    0x0800a65e   0x00000002   PAD
    0x0800a660   0x00000080   Code   RO         1133    .text               c_w.l(strcmpv7m.o)
    0x0800a6e0   0x00000006   Code   RO         1135    .text               c_w.l(heapauxi.o)
    0x0800a6e6   0x00000002   PAD
    0x0800a6e8   0x00000010   Code   RO         1202    .text               c_w.l(rt_ctype_table.o)
    0x0800a6f8   0x00000016   Code   RO         1204    .text               c_w.l(_rserrno.o)
    0x0800a70e   0x00000024   Code   RO         1206    .text               c_w.l(_printf_truncate.o)
    0x0800a732   0x000000b8   Code   RO         1208    .text               c_w.l(_printf_intcommon.o)
    0x0800a7ea   0x0000002a   Code   RO         1210    .text               c_w.l(_printf_charcount.o)
    0x0800a814   0x00000420   Code   RO         1212    .text               c_w.l(_printf_fp_dec.o)
    0x0800ac34   0x00000030   Code   RO         1214    .text               c_w.l(_printf_char_common.o)
    0x0800ac64   0x0000000a   Code   RO         1216    .text               c_w.l(_sputc.o)
    0x0800ac6e   0x0000002c   Code   RO         1218    .text               c_w.l(_printf_char.o)
    0x0800ac9a   0x00000002   PAD
    0x0800ac9c   0x000000bc   Code   RO         1220    .text               c_w.l(_printf_wctomb.o)
    0x0800ad58   0x00000078   Code   RO         1223    .text               c_w.l(_printf_longlong_dec.o)
    0x0800add0   0x00000078   Code   RO         1229    .text               c_w.l(_printf_oct_int_ll.o)
    0x0800ae48   0x00000044   Code   RO         1249    .text               c_w.l(rt_memclr.o)
    0x0800ae8c   0x00000008   Code   RO         1307    .text               c_w.l(rt_locale_intlibspace.o)
    0x0800ae94   0x00000008   Code   RO         1312    .text               c_w.l(rt_errno_addr_intlibspace.o)
    0x0800ae9c   0x0000008a   Code   RO         1314    .text               c_w.l(lludiv10.o)
    0x0800af26   0x00000002   PAD
    0x0800af28   0x00000304   Code   RO         1316    .text               c_w.l(_printf_fp_hex.o)
    0x0800b22c   0x00000080   Code   RO         1319    .text               c_w.l(_printf_fp_infnan.o)
    0x0800b2ac   0x0000002c   Code   RO         1323    .text               c_w.l(_printf_wchar.o)
    0x0800b2d8   0x000000e4   Code   RO         1325    .text               c_w.l(bigflt0.o)
    0x0800b3bc   0x00000040   Code   RO         1350    .text               c_w.l(_wcrtomb.o)
    0x0800b3fc   0x00000008   Code   RO         1379    .text               c_w.l(libspace.o)
    0x0800b404   0x0000004a   Code   RO         1382    .text               c_w.l(sys_stackheap_outer.o)
    0x0800b44e   0x0000000c   Code   RO         1410    .text               c_w.l(exit.o)
    0x0800b45a   0x00000002   PAD
    0x0800b45c   0x0000000c   Code   RO         1486    .text               c_w.l(sys_exit.o)
    0x0800b468   0x00000002   Code   RO         1497    .text               c_w.l(use_no_semi.o)
    0x0800b46a   0x00000000   Code   RO         1499    .text               c_w.l(indicate_semi.o)
    0x0800b46a   0x0000003e   Code   RO         1328    CL$$btod_d2e        c_w.l(btod.o)
    0x0800b4a8   0x00000046   Code   RO         1330    CL$$btod_d2e_denorm_low  c_w.l(btod.o)
    0x0800b4ee   0x00000060   Code   RO         1329    CL$$btod_d2e_norm_op1  c_w.l(btod.o)
    0x0800b54e   0x00000338   Code   RO         1338    CL$$btod_div_common  c_w.l(btod.o)
    0x0800b886   0x000000c6   Code   RO         1335    CL$$btod_e2e        c_w.l(btod.o)
    0x0800b94c   0x00000028   Code   RO         1332    CL$$btod_ediv       c_w.l(btod.o)
    0x0800b974   0x00000028   Code   RO         1331    CL$$btod_emul       c_w.l(btod.o)
    0x0800b99c   0x00000244   Code   RO         1337    CL$$btod_mult_common  c_w.l(btod.o)
    0x0800bbe0   0x00000030   Code   RO         1185    i.__ARM_fpclassify  m_wm.l(fpclassify.o)
    0x0800bc10   0x00000014   Code   RO         1173    i.__hardfp_fabs     m_wm.l(fabs.o)
    0x0800bc24   0x00000004   PAD
    0x0800bc28   0x00000118   Code   RO         1179    i.__hardfp_floor    m_wm.l(floor.o)
    0x0800bd40   0x00000c90   Code   RO         1187    i.__hardfp_pow      m_wm.l(pow.o)
    0x0800c9d0   0x000000f8   Code   RO         1274    i.__kernel_poly     m_wm.l(poly.o)
    0x0800cac8   0x00000020   Code   RO         1272    i.__mathlib_dbl_underflow  m_wm.l(dunder.o)
    0x0800cae8   0x0000000e   Code   RO         1099    i._is_digit         c_w.l(__printf_wp.o)
    0x0800caf6   0x00000020   Code   RO         1175    i.fabs              m_wm.l(fabs.o)
    0x0800cb16   0x0000006e   Code   RO         1279    i.sqrt              m_wm.l(sqrt.o)
    0x0800cb84   0x0000002c   Code   RO         1362    locale$$code        c_w.l(lc_ctype_c.o)
    0x0800cbb0   0x0000002c   Code   RO         1365    locale$$code        c_w.l(lc_numeric_c.o)
    0x0800cbdc   0x00000018   Code   RO         1251    x$fpl$basic         fz_wm.l(basic.o)
    0x0800cbf4   0x00000062   Code   RO         1139    x$fpl$d2f           fz_wm.l(d2f.o)
    0x0800cc56   0x00000002   PAD
    0x0800cc58   0x00000150   Code   RO         1141    x$fpl$dadd          fz_wm.l(daddsub_clz.o)
    0x0800cda8   0x00000010   Code   RO         1373    x$fpl$dcheck1       fz_wm.l(dcheck1.o)
    0x0800cdb8   0x00000018   Code   RO         1253    x$fpl$dcmpinf       fz_wm.l(dcmpi.o)
    0x0800cdd0   0x000002b0   Code   RO         1148    x$fpl$ddiv          fz_wm.l(ddiv.o)
    0x0800d080   0x00000078   Code   RO         1151    x$fpl$deqf          fz_wm.l(deqf.o)
    0x0800d0f8   0x0000005e   Code   RO         1153    x$fpl$dfix          fz_wm.l(dfix.o)
    0x0800d156   0x0000002e   Code   RO         1158    x$fpl$dflt          fz_wm.l(dflt_clz.o)
    0x0800d184   0x00000078   Code   RO         1163    x$fpl$dleqf         fz_wm.l(dleqf.o)
    0x0800d1fc   0x00000154   Code   RO         1165    x$fpl$dmul          fz_wm.l(dmul.o)
    0x0800d350   0x0000009c   Code   RO         1255    x$fpl$dnaninf       fz_wm.l(dnaninf.o)
    0x0800d3ec   0x0000000c   Code   RO         1257    x$fpl$dretinf       fz_wm.l(dretinf.o)
    0x0800d3f8   0x0000006c   Code   RO         1167    x$fpl$drleqf        fz_wm.l(drleqf.o)
    0x0800d464   0x00000016   Code   RO         1142    x$fpl$drsb          fz_wm.l(daddsub_clz.o)
    0x0800d47a   0x00000002   PAD
    0x0800d47c   0x00000198   Code   RO         1375    x$fpl$dsqrt         fz_wm.l(dsqrt_umaal.o)
    0x0800d614   0x000001d4   Code   RO         1143    x$fpl$dsub          fz_wm.l(daddsub_clz.o)
    0x0800d7e8   0x00000056   Code   RO         1169    x$fpl$f2d           fz_wm.l(f2d.o)
    0x0800d83e   0x0000008c   Code   RO         1259    x$fpl$fnaninf       fz_wm.l(fnaninf.o)
    0x0800d8ca   0x0000000a   Code   RO         1469    x$fpl$fpinit        fz_wm.l(fpinit.o)
    0x0800d8d4   0x0000000a   Code   RO         1261    x$fpl$fretinf       fz_wm.l(fretinf.o)
    0x0800d8de   0x00000004   Code   RO         1171    x$fpl$printf1       fz_wm.l(printf1.o)
    0x0800d8e2   0x00000004   Code   RO         1263    x$fpl$printf2       fz_wm.l(printf2.o)
    0x0800d8e6   0x00000064   Code   RO         1461    x$fpl$retnan        fz_wm.l(retnan.o)
    0x0800d94a   0x0000005c   Code   RO         1269    x$fpl$scalbn        fz_wm.l(scalbn.o)
    0x0800d9a6   0x00000030   Code   RO         1471    x$fpl$trapveneer    fz_wm.l(trapv.o)
    0x0800d9d6   0x00000000   Code   RO         1271    x$fpl$usenofp       fz_wm.l(usenofp.o)
    0x0800d9d6   0x000017c0   Data   RO          308    .constdata          lcd.o
    0x0800f196   0x0000000c   Data   RO          361    .constdata          rtc.o
    0x0800f1a2   0x00000007   Data   RO          718    .constdata          cjson.o
    0x0800f1a9   0x00000003   PAD
    0x0800f1ac   0x00000024   Data   RO          766    .constdata          malloc.o
    0x0800f1d0   0x0000001c   Data   RO          904    .constdata          stm32f4xx_fsmc.o
    0x0800f1ec   0x00000028   Data   RO         1087    .constdata          c_w.l(_printf_hex_int_ll_ptr.o)
    0x0800f214   0x00000011   Data   RO         1107    .constdata          c_w.l(__printf_flags_ss_wp.o)
    0x0800f225   0x00000003   PAD
    0x0800f228   0x00000088   Data   RO         1190    .constdata          m_wm.l(pow.o)
    0x0800f2b0   0x00000008   Data   RO         1221    .constdata          c_w.l(_printf_wctomb.o)
    0x0800f2b8   0x00000008   Data   RO         1276    .constdata          m_wm.l(qnan.o)
    0x0800f2c0   0x00000026   Data   RO         1317    .constdata          c_w.l(_printf_fp_hex.o)
    0x0800f2e6   0x00000002   PAD
    0x0800f2e8   0x00000094   Data   RO         1326    .constdata          c_w.l(bigflt0.o)
    0x0800f37c   0x00000039   Data   RO            5    .conststring        main.o
    0x0800f3b5   0x00000003   PAD
    0x0800f3b8   0x00000020   Data   RO         1545    Region$$Table       anon$$obj.o
    0x0800f3d8   0x00000110   Data   RO         1361    locale$$data        c_w.l(lc_ctype_c.o)
    0x0800f4e8   0x0000001c   Data   RO         1364    locale$$data        c_w.l(lc_numeric_c.o)


    Execution Region RW_IRAM1 (Base: 0x20000000, Size: 0x0001d1a0, Max: 0x00020000, ABSOLUTE)

    Base Addr    Size         Type   Attr      Idx    E Section Name        Object

    0x20000000   0x00000020   Data   RW            6    .data               main.o
    0x20000020   0x00000014   Data   RW          236    .data               system_stm32f4xx.o
    0x20000034   0x00000006   Data   RW          262    .data               key.o
    0x2000003a   0x00000012   Data   RW          309    .data               lcd.o
    0x2000004c   0x0000000c   Data   RW          362    .data               rtc.o
    0x20000058   0x00000002   Data   RW          409    .data               usart3_ble.o
    0x2000005a   0x00000002   PAD
    0x2000005c   0x0000000c   Data   RW          444    .data               mpu6050.o
    0x20000068   0x00000004   Data   RW          471    .data               gsm.o
    0x2000006c   0x00000001   Data   RW          518    .data               rs485.o
    0x2000006d   0x00000003   PAD
    0x20000070   0x0000000c   Data   RW          571    .data               usart1.o
    0x2000007c   0x00000002   Data   RW          652    .data               w25qxx.o
    0x2000007e   0x00000002   PAD
    0x20000080   0x0000000c   Data   RW          719    .data               cjson.o
    0x2000008c   0x00000024   Data   RW          767    .data               malloc.o
    0x200000b0   0x00000008   Data   RW          793    .data               s2j.o
    0x200000b8   0x00000010   Data   RW          862    .data               stm32f4xx_rcc.o
    0x200000c8   0x00000004   Data   RW         1028    .data               common.o
    0x200000cc   0x00000010   Zero   RW            4    .bss                main.o
    0x200000dc   0x00000004   PAD
    0x200000e0   0x0000025c   Zero   RW          408    .bss                usart3_ble.o
    0x2000033c   0x00000087   Zero   RW          443    .bss                mpu6050.o
    0x200003c3   0x00000005   PAD
    0x200003c8   0x00000800   Zero   RW          470    .bss                gsm.o
    0x20000bc8   0x00000080   Zero   RW          517    .bss                rs485.o
    0x20000c48   0x000005dc   Zero   RW          570    .bss                usart1.o
    0x20001224   0x00001000   Zero   RW          651    .bss                w25qxx.o
    0x20002224   0x0000001c   PAD
    0x20002240   0x0001a900   Zero   RW          765    .bss                malloc.o
    0x2001cb40   0x00000060   Zero   RW         1380    .bss                c_w.l(libspace.o)
    0x2001cba0   0x00000200   Zero   RW          227    HEAP                startup_stm32f40_41xxx.o
    0x2001cda0   0x00000400   Zero   RW          226    STACK               startup_stm32f40_41xxx.o



  Load Region LR$$.ARM.__AT_0x10000000 (Base: 0x10000000, Size: 0x00000000, Max: 0x0000f000, ABSOLUTE)

    Execution Region ER$$.ARM.__AT_0x10000000 (Base: 0x10000000, Size: 0x0000f000, Max: 0x0000f000, ABSOLUTE, UNINIT)

    Base Addr    Size         Type   Attr      Idx    E Section Name        Object

    0x10000000   0x0000f000   Zero   RW          761    .ARM.__AT_0x10000000  malloc.o



  Load Region LR$$.ARM.__AT_0x1000F000 (Base: 0x1000f000, Size: 0x00000000, Max: 0x00000f00, ABSOLUTE)

    Execution Region ER$$.ARM.__AT_0x1000F000 (Base: 0x1000f000, Size: 0x00000f00, Max: 0x00000f00, ABSOLUTE, UNINIT)

    Base Addr    Size         Type   Attr      Idx    E Section Name        Object

    0x1000f000   0x00000f00   Zero   RW          762    .ARM.__AT_0x1000F000  malloc.o



  Load Region LR$$.ARM.__AT_0x68000000 (Base: 0x68000000, Size: 0x00000000, Max: 0x000f0000, ABSOLUTE)

    Execution Region ER$$.ARM.__AT_0x68000000 (Base: 0x68000000, Size: 0x000f0000, Max: 0x000f0000, ABSOLUTE, UNINIT)

    Base Addr    Size         Type   Attr      Idx    E Section Name        Object

    0x68000000   0x000f0000   Zero   RW          763    .ARM.__AT_0x68000000  malloc.o



  Load Region LR$$.ARM.__AT_0x680F0000 (Base: 0x680f0000, Size: 0x00000000, Max: 0x0000f000, ABSOLUTE)

    Execution Region ER$$.ARM.__AT_0x680F0000 (Base: 0x680f0000, Size: 0x0000f000, Max: 0x0000f000, ABSOLUTE, UNINIT)

    Base Addr    Size         Type   Attr      Idx    E Section Name        Object

    0x680f0000   0x0000f000   Zero   RW          764    .ARM.__AT_0x680F0000  malloc.o


==============================================================================

Image component sizes


      Code (inc. data)   RO Data    RW Data    ZI Data      Debug   Object Name

       936         22          0          0          0       4203   24c02.o
       224         10          0          0          0       1156   adc.o
        60          4          0          0          0        544   beep.o
      7258        238          7         12          0      26955   cjson.o
       824         40          0          4          0       2844   common.o
      1192        152          0          4       2048       3398   gsm.o
       596          8          0          0          0       2068   inf.o
       264         40          0          6          0       1279   key.o
      4804        174       6080         18          0      12361   lcd.o
        64          4          0          0          0        543   led.o
       688        128         57         32         16     313169   main.o
       552         18         36         36    1218560       5017   malloc.o
       228         22          0          0          0       1905   misc.o
      1640        102          0         12        135       1983   mpu6050.o
       632         82          0          1        128       2791   rs485.o
       756         20         12         12          0       3928   rtc.o
         0          0          0          8          0        230   s2j.o
      2288        110          0          0          0      14005   sensor.o
       308         10          0          0          0       1169   spi.o
        64         26        392          0       1536        848   startup_stm32f40_41xxx.o
      1118         28          0          0          0      10542   stm32f4xx_adc.o
       272         10          0          0          0       2351   stm32f4xx_exti.o
      1500         60         28          0          0       5722   stm32f4xx_fsmc.o
       644         44          0          0          0       4169   stm32f4xx_gpio.o
        26          0          0          0          0       1262   stm32f4xx_it.o
       368         20          0          0          0       3775   stm32f4xx_pwr.o
      1620         52          0         16          0      12996   stm32f4xx_rcc.o
      3364         44          0          0          0      14924   stm32f4xx_rtc.o
      1148         36          0          0          0       6933   stm32f4xx_spi.o
      1108         34          0          0          0       7884   stm32f4xx_usart.o
       504         44          0         20          0       1963   system_stm32f4xx.o
      1276        116          0         12       1500       4401   usart1.o
      2752        498          0          2        604       4554   usart3_ble.o
      1094         22          0          2       4096       4557   w25qxx.o

    ----------------------------------------------------------------------
     40180       2218       6650        204    1228660     486429   Object Totals
         0          0         32          0          0          0   (incl. Generated)
         8          0          6          7         37          0   (incl. Padding)

    ----------------------------------------------------------------------

      Code (inc. data)   RO Data    RW Data    ZI Data      Debug   Library Member Name

        44          6          0          0          0         84   __2sprintf.o
         8          0          0          0          0         68   __main.o
       396          6         17          0          0         92   __printf_flags_ss_wp.o
        14          0          0          0          0         68   __printf_wp.o
        52          8          0          0          0          0   __scatter.o
        26          0          0          0          0          0   __scatter_copy.o
        28          0          0          0          0          0   __scatter_zi.o
         6          0          0          0          0          0   _printf_a.o
         6          0          0          0          0          0   _printf_c.o
        44          0          0          0          0        108   _printf_char.o
        48          6          0          0          0         96   _printf_char_common.o
        42          0          0          0          0         68   _printf_charcount.o
         6          0          0          0          0          0   _printf_d.o
       120         18          0          0          0         92   _printf_dec.o
         6          0          0          0          0          0   _printf_e.o
         6          0          0          0          0          0   _printf_f.o
      1056          0          0          0          0        212   _printf_fp_dec.o
       772         10         38          0          0        100   _printf_fp_hex.o
       128         16          0          0          0         84   _printf_fp_infnan.o
         6          0          0          0          0          0   _printf_g.o
       156          6         40          0          0        160   _printf_hex_int_ll_ptr.o
         6          0          0          0          0          0   _printf_i.o
       184          0          0          0          0         88   _printf_intcommon.o
        10          0          0          0          0          0   _printf_l.o
         6          0          0          0          0          0   _printf_lc.o
        10          0          0          0          0          0   _printf_ll.o
         6          0          0          0          0          0   _printf_lld.o
         6          0          0          0          0          0   _printf_lli.o
         6          0          0          0          0          0   _printf_llo.o
         6          0          0          0          0          0   _printf_llu.o
         6          0          0          0          0          0   _printf_llx.o
       120         16          0          0          0         92   _printf_longlong_dec.o
         6          0          0          0          0          0   _printf_ls.o
         6          0          0          0          0          0   _printf_n.o
         6          0          0          0          0          0   _printf_o.o
       120          8          0          0          0        124   _printf_oct_int_ll.o
         6          0          0          0          0          0   _printf_p.o
        82          0          0          0          0        108   _printf_pad.o
         0          0          0          0          0          0   _printf_percent.o
         4          0          0          0          0          0   _printf_percent_end.o
         6          0          0          0          0          0   _printf_s.o
        82          0          0          0          0         80   _printf_str.o
        36          0          0          0          0         84   _printf_truncate.o
         6          0          0          0          0          0   _printf_u.o
        44          0          0          0          0        108   _printf_wchar.o
       188          6          8          0          0         92   _printf_wctomb.o
         6          0          0          0          0          0   _printf_x.o
        22          0          0          0          0        100   _rserrno.o
        10          0          0          0          0         68   _sputc.o
        64          0          0          0          0         92   _wcrtomb.o
       228          6        148          0          0         96   bigflt0.o
      1910        128          0          0          0        672   btod.o
        12          0          0          0          0         72   exit.o
         6          0          0          0          0        152   heapauxi.o
         0          0          0          0          0          0   indicate_semi.o
        44         10        272          0          0         76   lc_ctype_c.o
        44         10         28          0          0         76   lc_numeric_c.o
         2          0          0          0          0          0   libinit.o
        34          0          0          0          0          0   libinit2.o
         2          0          0          0          0          0   libshutdown.o
         2          0          0          0          0          0   libshutdown2.o
         8          4          0          0         96         68   libspace.o
       138          0          0          0          0         80   lludiv10.o
        16          4          0          0          0         76   rt_ctype_table.o
         8          4          0          0          0         68   rt_errno_addr_intlibspace.o
         8          4          0          0          0         68   rt_locale_intlibspace.o
        68          0          0          0          0         68   rt_memclr.o
        78          0          0          0          0         80   rt_memclr_w.o
       138          0          0          0          0         68   rt_memcpy_v6.o
       100          0          0          0          0         80   rt_memcpy_w.o
         0          0          0          0          0          0   rtentry.o
        12          0          0          0          0          0   rtentry2.o
         6          0          0          0          0          0   rtentry4.o
         2          0          0          0          0          0   rtexit.o
        10          0          0          0          0          0   rtexit2.o
        20          0          0          0          0         68   strchr.o
       128          0          0          0          0         68   strcmpv7m.o
        72          0          0          0          0         80   strcpy.o
        62          0          0          0          0         76   strlen.o
       150          0          0          0          0         80   strncmp.o
        86          0          0          0          0         76   strncpy.o
        36          0          0          0          0         80   strstr.o
        12          4          0          0          0         68   sys_exit.o
        74          0          0          0          0         80   sys_stackheap_outer.o
        26          0          0          0          0         76   tolower.o
         2          0          0          0          0         68   use_no_semi.o
        36          4          0          0          0         76   vsprintf.o
        24          0          0          0          0        164   basic.o
        98          4          0          0          0        140   d2f.o
       826         16          0          0          0        500   daddsub_clz.o
        16          4          0          0          0        116   dcheck1.o
        24          0          0          0          0        116   dcmpi.o
       688        140          0          0          0        260   ddiv.o
       120          4          0          0          0        140   deqf.o
        94          4          0          0          0        140   dfix.o
        46          0          0          0          0        116   dflt_clz.o
       120          4          0          0          0        140   dleqf.o
       340         12          0          0          0        152   dmul.o
       156          4          0          0          0        140   dnaninf.o
        12          0          0          0          0        116   dretinf.o
       108          0          0          0          0        128   drleqf.o
       408         56          0          0          0        168   dsqrt_umaal.o
        86          4          0          0          0        132   f2d.o
       140          4          0          0          0        132   fnaninf.o
        10          0          0          0          0        116   fpinit.o
        10          0          0          0          0        116   fretinf.o
         4          0          0          0          0        116   printf1.o
         4          0          0          0          0        116   printf2.o
       100          0          0          0          0        116   retnan.o
        92          0          0          0          0        116   scalbn.o
        48          0          0          0          0        116   trapv.o
         0          0          0          0          0          0   usenofp.o
        32          8          0          0          0        124   dunder.o
        52          0          0          0          0        248   fabs.o
       280         28          0          0          0        156   floor.o
        48          0          0          0          0        124   fpclassify.o
       248          0          0          0          0        152   poly.o
      3216        310        136          0          0        216   pow.o
         0          0          8          0          0          0   qnan.o
       110          0          0          0          0        148   sqrt.o

    ----------------------------------------------------------------------
     15194        886        700          0         96       9744   Library Totals
        24          0          5          0          0          0   (incl. Padding)

    ----------------------------------------------------------------------

      Code (inc. data)   RO Data    RW Data    ZI Data      Debug   Library Name

      7610        284        551          0         96       4964   c_w.l
      3574        256          0          0          0       3612   fz_wm.l
      3986        346        144          0          0       1168   m_wm.l

    ----------------------------------------------------------------------
     15194        886        700          0         96       9744   Library Totals

    ----------------------------------------------------------------------

==============================================================================


      Code (inc. data)   RO Data    RW Data    ZI Data      Debug   

     55374       3104       7350        204    1228756     482761   Grand Totals
     55374       3104       7350        204    1228756     482761   ELF Image Totals
     55374       3104       7350        204          0          0   ROM Totals

==============================================================================

    Total RO  Size (Code + RO Data)                62724 (  61.25kB)
    Total RW  Size (RW Data + ZI Data)           1228960 (1200.16kB)
    Total ROM Size (Code + RO Data + RW Data)      62928 (  61.45kB)

==============================================================================

