ARM Linker, 5.02 [Build 28] [MDK-ARM Standard]

==============================================================================

Section Cross References

    main.o(.text) refers to lcd.o(.text) for LCD_DisplayString
    main.o(.text) refers to misc.o(.text) for NVIC_PriorityGroupConfig
    main.o(.text) refers to common.o(.text) for delay_init
    main.o(.text) refers to key.o(.text) for KEY_Init
    main.o(.text) refers to led.o(.text) for LED_Init
    main.o(.text) refers to beep.o(.text) for BEEP_Init
    main.o(.text) refers to rtc.o(.text) for RTC_InitConfig
    main.o(.text) refers to usart3_ble.o(.text) for LTE_uart3_init
    main.o(.text) refers to gsm.o(.text) for GSM_Init
    main.o(.text) refers to mpu6050.o(.text) for USART6_Config
    main.o(.text) refers to usart1.o(.text) for uart1_init
    main.o(.text) refers to adc.o(.text) for ADC1_Init
    main.o(.text) refers to inf.o(.text) for ADC2_Init
    main.o(.text) refers to rs485.o(.text) for RS485_Init
    main.o(.text) refers to 24c02.o(.text) for AT24C02_Init
    main.o(.text) refers to w25qxx.o(.text) for W25QXX_Init
    main.o(.text) refers to timer.o(.text) for HC_SR04_tInit
    main.o(.text) refers to f2d.o(x$fpl$f2d) for __aeabi_f2d
    main.o(.text) refers to dmul.o(x$fpl$dmul) for __aeabi_dmul
    main.o(.text) refers to ddiv.o(x$fpl$ddiv) for __aeabi_ddiv
    main.o(.text) refers to d2f.o(x$fpl$d2f) for __aeabi_d2f
    main.o(.text) refers to rtc.o(.data) for RTC_DateStruct
    main.o(.text) refers to main.o(.data) for weekdate
    main.o(.text) refers to usart3_ble.o(.data) for APP_mode
    main.o(.text) refers to key.o(.data) for keyup_data
    main.o(.data) refers to main.o(.conststring) for .conststring
    startup_stm32f40_41xxx.o(STACK) refers (Special) to heapauxi.o(.text) for __use_two_region_memory
    startup_stm32f40_41xxx.o(HEAP) refers (Special) to heapauxi.o(.text) for __use_two_region_memory
    startup_stm32f40_41xxx.o(RESET) refers (Special) to heapauxi.o(.text) for __use_two_region_memory
    startup_stm32f40_41xxx.o(RESET) refers to startup_stm32f40_41xxx.o(STACK) for __initial_sp
    startup_stm32f40_41xxx.o(RESET) refers to startup_stm32f40_41xxx.o(.text) for Reset_Handler
    startup_stm32f40_41xxx.o(RESET) refers to stm32f4xx_it.o(.text) for NMI_Handler
    startup_stm32f40_41xxx.o(RESET) refers to rtc.o(.text) for RTC_WKUP_IRQHandler
    startup_stm32f40_41xxx.o(RESET) refers to timer.o(.text) for TIM2_IRQHandler
    startup_stm32f40_41xxx.o(RESET) refers to usart1.o(.text) for USART1_IRQHandler
    startup_stm32f40_41xxx.o(RESET) refers to rs485.o(.text) for USART2_IRQHandler
    startup_stm32f40_41xxx.o(RESET) refers to usart3_ble.o(.text) for USART3_IRQHandler
    startup_stm32f40_41xxx.o(RESET) refers to gsm.o(.text) for UART4_IRQHandler
    startup_stm32f40_41xxx.o(RESET) refers to mpu6050.o(.text) for USART6_IRQHandler
    startup_stm32f40_41xxx.o(.text) refers (Special) to heapauxi.o(.text) for __use_two_region_memory
    startup_stm32f40_41xxx.o(.text) refers to system_stm32f4xx.o(.text) for SystemInit
    startup_stm32f40_41xxx.o(.text) refers to __main.o(!!!main) for __main
    startup_stm32f40_41xxx.o(.text) refers to startup_stm32f40_41xxx.o(HEAP) for Heap_Mem
    startup_stm32f40_41xxx.o(.text) refers to startup_stm32f40_41xxx.o(STACK) for Stack_Mem
    system_stm32f4xx.o(.text) refers to system_stm32f4xx.o(.data) for SystemCoreClock
    key.o(.text) refers to stm32f4xx_rcc.o(.text) for RCC_AHB1PeriphClockCmd
    key.o(.text) refers to stm32f4xx_gpio.o(.text) for GPIO_Init
    key.o(.text) refers to key.o(.data) for keyup_data
    led.o(.text) refers to stm32f4xx_rcc.o(.text) for RCC_AHB1PeriphClockCmd
    led.o(.text) refers to stm32f4xx_gpio.o(.text) for GPIO_Init
    lcd.o(.text) refers to common.o(.text) for delay_us
    lcd.o(.text) refers to lcd.o(.data) for write_gramcmd
    lcd.o(.text) refers to stm32f4xx_rcc.o(.text) for RCC_AHB1PeriphClockCmd
    lcd.o(.text) refers to stm32f4xx_gpio.o(.text) for GPIO_Init
    lcd.o(.text) refers to stm32f4xx_fsmc.o(.text) for FSMC_NORSRAMInit
    lcd.o(.text) refers to lcd.o(.constdata) for char_1206
    beep.o(.text) refers to stm32f4xx_rcc.o(.text) for RCC_AHB1PeriphClockCmd
    beep.o(.text) refers to stm32f4xx_gpio.o(.text) for GPIO_Init
    rtc.o(.text) refers to stm32f4xx_rtc.o(.text) for RTC_SetDate
    rtc.o(.text) refers to stm32f4xx_rcc.o(.text) for RCC_LSEConfig
    rtc.o(.text) refers to common.o(.text) for delay_ms
    rtc.o(.text) refers to stm32f4xx_exti.o(.text) for EXTI_ClearITPendingBit
    rtc.o(.text) refers to misc.o(.text) for NVIC_Init
    rtc.o(.text) refers to stm32f4xx_pwr.o(.text) for PWR_BackupAccessCmd
    rtc.o(.text) refers to rtc.o(.constdata) for month_amendBuf
    rtc.o(.text) refers to rtc.o(.data) for RTC_DateStruct
    ds18b20.o(.text) refers to common.o(.text) for delay_us
    ds18b20.o(.text) refers to stm32f4xx_rcc.o(.text) for RCC_AHB1PeriphClockCmd
[...]
    RCC_PLLCmd                               0x08007767   Thumb Code     6  stm32f4xx_rcc.o(.text)
    RCC_PLLI2SConfig                         0x0800776d   Thumb Code    14  stm32f4xx_rcc.o(.text)
    RCC_PLLI2SCmd                            0x0800777b   Thumb Code     6  stm32f4xx_rcc.o(.text)
    RCC_PLLSAIConfig                         0x08007781   Thumb Code    20  stm32f4xx_rcc.o(.text)
    RCC_PLLSAICmd                            0x08007795   Thumb Code     6  stm32f4xx_rcc.o(.text)
    RCC_ClockSecuritySystemCmd               0x0800779b   Thumb Code     6  stm32f4xx_rcc.o(.text)
    RCC_MCO1Config                           0x080077a1   Thumb Code    28  stm32f4xx_rcc.o(.text)
    RCC_MCO2Config                           0x080077bd   Thumb Code    28  stm32f4xx_rcc.o(.text)
    RCC_SYSCLKConfig                         0x080077d9   Thumb Code    20  stm32f4xx_rcc.o(.text)
    RCC_GetSYSCLKSource                      0x080077ed   Thumb Code    12  stm32f4xx_rcc.o(.text)
    RCC_HCLKConfig                           0x080077f9   Thumb Code    20  stm32f4xx_rcc.o(.text)
    RCC_PCLK1Config                          0x0800780d   Thumb Code    20  stm32f4xx_rcc.o(.text)
    RCC_PCLK2Config                          0x08007821   Thumb Code    22  stm32f4xx_rcc.o(.text)
    RCC_GetClocksFreq                        0x08007837   Thumb Code   222  stm32f4xx_rcc.o(.text)
    RCC_RTCCLKConfig                         0x08007915   Thumb Code    54  stm32f4xx_rcc.o(.text)
    RCC_RTCCLKCmd                            0x0800794b   Thumb Code     8  stm32f4xx_rcc.o(.text)
    RCC_BackupResetCmd                       0x08007953   Thumb Code     8  stm32f4xx_rcc.o(.text)
    RCC_I2SCLKConfig                         0x0800795b   Thumb Code     6  stm32f4xx_rcc.o(.text)
    RCC_SAIPLLI2SClkDivConfig                0x08007961   Thumb Code    26  stm32f4xx_rcc.o(.text)
    RCC_SAIPLLSAIClkDivConfig                0x0800797b   Thumb Code    28  stm32f4xx_rcc.o(.text)
    RCC_SAIBlockACLKConfig                   0x08007997   Thumb Code    20  stm32f4xx_rcc.o(.text)
    RCC_SAIBlockBCLKConfig                   0x080079ab   Thumb Code    20  stm32f4xx_rcc.o(.text)
    RCC_LTDCCLKDivConfig                     0x080079bf   Thumb Code    20  stm32f4xx_rcc.o(.text)
    RCC_TIMCLKPresConfig                     0x080079d3   Thumb Code     6  stm32f4xx_rcc.o(.text)
    RCC_AHB1PeriphClockCmd                   0x080079d9   Thumb Code    34  stm32f4xx_rcc.o(.text)
    RCC_AHB2PeriphClockCmd                   0x080079fb   Thumb Code    78  stm32f4xx_rcc.o(.text)
    RCC_AHB3PeriphClockCmd                   0x08007a49   Thumb Code    34  stm32f4xx_rcc.o(.text)
    RCC_APB1PeriphClockCmd                   0x08007a6b   Thumb Code    34  stm32f4xx_rcc.o(.text)
    RCC_APB2PeriphClockCmd                   0x08007a8d   Thumb Code    34  stm32f4xx_rcc.o(.text)
    RCC_AHB1PeriphResetCmd                   0x08007aaf   Thumb Code    34  stm32f4xx_rcc.o(.text)
    RCC_AHB2PeriphResetCmd                   0x08007ad1   Thumb Code    34  stm32f4xx_rcc.o(.text)
    RCC_AHB3PeriphResetCmd                   0x08007af3   Thumb Code    34  stm32f4xx_rcc.o(.text)
    RCC_APB1PeriphResetCmd                   0x08007b15   Thumb Code    34  stm32f4xx_rcc.o(.text)
    RCC_APB2PeriphResetCmd                   0x08007b37   Thumb Code    34  stm32f4xx_rcc.o(.text)
    RCC_AHB1PeriphClockLPModeCmd             0x08007b59   Thumb Code    34  stm32f4xx_rcc.o(.text)
    RCC_AHB2PeriphClockLPModeCmd             0x08007b7b   Thumb Code    34  stm32f4xx_rcc.o(.text)
    RCC_AHB3PeriphClockLPModeCmd             0x08007b9d   Thumb Code    34  stm32f4xx_rcc.o(.text)
    RCC_APB1PeriphClockLPModeCmd             0x08007bbf   Thumb Code    34  stm32f4xx_rcc.o(.text)
    RCC_APB2PeriphClockLPModeCmd             0x08007be1   Thumb Code    34  stm32f4xx_rcc.o(.text)
    RCC_LSEModeConfig                        0x08007c03   Thumb Code    40  stm32f4xx_rcc.o(.text)
    RCC_ITConfig                             0x08007c2b   Thumb Code    34  stm32f4xx_rcc.o(.text)
    RCC_ClearFlag                            0x08007c4d   Thumb Code    18  stm32f4xx_rcc.o(.text)
    RCC_GetITStatus                          0x08007c5f   Thumb Code    22  stm32f4xx_rcc.o(.text)
    RCC_ClearITPendingBit                    0x08007c75   Thumb Code     8  stm32f4xx_rcc.o(.text)
    USART_DeInit                             0x08007c81   Thumb Code   206  stm32f4xx_usart.o(.text)
    USART_Init                               0x08007d4f   Thumb Code   204  stm32f4xx_usart.o(.text)
    USART_StructInit                         0x08007e1b   Thumb Code    24  stm32f4xx_usart.o(.text)
    USART_ClockInit                          0x08007e33   Thumb Code    32  stm32f4xx_usart.o(.text)
    USART_ClockStructInit                    0x08007e53   Thumb Code    12  stm32f4xx_usart.o(.text)
    USART_Cmd                                0x08007e5f   Thumb Code    24  stm32f4xx_usart.o(.text)
    USART_SetPrescaler                       0x08007e77   Thumb Code    16  stm32f4xx_usart.o(.text)
    USART_OverSampling8Cmd                   0x08007e87   Thumb Code    22  stm32f4xx_usart.o(.text)
    USART_OneBitMethodCmd                    0x08007e9d   Thumb Code    24  stm32f4xx_usart.o(.text)
    USART_SendData                           0x08007eb5   Thumb Code     8  stm32f4xx_usart.o(.text)
    USART_ReceiveData                        0x08007ebd   Thumb Code    10  stm32f4xx_usart.o(.text)
    USART_SetAddress                         0x08007ec7   Thumb Code    18  stm32f4xx_usart.o(.text)
    USART_ReceiverWakeUpCmd                  0x08007ed9   Thumb Code    24  stm32f4xx_usart.o(.text)
    USART_WakeUpConfig                       0x08007ef1   Thumb Code    18  stm32f4xx_usart.o(.text)
    USART_LINBreakDetectLengthConfig         0x08007f03   Thumb Code    18  stm32f4xx_usart.o(.text)
    USART_LINCmd                             0x08007f15   Thumb Code    24  stm32f4xx_usart.o(.text)
    USART_SendBreak                          0x08007f2d   Thumb Code    10  stm32f4xx_usart.o(.text)
    USART_HalfDuplexCmd                      0x08007f37   Thumb Code    24  stm32f4xx_usart.o(.text)
    USART_SetGuardTime                       0x08007f4f   Thumb Code    16  stm32f4xx_usart.o(.text)
    USART_SmartCardCmd                       0x08007f5f   Thumb Code    24  stm32f4xx_usart.o(.text)
    USART_SmartCardNACKCmd                   0x08007f77   Thumb Code    24  stm32f4xx_usart.o(.text)
    USART_IrDAConfig                         0x08007f8f   Thumb Code    18  stm32f4xx_usart.o(.text)
    USART_IrDACmd                            0x08007fa1   Thumb Code    24  stm32f4xx_usart.o(.text)
    USART_DMACmd                             0x08007fb9   Thumb Code    18  stm32f4xx_usart.o(.text)
    USART_ITConfig                           0x08007fcb   Thumb Code    74  stm32f4xx_usart.o(.text)
    USART_GetFlagStatus                      0x08008015   Thumb Code    26  stm32f4xx_usart.o(.text)
    USART_ClearFlag                          0x0800802f   Thumb Code    18  stm32f4xx_usart.o(.text)
    USART_GetITStatus                        0x08008041   Thumb Code   118  stm32f4xx_usart.o(.text)
    USART_ClearITPendingBit                  0x080080b7   Thumb Code    30  stm32f4xx_usart.o(.text)
    FSMC_NORSRAMDeInit                       0x080080d5   Thumb Code    56  stm32f4xx_fsmc.o(.text)
    FSMC_NORSRAMInit                         0x0800810d   Thumb Code   224  stm32f4xx_fsmc.o(.text)
    FSMC_NORSRAMStructInit                   0x080081ed   Thumb Code    48  stm32f4xx_fsmc.o(.text)
    FSMC_NORSRAMCmd                          0x0800821d   Thumb Code    46  stm32f4xx_fsmc.o(.text)
    FSMC_NANDDeInit                          0x0800824b   Thumb Code    62  stm32f4xx_fsmc.o(.text)
    FSMC_NANDInit                            0x08008289   Thumb Code   130  stm32f4xx_fsmc.o(.text)
    FSMC_NANDStructInit                      0x0800830b   Thumb Code    54  stm32f4xx_fsmc.o(.text)
    FSMC_NANDCmd                             0x08008341   Thumb Code    86  stm32f4xx_fsmc.o(.text)
    FSMC_NANDECCCmd                          0x08008397   Thumb Code    86  stm32f4xx_fsmc.o(.text)
    FSMC_GetECC                              0x080083ed   Thumb Code    22  stm32f4xx_fsmc.o(.text)
    FSMC_PCCARDDeInit                        0x08008403   Thumb Code    40  stm32f4xx_fsmc.o(.text)
    FSMC_PCCARDInit                          0x0800842b   Thumb Code   124  stm32f4xx_fsmc.o(.text)
    FSMC_PCCARDStructInit                    0x080084a7   Thumb Code    60  stm32f4xx_fsmc.o(.text)
    FSMC_PCCARDCmd                           0x080084e3   Thumb Code    40  stm32f4xx_fsmc.o(.text)
    FSMC_ITConfig                            0x0800850b   Thumb Code   128  stm32f4xx_fsmc.o(.text)
    FSMC_GetFlagStatus                       0x0800858b   Thumb Code    48  stm32f4xx_fsmc.o(.text)
    FSMC_ClearFlag                           0x080085bb   Thumb Code   114  stm32f4xx_fsmc.o(.text)
    FSMC_GetITStatus                         0x0800862d   Thumb Code    60  stm32f4xx_fsmc.o(.text)
    FSMC_ClearITPendingBit                   0x08008669   Thumb Code    64  stm32f4xx_fsmc.o(.text)
    RTC_WaitForSynchro                       0x080086b1   Thumb Code    84  stm32f4xx_rtc.o(.text)
    RTC_EnterInitMode                        0x08008705   Thumb Code    76  stm32f4xx_rtc.o(.text)
    RTC_DeInit                               0x08008751   Thumb Code   196  stm32f4xx_rtc.o(.text)
    RTC_ExitInitMode                         0x08008815   Thumb Code    18  stm32f4xx_rtc.o(.text)
    RTC_Init                                 0x08008827   Thumb Code    94  stm32f4xx_rtc.o(.text)
    RTC_StructInit                           0x08008885   Thumb Code    14  stm32f4xx_rtc.o(.text)
    RTC_WriteProtectionCmd                   0x08008893   Thumb Code    22  stm32f4xx_rtc.o(.text)
    RTC_RefClockCmd                          0x080088a9   Thumb Code    76  stm32f4xx_rtc.o(.text)
    RTC_BypassShadowCmd                      0x080088f5   Thumb Code    54  stm32f4xx_rtc.o(.text)
    RTC_SetTime                              0x0800895d   Thumb Code   200  stm32f4xx_rtc.o(.text)
    RTC_TimeStructInit                       0x08008a25   Thumb Code    12  stm32f4xx_rtc.o(.text)
    RTC_GetTime                              0x08008a31   Thumb Code    74  stm32f4xx_rtc.o(.text)
    RTC_GetSubSecond                         0x08008a7b   Thumb Code    16  stm32f4xx_rtc.o(.text)
    RTC_SetDate                              0x08008a8b   Thumb Code   202  stm32f4xx_rtc.o(.text)
    RTC_DateStructInit                       0x08008b55   Thumb Code    14  stm32f4xx_rtc.o(.text)
    RTC_GetDate                              0x08008b63   Thumb Code    70  stm32f4xx_rtc.o(.text)
    RTC_SetAlarm                             0x08008ba9   Thumb Code   230  stm32f4xx_rtc.o(.text)
    RTC_AlarmStructInit                      0x08008c8f   Thumb Code    22  stm32f4xx_rtc.o(.text)
    RTC_GetAlarm                             0x08008ca5   Thumb Code   114  stm32f4xx_rtc.o(.text)
    RTC_AlarmCmd                             0x08008d17   Thumb Code   104  stm32f4xx_rtc.o(.text)
    RTC_AlarmSubSecondConfig                 0x08008d7f   Thumb Code    46  stm32f4xx_rtc.o(.text)
    RTC_GetAlarmSubSecond                    0x08008dad   Thumb Code    34  stm32f4xx_rtc.o(.text)
    RTC_WakeUpClockConfig                    0x08008dcf   Thumb Code    42  stm32f4xx_rtc.o(.text)
    RTC_SetWakeUpCounter                     0x08008df9   Thumb Code    22  stm32f4xx_rtc.o(.text)
    RTC_GetWakeUpCounter                     0x08008e0f   Thumb Code    10  stm32f4xx_rtc.o(.text)
    RTC_WakeUpCmd                            0x08008e19   Thumb Code   108  stm32f4xx_rtc.o(.text)
    RTC_DayLightSavingConfig                 0x08008e85   Thumb Code    50  stm32f4xx_rtc.o(.text)
    RTC_GetStoreOperation                    0x08008eb7   Thumb Code    12  stm32f4xx_rtc.o(.text)
    RTC_OutputConfig                         0x08008ec3   Thumb Code    58  stm32f4xx_rtc.o(.text)
    RTC_CoarseCalibConfig                    0x08008efd   Thumb Code    52  stm32f4xx_rtc.o(.text)
    RTC_CoarseCalibCmd                       0x08008f31   Thumb Code    76  stm32f4xx_rtc.o(.text)
    RTC_CalibOutputCmd                       0x08008f7d   Thumb Code    54  stm32f4xx_rtc.o(.text)
    RTC_CalibOutputConfig                    0x08008fb3   Thumb Code    42  stm32f4xx_rtc.o(.text)
    RTC_SmoothCalibConfig                    0x08008fdd   Thumb Code    90  stm32f4xx_rtc.o(.text)
    RTC_TimeStampCmd                         0x08009037   Thumb Code    54  stm32f4xx_rtc.o(.text)
    RTC_GetTimeStamp                         0x0800906d   Thumb Code   144  stm32f4xx_rtc.o(.text)
    RTC_GetTimeStampSubSecond                0x080090fd   Thumb Code     8  stm32f4xx_rtc.o(.text)
    RTC_TamperTriggerConfig                  0x08009105   Thumb Code    38  stm32f4xx_rtc.o(.text)
    RTC_TamperCmd                            0x0800912b   Thumb Code    34  stm32f4xx_rtc.o(.text)
    RTC_TamperFilterConfig                   0x0800914d   Thumb Code    26  stm32f4xx_rtc.o(.text)
    RTC_TamperSamplingFreqConfig             0x08009167   Thumb Code    26  stm32f4xx_rtc.o(.text)
    RTC_TamperPinsPrechargeDuration          0x08009181   Thumb Code    26  stm32f4xx_rtc.o(.text)
    RTC_TimeStampOnTamperDetectionCmd        0x0800919b   Thumb Code    38  stm32f4xx_rtc.o(.text)
    RTC_TamperPullUpCmd                      0x080091c1   Thumb Code    38  stm32f4xx_rtc.o(.text)
    RTC_WriteBackupRegister                  0x080091e7   Thumb Code    14  stm32f4xx_rtc.o(.text)
    RTC_ReadBackupRegister                   0x080091f5   Thumb Code    16  stm32f4xx_rtc.o(.text)
    RTC_TamperPinSelection                   0x08009205   Thumb Code    26  stm32f4xx_rtc.o(.text)
    RTC_TimeStampPinSelection                0x0800921f   Thumb Code    26  stm32f4xx_rtc.o(.text)
    RTC_OutputTypeConfig                     0x08009239   Thumb Code    26  stm32f4xx_rtc.o(.text)
    RTC_SynchroShiftConfig                   0x08009253   Thumb Code   118  stm32f4xx_rtc.o(.text)
    RTC_ITConfig                             0x080092c9   Thumb Code   106  stm32f4xx_rtc.o(.text)
    RTC_GetFlagStatus                        0x08009333   Thumb Code    32  stm32f4xx_rtc.o(.text)
    RTC_ClearFlag                            0x08009353   Thumb Code    28  stm32f4xx_rtc.o(.text)
    RTC_GetITStatus                          0x0800936f   Thumb Code    60  stm32f4xx_rtc.o(.text)
    RTC_ClearITPendingBit                    0x080093ab   Thumb Code    32  stm32f4xx_rtc.o(.text)
    PWR_DeInit                               0x080093d5   Thumb Code    22  stm32f4xx_pwr.o(.text)
    PWR_BackupAccessCmd                      0x080093eb   Thumb Code     6  stm32f4xx_pwr.o(.text)
    PWR_PVDLevelConfig                       0x080093f1   Thumb Code    18  stm32f4xx_pwr.o(.text)
    PWR_PVDCmd                               0x08009403   Thumb Code     6  stm32f4xx_pwr.o(.text)
    PWR_WakeUpPinCmd                         0x08009409   Thumb Code     6  stm32f4xx_pwr.o(.text)
    PWR_BackupRegulatorCmd                   0x0800940f   Thumb Code     6  stm32f4xx_pwr.o(.text)
    PWR_MainRegulatorModeConfig              0x08009415   Thumb Code    18  stm32f4xx_pwr.o(.text)
    PWR_OverDriveCmd                         0x08009427   Thumb Code     6  stm32f4xx_pwr.o(.text)
    PWR_OverDriveSWCmd                       0x0800942d   Thumb Code     6  stm32f4xx_pwr.o(.text)
    PWR_UnderDriveCmd                        0x08009433   Thumb Code    30  stm32f4xx_pwr.o(.text)
    PWR_MainRegulatorLowVoltageCmd           0x08009451   Thumb Code    18  stm32f4xx_pwr.o(.text)
    PWR_LowRegulatorLowVoltageCmd            0x08009463   Thumb Code    18  stm32f4xx_pwr.o(.text)
    PWR_FlashPowerDownCmd                    0x08009475   Thumb Code     6  stm32f4xx_pwr.o(.text)
    PWR_EnterSTOPMode                        0x0800947b   Thumb Code    58  stm32f4xx_pwr.o(.text)
    PWR_EnterUnderDriveSTOPMode              0x080094b5   Thumb Code    58  stm32f4xx_pwr.o(.text)
    PWR_EnterSTANDBYMode                     0x080094ef   Thumb Code    32  stm32f4xx_pwr.o(.text)
    PWR_GetFlagStatus                        0x0800950f   Thumb Code    20  stm32f4xx_pwr.o(.text)
    PWR_ClearFlag                            0x08009523   Thumb Code    14  stm32f4xx_pwr.o(.text)
    EXTI_DeInit                              0x08009545   Thumb Code    28  stm32f4xx_exti.o(.text)
    EXTI_Init                                0x08009561   Thumb Code   142  stm32f4xx_exti.o(.text)
    EXTI_StructInit                          0x080095ef   Thumb Code    16  stm32f4xx_exti.o(.text)
    EXTI_GenerateSWInterrupt                 0x080095ff   Thumb Code    16  stm32f4xx_exti.o(.text)
    EXTI_GetFlagStatus                       0x0800960f   Thumb Code    22  stm32f4xx_exti.o(.text)
    EXTI_ClearFlag                           0x08009625   Thumb Code     8  stm32f4xx_exti.o(.text)
    EXTI_GetITStatus                         0x0800962d   Thumb Code    22  stm32f4xx_exti.o(.text)
    EXTI_ClearITPendingBit                   0x08009643   Thumb Code     8  stm32f4xx_exti.o(.text)
    ADC_DeInit                               0x08009655   Thumb Code    22  stm32f4xx_adc.o(.text)
    ADC_Init                                 0x0800966b   Thumb Code    74  stm32f4xx_adc.o(.text)
    ADC_StructInit                           0x080096b5   Thumb Code    20  stm32f4xx_adc.o(.text)
    ADC_CommonInit                           0x080096c9   Thumb Code    44  stm32f4xx_adc.o(.text)
    ADC_CommonStructInit                     0x080096f5   Thumb Code    12  stm32f4xx_adc.o(.text)
    ADC_Cmd                                  0x08009701   Thumb Code    22  stm32f4xx_adc.o(.text)
    ADC_AnalogWatchdogCmd                    0x08009717   Thumb Code    16  stm32f4xx_adc.o(.text)
    ADC_AnalogWatchdogThresholdsConfig       0x08009727   Thumb Code     6  stm32f4xx_adc.o(.text)
    ADC_AnalogWatchdogSingleChannelConfig    0x0800972d   Thumb Code    16  stm32f4xx_adc.o(.text)
    ADC_TempSensorVrefintCmd                 0x0800973d   Thumb Code    34  stm32f4xx_adc.o(.text)
    ADC_VBATCmd                              0x0800975f   Thumb Code    34  stm32f4xx_adc.o(.text)
    ADC_RegularChannelConfig                 0x08009781   Thumb Code   184  stm32f4xx_adc.o(.text)
    ADC_SoftwareStartConv                    0x08009839   Thumb Code    10  stm32f4xx_adc.o(.text)
    ADC_GetSoftwareStartConvStatus           0x08009843   Thumb Code    20  stm32f4xx_adc.o(.text)
    ADC_EOCOnEachRegularChannelCmd           0x08009857   Thumb Code    22  stm32f4xx_adc.o(.text)
    ADC_ContinuousModeCmd                    0x0800986d   Thumb Code    22  stm32f4xx_adc.o(.text)
    ADC_DiscModeChannelCountConfig           0x08009883   Thumb Code    24  stm32f4xx_adc.o(.text)
    ADC_DiscModeCmd                          0x0800989b   Thumb Code    22  stm32f4xx_adc.o(.text)
    ADC_GetConversionValue                   0x080098b1   Thumb Code     8  stm32f4xx_adc.o(.text)
    ADC_GetMultiModeConversionValue          0x080098b9   Thumb Code     6  stm32f4xx_adc.o(.text)
    ADC_DMACmd                               0x080098bf   Thumb Code    22  stm32f4xx_adc.o(.text)
    ADC_DMARequestAfterLastTransferCmd       0x080098d5   Thumb Code    22  stm32f4xx_adc.o(.text)
    ADC_MultiModeDMARequestAfterLastTransferCmd 0x080098eb   Thumb Code    34  stm32f4xx_adc.o(.text)
    ADC_InjectedChannelConfig                0x0800990d   Thumb Code   130  stm32f4xx_adc.o(.text)
    ADC_InjectedSequencerLengthConfig        0x0800998f   Thumb Code    24  stm32f4xx_adc.o(.text)
    ADC_SetInjectedOffset                    0x080099a7   Thumb Code    12  stm32f4xx_adc.o(.text)
    ADC_ExternalTrigInjectedConvConfig       0x080099b3   Thumb Code    16  stm32f4xx_adc.o(.text)
    ADC_ExternalTrigInjectedConvEdgeConfig   0x080099c3   Thumb Code    16  stm32f4xx_adc.o(.text)
    ADC_SoftwareStartInjectedConv            0x080099d3   Thumb Code    10  stm32f4xx_adc.o(.text)
    ADC_GetSoftwareStartInjectedConvCmdStatus 0x080099dd   Thumb Code    20  stm32f4xx_adc.o(.text)
    ADC_AutoInjectedConvCmd                  0x080099f1   Thumb Code    22  stm32f4xx_adc.o(.text)
    ADC_InjectedDiscModeCmd                  0x08009a07   Thumb Code    22  stm32f4xx_adc.o(.text)
    ADC_GetInjectedConversionValue           0x08009a1d   Thumb Code    18  stm32f4xx_adc.o(.text)
    ADC_ITConfig                             0x08009a2f   Thumb Code    32  stm32f4xx_adc.o(.text)
    ADC_GetFlagStatus                        0x08009a4f   Thumb Code    46  stm32f4xx_adc.o(.text)
    ADC_ClearFlag                            0x08009a7d   Thumb Code     6  stm32f4xx_adc.o(.text)
    ADC_GetITStatus                          0x08009a83   Thumb Code    38  stm32f4xx_adc.o(.text)
    ADC_ClearITPendingBit                    0x08009aa9   Thumb Code    10  stm32f4xx_adc.o(.text)
    SPI_I2S_DeInit                           0x08009ab5   Thumb Code   152  stm32f4xx_spi.o(.text)
    SPI_Init                                 0x08009b4d   Thumb Code    60  stm32f4xx_spi.o(.text)
    I2S_Init                                 0x08009b89   Thumb Code   392  stm32f4xx_spi.o(.text)
    SPI_StructInit                           0x08009d11   Thumb Code    24  stm32f4xx_spi.o(.text)
    I2S_StructInit                           0x08009d29   Thumb Code    20  stm32f4xx_spi.o(.text)
    SPI_Cmd                                  0x08009d3d   Thumb Code    24  stm32f4xx_spi.o(.text)
    I2S_Cmd                                  0x08009d55   Thumb Code    24  stm32f4xx_spi.o(.text)
    SPI_DataSizeConfig                       0x08009d6d   Thumb Code    18  stm32f4xx_spi.o(.text)
    SPI_BiDirectionalLineConfig              0x08009d7f   Thumb Code    28  stm32f4xx_spi.o(.text)
    SPI_NSSInternalSoftwareConfig            0x08009d9b   Thumb Code    30  stm32f4xx_spi.o(.text)
    SPI_SSOutputCmd                          0x08009db9   Thumb Code    24  stm32f4xx_spi.o(.text)
    SPI_TIModeCmd                            0x08009dd1   Thumb Code    24  stm32f4xx_spi.o(.text)
    I2S_FullDuplexConfig                     0x08009de9   Thumb Code    80  stm32f4xx_spi.o(.text)
    SPI_I2S_ReceiveData                      0x08009e39   Thumb Code     6  stm32f4xx_spi.o(.text)
    SPI_I2S_SendData                         0x08009e3f   Thumb Code     4  stm32f4xx_spi.o(.text)
    SPI_CalculateCRC                         0x08009e43   Thumb Code    24  stm32f4xx_spi.o(.text)
    SPI_TransmitCRC                          0x08009e5b   Thumb Code    10  stm32f4xx_spi.o(.text)
    SPI_GetCRC                               0x08009e65   Thumb Code    16  stm32f4xx_spi.o(.text)
    SPI_GetCRCPolynomial                     0x08009e75   Thumb Code     6  stm32f4xx_spi.o(.text)
    SPI_I2S_DMACmd                           0x08009e7b   Thumb Code    18  stm32f4xx_spi.o(.text)
    SPI_I2S_ITConfig                         0x08009e8d   Thumb Code    68  stm32f4xx_spi.o(.text)
    SPI_I2S_GetFlagStatus                    0x08009ed1   Thumb Code    18  stm32f4xx_spi.o(.text)
    SPI_I2S_ClearFlag                        0x08009ee3   Thumb Code     6  stm32f4xx_spi.o(.text)
    SPI_I2S_GetITStatus                      0x08009ee9   Thumb Code    52  stm32f4xx_spi.o(.text)
    SPI_I2S_ClearITPendingBit                0x08009f1d   Thumb Code    20  stm32f4xx_spi.o(.text)
    TIM_DeInit                               0x08009f31   Thumb Code   346  stm32f4xx_tim.o(.text)
    TIM_TimeBaseInit                         0x0800a08b   Thumb Code   104  stm32f4xx_tim.o(.text)
    TIM_TimeBaseStructInit                   0x0800a0f3   Thumb Code    18  stm32f4xx_tim.o(.text)
    TIM_PrescalerConfig                      0x0800a105   Thumb Code     6  stm32f4xx_tim.o(.text)
    TIM_CounterModeConfig                    0x0800a10b   Thumb Code    18  stm32f4xx_tim.o(.text)
    TIM_SetCounter                           0x0800a11d   Thumb Code     4  stm32f4xx_tim.o(.text)
    TIM_SetAutoreload                        0x0800a121   Thumb Code     4  stm32f4xx_tim.o(.text)
    TIM_GetCounter                           0x0800a125   Thumb Code     6  stm32f4xx_tim.o(.text)
    TIM_GetPrescaler                         0x0800a12b   Thumb Code     6  stm32f4xx_tim.o(.text)
    TIM_UpdateDisableConfig                  0x0800a131   Thumb Code    24  stm32f4xx_tim.o(.text)
    TIM_UpdateRequestConfig                  0x0800a149   Thumb Code    24  stm32f4xx_tim.o(.text)
    TIM_ARRPreloadConfig                     0x0800a161   Thumb Code    24  stm32f4xx_tim.o(.text)
    TIM_SelectOnePulseMode                   0x0800a179   Thumb Code    18  stm32f4xx_tim.o(.text)
    TIM_SetClockDivision                     0x0800a18b   Thumb Code    18  stm32f4xx_tim.o(.text)
    TIM_Cmd                                  0x0800a19d   Thumb Code    24  stm32f4xx_tim.o(.text)
    TIM_OC1Init                              0x0800a1b5   Thumb Code   114  stm32f4xx_tim.o(.text)
    TIM_OC2Init                              0x0800a227   Thumb Code   154  stm32f4xx_tim.o(.text)
    TIM_OC3Init                              0x0800a2c1   Thumb Code   204  stm32f4xx_tim.o(.text)
    TIM_OC4Init                              0x0800a38d   Thumb Code   112  stm32f4xx_tim.o(.text)
    TIM_OCStructInit                         0x0800a3fd   Thumb Code    20  stm32f4xx_tim.o(.text)
    TIM_SelectOCxM                           0x0800a411   Thumb Code    86  stm32f4xx_tim.o(.text)
    TIM_SetCompare1                          0x0800a467   Thumb Code     4  stm32f4xx_tim.o(.text)
    TIM_SetCompare2                          0x0800a46b   Thumb Code     4  stm32f4xx_tim.o(.text)
    TIM_SetCompare3                          0x0800a46f   Thumb Code     4  stm32f4xx_tim.o(.text)
    TIM_SetCompare4                          0x0800a473   Thumb Code     4  stm32f4xx_tim.o(.text)
    TIM_ForcedOC1Config                      0x0800a477   Thumb Code    18  stm32f4xx_tim.o(.text)
    TIM_ForcedOC2Config                      0x0800a489   Thumb Code    26  stm32f4xx_tim.o(.text)
    TIM_ForcedOC3Config                      0x0800a4a3   Thumb Code    18  stm32f4xx_tim.o(.text)
    TIM_ForcedOC4Config                      0x0800a4b5   Thumb Code    26  stm32f4xx_tim.o(.text)
    TIM_OC1PreloadConfig                     0x0800a4cf   Thumb Code    18  stm32f4xx_tim.o(.text)
    TIM_OC2PreloadConfig                     0x0800a4e1   Thumb Code    26  stm32f4xx_tim.o(.text)
    TIM_OC3PreloadConfig                     0x0800a4fb   Thumb Code    18  stm32f4xx_tim.o(.text)
    TIM_OC4PreloadConfig                     0x0800a50d   Thumb Code    26  stm32f4xx_tim.o(.text)
    TIM_OC1FastConfig                        0x0800a527   Thumb Code    18  stm32f4xx_tim.o(.text)
    TIM_OC2FastConfig                        0x0800a539   Thumb Code    26  stm32f4xx_tim.o(.text)
    TIM_OC3FastConfig                        0x0800a553   Thumb Code    18  stm32f4xx_tim.o(.text)
    TIM_OC4FastConfig                        0x0800a565   Thumb Code    26  stm32f4xx_tim.o(.text)
    TIM_ClearOC1Ref                          0x0800a57f   Thumb Code    18  stm32f4xx_tim.o(.text)
    TIM_ClearOC2Ref                          0x0800a591   Thumb Code    24  stm32f4xx_tim.o(.text)
    TIM_ClearOC3Ref                          0x0800a5a9   Thumb Code    18  stm32f4xx_tim.o(.text)
    TIM_ClearOC4Ref                          0x0800a5bb   Thumb Code    24  stm32f4xx_tim.o(.text)
    TIM_OC1PolarityConfig                    0x0800a5d3   Thumb Code    18  stm32f4xx_tim.o(.text)
    TIM_OC1NPolarityConfig                   0x0800a5e5   Thumb Code    18  stm32f4xx_tim.o(.text)
    TIM_OC2PolarityConfig                    0x0800a5f7   Thumb Code    26  stm32f4xx_tim.o(.text)
    TIM_OC2NPolarityConfig                   0x0800a611   Thumb Code    26  stm32f4xx_tim.o(.text)
    TIM_OC3PolarityConfig                    0x0800a62b   Thumb Code    26  stm32f4xx_tim.o(.text)
    TIM_OC3NPolarityConfig                   0x0800a645   Thumb Code    26  stm32f4xx_tim.o(.text)
    TIM_OC4PolarityConfig                    0x0800a65f   Thumb Code    26  stm32f4xx_tim.o(.text)
    TIM_CCxCmd                               0x0800a679   Thumb Code    30  stm32f4xx_tim.o(.text)
    TIM_CCxNCmd                              0x0800a697   Thumb Code    30  stm32f4xx_tim.o(.text)
    TIM_SetIC4Prescaler                      0x0800a6b5   Thumb Code    26  stm32f4xx_tim.o(.text)
    TIM_SetIC3Prescaler                      0x0800a71f   Thumb Code    18  stm32f4xx_tim.o(.text)
    TIM_SetIC2Prescaler                      0x0800a779   Thumb Code    26  stm32f4xx_tim.o(.text)
    TIM_SetIC1Prescaler                      0x0800a7ed   Thumb Code    18  stm32f4xx_tim.o(.text)
    TIM_ICInit                               0x0800a839   Thumb Code   110  stm32f4xx_tim.o(.text)
    TIM_ICStructInit                         0x0800a8a7   Thumb Code    18  stm32f4xx_tim.o(.text)
    TIM_PWMIConfig                           0x0800a8b9   Thumb Code   124  stm32f4xx_tim.o(.text)
    TIM_GetCapture1                          0x0800a935   Thumb Code     6  stm32f4xx_tim.o(.text)
    TIM_GetCapture2                          0x0800a93b   Thumb Code     6  stm32f4xx_tim.o(.text)
    TIM_GetCapture3                          0x0800a941   Thumb Code     6  stm32f4xx_tim.o(.text)
    TIM_GetCapture4                          0x0800a947   Thumb Code     6  stm32f4xx_tim.o(.text)
    TIM_BDTRConfig                           0x0800a94d   Thumb Code    32  stm32f4xx_tim.o(.text)
    TIM_BDTRStructInit                       0x0800a96d   Thumb Code    18  stm32f4xx_tim.o(.text)
    TIM_CtrlPWMOutputs                       0x0800a97f   Thumb Code    30  stm32f4xx_tim.o(.text)
    TIM_SelectCOM                            0x0800a99d   Thumb Code    24  stm32f4xx_tim.o(.text)
    TIM_CCPreloadControl                     0x0800a9b5   Thumb Code    24  stm32f4xx_tim.o(.text)
    TIM_ITConfig                             0x0800a9cd   Thumb Code    18  stm32f4xx_tim.o(.text)
    TIM_GenerateEvent                        0x0800a9df   Thumb Code     4  stm32f4xx_tim.o(.text)
    TIM_GetFlagStatus                        0x0800a9e3   Thumb Code    18  stm32f4xx_tim.o(.text)
    TIM_ClearFlag                            0x0800a9f5   Thumb Code     6  stm32f4xx_tim.o(.text)
    TIM_GetITStatus                          0x0800a9fb   Thumb Code    34  stm32f4xx_tim.o(.text)
    TIM_ClearITPendingBit                    0x0800aa1d   Thumb Code     6  stm32f4xx_tim.o(.text)
    TIM_DMAConfig                            0x0800aa23   Thumb Code    10  stm32f4xx_tim.o(.text)
    TIM_DMACmd                               0x0800aa2d   Thumb Code    18  stm32f4xx_tim.o(.text)
    TIM_SelectCCDMA                          0x0800aa3f   Thumb Code    24  stm32f4xx_tim.o(.text)
    TIM_InternalClockConfig                  0x0800aa57   Thumb Code    12  stm32f4xx_tim.o(.text)
    TIM_SelectInputTrigger                   0x0800aa63   Thumb Code    18  stm32f4xx_tim.o(.text)
    TIM_ITRxExternalClockConfig              0x0800aa75   Thumb Code    24  stm32f4xx_tim.o(.text)
    TIM_TIxExternalClockConfig               0x0800aa8d   Thumb Code    62  stm32f4xx_tim.o(.text)
    TIM_ETRConfig                            0x0800aacb   Thumb Code    28  stm32f4xx_tim.o(.text)
    TIM_ETRClockMode1Config                  0x0800aae7   Thumb Code    54  stm32f4xx_tim.o(.text)
    TIM_ETRClockMode2Config                  0x0800ab1d   Thumb Code    32  stm32f4xx_tim.o(.text)
    TIM_SelectOutputTrigger                  0x0800ab3d   Thumb Code    18  stm32f4xx_tim.o(.text)
    TIM_SelectSlaveMode                      0x0800ab4f   Thumb Code    18  stm32f4xx_tim.o(.text)
    TIM_SelectMasterSlaveMode                0x0800ab61   Thumb Code    18  stm32f4xx_tim.o(.text)
    TIM_EncoderInterfaceConfig               0x0800ab73   Thumb Code    66  stm32f4xx_tim.o(.text)
    TIM_SelectHallSensor                     0x0800abb5   Thumb Code    24  stm32f4xx_tim.o(.text)
    TIM_RemapConfig                          0x0800abcd   Thumb Code     6  stm32f4xx_tim.o(.text)
    GPIO_group_OUT                           0x0800abd5   Thumb Code   452  common.o(.text)
    GPIO_bits_OUT                            0x0800ad99   Thumb Code    92  common.o(.text)
    delay_init                               0x0800adf5   Thumb Code    42  common.o(.text)
    delay_us                                 0x0800ae1f   Thumb Code    70  common.o(.text)
    delay_xms                                0x0800ae65   Thumb Code    70  common.o(.text)
    delay_ms                                 0x0800aeab   Thumb Code    56  common.o(.text)
    big_delay                                0x0800aee3   Thumb Code    34  common.o(.text)
    tolower                                  0x0800af0d   Thumb Code    26  tolower.o(.text)
    vsprintf                                 0x0800af29   Thumb Code    32  vsprintf.o(.text)
    __2sprintf                               0x0800af4d   Thumb Code    38  __2sprintf.o(.text)
    _printf_pre_padding                      0x0800af79   Thumb Code    46  _printf_pad.o(.text)
    _printf_post_padding                     0x0800afa7   Thumb Code    36  _printf_pad.o(.text)
    _printf_str                              0x0800afcb   Thumb Code    82  _printf_str.o(.text)
    _printf_int_dec                          0x0800b01d   Thumb Code   102  _printf_dec.o(.text)
    _printf_longlong_hex                     0x0800b095   Thumb Code    92  _printf_hex_int_ll_ptr.o(.text)
    _printf_int_hex                          0x0800b0f1   Thumb Code    28  _printf_hex_int_ll_ptr.o(.text)
    _printf_ll_hex                           0x0800b10d   Thumb Code    12  _printf_hex_int_ll_ptr.o(.text)
    _printf_hex_ptr                          0x0800b119   Thumb Code    18  _printf_hex_int_ll_ptr.o(.text)
    __printf                                 0x0800b131   Thumb Code   390  __printf_flags_ss_wp.o(.text)
    strchr                                   0x0800b2bd   Thumb Code    20  strchr.o(.text)
    strstr                                   0x0800b2d1   Thumb Code    36  strstr.o(.text)
    strcpy                                   0x0800b2f5   Thumb Code    72  strcpy.o(.text)
    strlen                                   0x0800b33d   Thumb Code    62  strlen.o(.text)
    strncmp                                  0x0800b37b   Thumb Code   150  strncmp.o(.text)
    __aeabi_memcpy                           0x0800b411   Thumb Code     0  rt_memcpy_v6.o(.text)
    __rt_memcpy                              0x0800b411   Thumb Code   138  rt_memcpy_v6.o(.text)
    _memcpy_lastbytes                        0x0800b477   Thumb Code     0  rt_memcpy_v6.o(.text)
    __aeabi_memcpy4                          0x0800b49b   Thumb Code     0  rt_memcpy_w.o(.text)
    __aeabi_memcpy8                          0x0800b49b   Thumb Code     0  rt_memcpy_w.o(.text)
    __rt_memcpy_w                            0x0800b49b   Thumb Code   100  rt_memcpy_w.o(.text)
    _memcpy_lastbytes_aligned                0x0800b4e3   Thumb Code     0  rt_memcpy_w.o(.text)
    __aeabi_memclr4                          0x0800b4ff   Thumb Code     0  rt_memclr_w.o(.text)
    __aeabi_memclr8                          0x0800b4ff   Thumb Code     0  rt_memclr_w.o(.text)
    __rt_memclr_w                            0x0800b4ff   Thumb Code    78  rt_memclr_w.o(.text)
    _memset_w                                0x0800b503   Thumb Code     0  rt_memclr_w.o(.text)
    strncpy                                  0x0800b54d   Thumb Code    86  strncpy.o(.text)
    strcmp                                   0x0800b5a5   Thumb Code   128  strcmpv7m.o(.text)
    __use_two_region_memory                  0x0800b625   Thumb Code     2  heapauxi.o(.text)
    __rt_heap_escrow$2region                 0x0800b627   Thumb Code     2  heapauxi.o(.text)
    __rt_heap_expand$2region                 0x0800b629   Thumb Code     2  heapauxi.o(.text)
    __rt_ctype_table                         0x0800b62d   Thumb Code    16  rt_ctype_table.o(.text)
    __read_errno                             0x0800b63d   Thumb Code    10  _rserrno.o(.text)
    __set_errno                              0x0800b647   Thumb Code    12  _rserrno.o(.text)
    _printf_truncate_signed                  0x0800b653   Thumb Code    18  _printf_truncate.o(.text)
    _printf_truncate_unsigned                0x0800b665   Thumb Code    18  _printf_truncate.o(.text)
    _printf_int_common                       0x0800b677   Thumb Code   184  _printf_intcommon.o(.text)
    _printf_charcount                        0x0800b72f   Thumb Code    42  _printf_charcount.o(.text)
    __lib_sel_fp_printf                      0x0800b759   Thumb Code     2  _printf_fp_dec.o(.text)
    _printf_fp_dec_real                      0x0800b905   Thumb Code   628  _printf_fp_dec.o(.text)
    _printf_char_common                      0x0800bb83   Thumb Code    32  _printf_char_common.o(.text)
    _sputc                                   0x0800bba9   Thumb Code    10  _sputc.o(.text)
    _printf_cs_common                        0x0800bbb3   Thumb Code    20  _printf_char.o(.text)
    _printf_char                             0x0800bbc7   Thumb Code    16  _printf_char.o(.text)
    _printf_string                           0x0800bbd7   Thumb Code     8  _printf_char.o(.text)
    _printf_wctomb                           0x0800bbe1   Thumb Code   182  _printf_wctomb.o(.text)
    _printf_longlong_dec                     0x0800bc9d   Thumb Code   104  _printf_longlong_dec.o(.text)
    _printf_longlong_oct                     0x0800bd15   Thumb Code    76  _printf_oct_int_ll.o(.text)
    _printf_int_oct                          0x0800bd61   Thumb Code    24  _printf_oct_int_ll.o(.text)
    _printf_ll_oct                           0x0800bd79   Thumb Code    12  _printf_oct_int_ll.o(.text)
    __aeabi_memclr                           0x0800bd8d   Thumb Code     0  rt_memclr.o(.text)
    __rt_memclr                              0x0800bd8d   Thumb Code    68  rt_memclr.o(.text)
    _memset                                  0x0800bd91   Thumb Code     0  rt_memclr.o(.text)
    __rt_locale                              0x0800bdd1   Thumb Code     8  rt_locale_intlibspace.o(.text)
    __aeabi_errno_addr                       0x0800bdd9   Thumb Code     8  rt_errno_addr_intlibspace.o(.text)
    __errno$intlibspace                      0x0800bdd9   Thumb Code     0  rt_errno_addr_intlibspace.o(.text)
    __rt_errno_addr$intlibspace              0x0800bdd9   Thumb Code     0  rt_errno_addr_intlibspace.o(.text)
    _ll_udiv10                               0x0800bde1   Thumb Code   138  lludiv10.o(.text)
    _printf_fp_hex_real                      0x0800be6d   Thumb Code   762  _printf_fp_hex.o(.text)
    _printf_fp_infnan                        0x0800c171   Thumb Code   112  _printf_fp_infnan.o(.text)
    _printf_lcs_common                       0x0800c1f1   Thumb Code    20  _printf_wchar.o(.text)
    _printf_wchar                            0x0800c205   Thumb Code    16  _printf_wchar.o(.text)
    _printf_wstring                          0x0800c215   Thumb Code     8  _printf_wchar.o(.text)
    _btod_etento                             0x0800c21d   Thumb Code   222  bigflt0.o(.text)
    _wcrtomb                                 0x0800c301   Thumb Code    64  _wcrtomb.o(.text)
    __user_libspace                          0x0800c341   Thumb Code     8  libspace.o(.text)
    __user_perproc_libspace                  0x0800c341   Thumb Code     0  libspace.o(.text)
    __user_perthread_libspace                0x0800c341   Thumb Code     0  libspace.o(.text)
    __user_setup_stackheap                   0x0800c349   Thumb Code    74  sys_stackheap_outer.o(.text)
    exit                                     0x0800c393   Thumb Code    12  exit.o(.text)
    _sys_exit                                0x0800c3a1   Thumb Code     8  sys_exit.o(.text)
    __I$use$semihosting                      0x0800c3ad   Thumb Code     0  use_no_semi.o(.text)
    __use_no_semihosting_swi                 0x0800c3ad   Thumb Code     2  use_no_semi.o(.text)
    __semihosting_library_function           0x0800c3af   Thumb Code     0  indicate_semi.o(.text)
    _btod_d2e                                0x0800c3af   Thumb Code    62  btod.o(CL$$btod_d2e)
    _d2e_denorm_low                          0x0800c3ed   Thumb Code    70  btod.o(CL$$btod_d2e_denorm_low)
    _d2e_norm_op1                            0x0800c433   Thumb Code    96  btod.o(CL$$btod_d2e_norm_op1)
    __btod_div_common                        0x0800c493   Thumb Code   696  btod.o(CL$$btod_div_common)
    _e2e                                     0x0800c7cb   Thumb Code   198  btod.o(CL$$btod_e2e)
    _btod_ediv                               0x0800c891   Thumb Code    40  btod.o(CL$$btod_ediv)
    _btod_emul                               0x0800c8b9   Thumb Code    40  btod.o(CL$$btod_emul)
    __btod_mult_common                       0x0800c8e1   Thumb Code   580  btod.o(CL$$btod_mult_common)
    __ARM_fpclassify                         0x0800cb25   Thumb Code    48  fpclassify.o(i.__ARM_fpclassify)
    __hardfp_fabs                            0x0800cb55   Thumb Code    20  fabs.o(i.__hardfp_fabs)
    __hardfp_floor                           0x0800cb69   Thumb Code   252  floor.o(i.__hardfp_floor)
    __hardfp_pow                             0x0800cc81   Thumb Code  3132  pow.o(i.__hardfp_pow)
    __kernel_poly                            0x0800d911   Thumb Code   248  poly.o(i.__kernel_poly)
    __mathlib_dbl_underflow                  0x0800da09   Thumb Code    24  dunder.o(i.__mathlib_dbl_underflow)
    _is_digit                                0x0800da29   Thumb Code    14  __printf_wp.o(i._is_digit)
    fabs                                     0x0800da37   Thumb Code    32  fabs.o(i.fabs)
    sqrt                                     0x0800da57   Thumb Code   110  sqrt.o(i.sqrt)
    _get_lc_ctype                            0x0800dac5   Thumb Code    44  lc_ctype_c.o(locale$$code)
    _get_lc_numeric                          0x0800daf1   Thumb Code    44  lc_numeric_c.o(locale$$code)
    __aeabi_dneg                             0x0800db1d   Thumb Code     0  basic.o(x$fpl$basic)
    _dneg                                    0x0800db1d   Thumb Code     6  basic.o(x$fpl$basic)
    __aeabi_fneg                             0x0800db23   Thumb Code     0  basic.o(x$fpl$basic)
    _fneg                                    0x0800db23   Thumb Code     6  basic.o(x$fpl$basic)
    _dabs                                    0x0800db29   Thumb Code     6  basic.o(x$fpl$basic)
    _fabs                                    0x0800db2f   Thumb Code     6  basic.o(x$fpl$basic)
    __aeabi_d2f                              0x0800db35   Thumb Code     0  d2f.o(x$fpl$d2f)
    _d2f                                     0x0800db35   Thumb Code    98  d2f.o(x$fpl$d2f)
    __aeabi_dadd                             0x0800db99   Thumb Code     0  daddsub_clz.o(x$fpl$dadd)
    _dadd                                    0x0800db99   Thumb Code   332  daddsub_clz.o(x$fpl$dadd)
    __fpl_dcheck_NaN1                        0x0800dce9   Thumb Code    10  dcheck1.o(x$fpl$dcheck1)
    __fpl_dcmp_Inf                           0x0800dcf9   Thumb Code    24  dcmpi.o(x$fpl$dcmpinf)
    __aeabi_ddiv                             0x0800dd11   Thumb Code     0  ddiv.o(x$fpl$ddiv)
    _ddiv                                    0x0800dd11   Thumb Code   552  ddiv.o(x$fpl$ddiv)
    __aeabi_cdcmpeq                          0x0800dfc1   Thumb Code     0  deqf.o(x$fpl$deqf)
    _dcmpeq                                  0x0800dfc1   Thumb Code   120  deqf.o(x$fpl$deqf)
    __aeabi_d2iz                             0x0800e039   Thumb Code     0  dfix.o(x$fpl$dfix)
    _dfix                                    0x0800e039   Thumb Code    94  dfix.o(x$fpl$dfix)
    __aeabi_i2d                              0x0800e097   Thumb Code     0  dflt_clz.o(x$fpl$dflt)
    _dflt                                    0x0800e097   Thumb Code    46  dflt_clz.o(x$fpl$dflt)
    __aeabi_cdcmple                          0x0800e0c5   Thumb Code     0  dleqf.o(x$fpl$dleqf)
    _dcmple                                  0x0800e0c5   Thumb Code   120  dleqf.o(x$fpl$dleqf)
    __fpl_dcmple_InfNaN                      0x0800e127   Thumb Code     0  dleqf.o(x$fpl$dleqf)
    __aeabi_dmul                             0x0800e13d   Thumb Code     0  dmul.o(x$fpl$dmul)
    _dmul                                    0x0800e13d   Thumb Code   332  dmul.o(x$fpl$dmul)
    __fpl_dnaninf                            0x0800e291   Thumb Code   156  dnaninf.o(x$fpl$dnaninf)
    __fpl_dretinf                            0x0800e32d   Thumb Code    12  dretinf.o(x$fpl$dretinf)
    __aeabi_cdrcmple                         0x0800e339   Thumb Code     0  drleqf.o(x$fpl$drleqf)
    _drcmple                                 0x0800e339   Thumb Code   108  drleqf.o(x$fpl$drleqf)
    __aeabi_drsub                            0x0800e3a5   Thumb Code     0  daddsub_clz.o(x$fpl$drsb)
    _drsb                                    0x0800e3a5   Thumb Code    22  daddsub_clz.o(x$fpl$drsb)
    _dsqrt                                   0x0800e3bd   Thumb Code   404  dsqrt_umaal.o(x$fpl$dsqrt)
    __aeabi_dsub                             0x0800e555   Thumb Code     0  daddsub_clz.o(x$fpl$dsub)
    _dsub                                    0x0800e555   Thumb Code   464  daddsub_clz.o(x$fpl$dsub)
    __aeabi_f2d                              0x0800e729   Thumb Code     0  f2d.o(x$fpl$f2d)
    _f2d                                     0x0800e729   Thumb Code    86  f2d.o(x$fpl$f2d)
    __fpl_fnaninf                            0x0800e77f   Thumb Code   140  fnaninf.o(x$fpl$fnaninf)
    _fp_init                                 0x0800e80b   Thumb Code    10  fpinit.o(x$fpl$fpinit)
    __fplib_config_fpu_vfp                   0x0800e813   Thumb Code     0  fpinit.o(x$fpl$fpinit)
    __fplib_config_pureend_doubles           0x0800e813   Thumb Code     0  fpinit.o(x$fpl$fpinit)
    __fpl_fretinf                            0x0800e815   Thumb Code    10  fretinf.o(x$fpl$fretinf)
    _printf_fp_dec                           0x0800e81f   Thumb Code     4  printf1.o(x$fpl$printf1)
    _printf_fp_hex                           0x0800e823   Thumb Code     4  printf2.o(x$fpl$printf2)
    __fpl_return_NaN                         0x0800e827   Thumb Code   100  retnan.o(x$fpl$retnan)
    __ARM_scalbn                             0x0800e88b   Thumb Code    92  scalbn.o(x$fpl$scalbn)
    __fpl_cmpreturn                          0x0800e8e7   Thumb Code    48  trapv.o(x$fpl$trapveneer)
    __I$use$fp                               0x0800e916   Number         0  usenofp.o(x$fpl$usenofp)
    char_1206                                0x0800e916   Data        1140  lcd.o(.constdata)
    char_1608                                0x0800ed8a   Data        1520  lcd.o(.constdata)
    char_2412                                0x0800f37a   Data        3420  lcd.o(.constdata)
    month_amendBuf                           0x080100d6   Data          12  rtc.o(.constdata)
    memtblsize                               0x080100ec   Data          12  malloc.o(.constdata)
    memblksize                               0x080100f8   Data          12  malloc.o(.constdata)
    memsize                                  0x08010104   Data          12  malloc.o(.constdata)
    FSMC_DefaultTimingStruct                 0x08010110   Data          28  stm32f4xx_fsmc.o(.constdata)
    __mathlib_zero                           0x080101f8   Data           8  qnan.o(.constdata)
    Region$$Table$$Base                      0x080102f8   Number         0  anon$$obj.o(Region$$Table)
    Region$$Table$$Limit                     0x08010318   Number         0  anon$$obj.o(Region$$Table)
    __ctype                                  0x08010325   Data           0  lc_ctype_c.o(locale$$data)
    mem3base                                 0x10000000   Data       61440  malloc.o(.ARM.__AT_0x10000000)
    mem3mapbase                              0x1000f000   Data        3840  malloc.o(.ARM.__AT_0x1000F000)
    weekdate                                 0x20000000   Data          28  main.o(.data)
    voice                                    0x2000001c   Data           4  main.o(.data)
    SystemCoreClock                          0x20000020   Data           4  system_stm32f4xx.o(.data)
    AHBPrescTable                            0x20000024   Data          16  system_stm32f4xx.o(.data)
    keydown_data                             0x20000034   Data           1  key.o(.data)
    keyup_data                               0x20000035   Data           1  key.o(.data)
    key_time                                 0x20000036   Data           2  key.o(.data)
    key_tem                                  0x20000038   Data           1  key.o(.data)
    key_bak                                  0x20000039   Data           1  key.o(.data)
    BRUSH_COLOR                              0x2000003a   Data           2  lcd.o(.data)
    BACK_COLOR                               0x2000003c   Data           2  lcd.o(.data)
    lcd_id                                   0x2000003e   Data           2  lcd.o(.data)
    dir_flag                                 0x20000040   Data           1  lcd.o(.data)
    lcd_width                                0x20000042   Data           2  lcd.o(.data)
    lcd_height                               0x20000044   Data           2  lcd.o(.data)
    write_gramcmd                            0x20000046   Data           2  lcd.o(.data)
    setxcmd                                  0x20000048   Data           2  lcd.o(.data)
    setycmd                                  0x2000004a   Data           2  lcd.o(.data)
    RTC_TimeStruct                           0x2000004c   Data           4  rtc.o(.data)
    RTC_DateStruct                           0x20000050   Data           4  rtc.o(.data)
    NVIC_InitStructure                       0x20000054   Data           4  rtc.o(.data)
    uart_byte_count                          0x20000058   Data           1  usart3_ble.o(.data)
    APP_mode                                 0x20000059   Data           1  usart3_ble.o(.data)
    T                                        0x2000005c   Data           4  mpu6050.o(.data)
    sign                                     0x20000060   Data           4  mpu6050.o(.data)
    u6_count                                 0x20000064   Data           4  mpu6050.o(.data)
    u4_count                                 0x20000068   Data           4  gsm.o(.data)
    uart2_byte_count                         0x2000006c   Data           1  rs485.o(.data)
    uart1_byte_count                         0x20000070   Data           2  usart1.o(.data)
    uart1_data_count                         0x20000072   Data           1  usart1.o(.data)
    full_flag                                0x20000073   Data           1  usart1.o(.data)
    result_slave                             0x20000074   Data           4  usart1.o(.data)
    result_master                            0x20000078   Data           4  usart1.o(.data)
    W25QXX_ID                                0x2000007c   Data           2  w25qxx.o(.data)
    mallco_dev                               0x2000008c   Data          36  malloc.o(.data)
    s2jHook                                  0x200000b0   Data           8  s2j.o(.data)
    receive_str                              0x200000d0   Data         300  usart3_ble.o(.bss)
    send_str                                 0x20000200   Data         300  usart3_ble.o(.bss)
    a                                        0x2000032c   Data          12  mpu6050.o(.bss)
    w                                        0x20000338   Data          12  mpu6050.o(.bss)
    angle                                    0x20000344   Data          12  mpu6050.o(.bss)
    temp_buf                                 0x20000350   Data          33  mpu6050.o(.bss)
    result_buf                               0x20000371   Data          33  mpu6050.o(.bss)
    Temp                                     0x20000392   Data          33  mpu6050.o(.bss)
    UART4_RX_BUF                             0x200003b8   Data        1024  gsm.o(.bss)
    UART4_TX_BUF                             0x200007b8   Data        1024  gsm.o(.bss)
    RS485_receive_str                        0x20000bb8   Data         128  rs485.o(.bss)
    receive_str1                             0x20000c38   Data         500  usart1.o(.bss)
    package_data                             0x20000e2c   Data         500  usart1.o(.bss)
    send_str1                                0x20001020   Data         500  usart1.o(.bss)
    TS_BUFFER                                0x20001214   Data        4096  w25qxx.o(.bss)
    mem1base                                 0x20002220   Data       102400  malloc.o(.bss)
    mem1mapbase                              0x2001b220   Data        6400  malloc.o(.bss)
    dis                                      0x2001cb20   Data          12  timer.o(.bss)
    __libspace_start                         0x2001cb2c   Data          96  libspace.o(.bss)
    __temporary_stack_top$libspace           0x2001cb8c   Data           0  libspace.o(.bss)
    mem2base                                 0x68000000   Data       983040  malloc.o(.ARM.__AT_0x68000000)
    mem2mapbase                              0x680f0000   Data       61440  malloc.o(.ARM.__AT_0x680F0000)



==============================================================================

Memory Map of the image

  Image Entry point : 0x08000189

  Load Region LR_IROM1 (Base: 0x08000000, Size: 0x00010510, Max: 0x00080000, ABSOLUTE)

    Execution Region ER_IROM1 (Base: 0x08000000, Size: 0x00010444, Max: 0x00080000, ABSOLUTE)

    Base Addr    Size         Type   Attr      Idx    E Section Name        Object

    0x08000000   0x00000188   Data   RO          231    RESET               startup_stm32f40_41xxx.o
    0x08000188   0x00000008   Code   RO         1186  * !!!main             c_w.l(__main.o)
    0x08000190   0x00000034   Code   RO         1596    !!!scatter          c_w.l(__scatter.o)
    0x080001c4   0x0000001a   Code   RO         1598    !!handler_copy      c_w.l(__scatter_copy.o)
    0x080001de   0x00000002   PAD
    0x080001e0   0x0000001c   Code   RO         1600    !!handler_zi        c_w.l(__scatter_zi.o)
    0x080001fc   0x00000000   Code   RO         1163    .ARM.Collect$$_printf_percent$$00000000  c_w.l(_printf_percent.o)
    0x080001fc   0x00000006   Code   RO         1281    .ARM.Collect$$_printf_percent$$00000001  c_w.l(_printf_n.o)
    0x08000202   0x00000006   Code   RO         1282    .ARM.Collect$$_printf_percent$$00000002  c_w.l(_printf_p.o)
    0x08000208   0x00000006   Code   RO         1161    .ARM.Collect$$_printf_percent$$00000003  c_w.l(_printf_f.o)
    0x0800020e   0x00000006   Code   RO         1162    .ARM.Collect$$_printf_percent$$00000004  c_w.l(_printf_e.o)
    0x08000214   0x00000006   Code   RO         1286    .ARM.Collect$$_printf_percent$$00000005  c_w.l(_printf_g.o)
    0x0800021a   0x00000006   Code   RO         1287    .ARM.Collect$$_printf_percent$$00000006  c_w.l(_printf_a.o)
    0x08000220   0x0000000a   Code   RO         1292    .ARM.Collect$$_printf_percent$$00000007  c_w.l(_printf_ll.o)
    0x0800022a   0x00000006   Code   RO         1284    .ARM.Collect$$_printf_percent$$00000008  c_w.l(_printf_i.o)
    0x08000230   0x00000006   Code   RO         1160    .ARM.Collect$$_printf_percent$$00000009  c_w.l(_printf_d.o)
    0x08000236   0x00000006   Code   RO         1285    .ARM.Collect$$_printf_percent$$0000000A  c_w.l(_printf_u.o)
    0x0800023c   0x00000006   Code   RO         1283    .ARM.Collect$$_printf_percent$$0000000B  c_w.l(_printf_o.o)
    0x08000242   0x00000006   Code   RO         1159    .ARM.Collect$$_printf_percent$$0000000C  c_w.l(_printf_x.o)
    0x08000248   0x00000006   Code   RO         1289    .ARM.Collect$$_printf_percent$$0000000D  c_w.l(_printf_lli.o)
    0x0800024e   0x00000006   Code   RO         1290    .ARM.Collect$$_printf_percent$$0000000E  c_w.l(_printf_lld.o)
    0x08000254   0x00000006   Code   RO         1291    .ARM.Collect$$_printf_percent$$0000000F  c_w.l(_printf_llu.o)
    0x0800025a   0x00000006   Code   RO         1296    .ARM.Collect$$_printf_percent$$00000010  c_w.l(_printf_llo.o)
    0x08000260   0x00000006   Code   RO         1297    .ARM.Collect$$_printf_percent$$00000011  c_w.l(_printf_llx.o)
    0x08000266   0x0000000a   Code   RO         1293    .ARM.Collect$$_printf_percent$$00000012  c_w.l(_printf_l.o)
    0x08000270   0x00000006   Code   RO         1280    .ARM.Collect$$_printf_percent$$00000013  c_w.l(_printf_c.o)
    0x08000276   0x00000006   Code   RO         1158    .ARM.Collect$$_printf_percent$$00000014  c_w.l(_printf_s.o)
    0x0800027c   0x00000006   Code   RO         1294    .ARM.Collect$$_printf_percent$$00000015  c_w.l(_printf_lc.o)
    0x08000282   0x00000006   Code   RO         1295    .ARM.Collect$$_printf_percent$$00000016  c_w.l(_printf_ls.o)
    0x08000288   0x00000004   Code   RO         1288    .ARM.Collect$$_printf_percent$$00000017  c_w.l(_printf_percent_end.o)
    0x0800028c   0x00000002   Code   RO         1466    .ARM.Collect$$libinit$$00000000  c_w.l(libinit.o)
    0x0800028e   0x00000004   Code   RO         1467    .ARM.Collect$$libinit$$00000001  c_w.l(libinit2.o)
    0x08000292   0x00000000   Code   RO         1471    .ARM.Collect$$libinit$$00000008  c_w.l(libinit2.o)
    0x08000292   0x00000000   Code   RO         1473    .ARM.Collect$$libinit$$0000000A  c_w.l(libinit2.o)
    0x08000292   0x00000000   Code   RO         1475    .ARM.Collect$$libinit$$0000000C  c_w.l(libinit2.o)
    0x08000292   0x00000006   Code   RO         1476    .ARM.Collect$$libinit$$0000000D  c_w.l(libinit2.o)
    0x08000298   0x00000000   Code   RO         1478    .ARM.Collect$$libinit$$0000000F  c_w.l(libinit2.o)
    0x08000298   0x0000000c   Code   RO         1479    .ARM.Collect$$libinit$$00000010  c_w.l(libinit2.o)
    0x080002a4   0x00000000   Code   RO         1480    .ARM.Collect$$libinit$$00000011  c_w.l(libinit2.o)
    0x080002a4   0x00000000   Code   RO         1482    .ARM.Collect$$libinit$$00000013  c_w.l(libinit2.o)
    0x080002a4   0x0000000a   Code   RO         1483    .ARM.Collect$$libinit$$00000014  c_w.l(libinit2.o)
    0x080002ae   0x00000000   Code   RO         1484    .ARM.Collect$$libinit$$00000015  c_w.l(libinit2.o)
    0x080002ae   0x00000000   Code   RO         1486    .ARM.Collect$$libinit$$00000017  c_w.l(libinit2.o)
    0x080002ae   0x00000000   Code   RO         1488    .ARM.Collect$$libinit$$00000019  c_w.l(libinit2.o)
    0x080002ae   0x00000000   Code   RO         1490    .ARM.Collect$$libinit$$0000001B  c_w.l(libinit2.o)
    0x080002ae   0x00000000   Code   RO         1492    .ARM.Collect$$libinit$$0000001D  c_w.l(libinit2.o)
    0x080002ae   0x00000000   Code   RO         1494    .ARM.Collect$$libinit$$0000001F  c_w.l(libinit2.o)
    0x080002ae   0x00000000   Code   RO         1496    .ARM.Collect$$libinit$$00000021  c_w.l(libinit2.o)
    0x080002ae   0x00000000   Code   RO         1498    .ARM.Collect$$libinit$$00000023  c_w.l(libinit2.o)
    0x080002ae   0x00000000   Code   RO         1502    .ARM.Collect$$libinit$$0000002A  c_w.l(libinit2.o)
    0x080002ae   0x00000000   Code   RO         1504    .ARM.Collect$$libinit$$0000002C  c_w.l(libinit2.o)
    0x080002ae   0x00000000   Code   RO         1506    .ARM.Collect$$libinit$$0000002E  c_w.l(libinit2.o)
    0x080002ae   0x00000000   Code   RO         1508    .ARM.Collect$$libinit$$00000030  c_w.l(libinit2.o)
    0x080002ae   0x00000002   Code   RO         1509    .ARM.Collect$$libinit$$00000031  c_w.l(libinit2.o)
    0x080002b0   0x00000002   Code   RO         1545    .ARM.Collect$$libshutdown$$00000000  c_w.l(libshutdown.o)
    0x080002b2   0x00000000   Code   RO         1557    .ARM.Collect$$libshutdown$$00000003  c_w.l(libshutdown2.o)
    0x080002b2   0x00000000   Code   RO         1560    .ARM.Collect$$libshutdown$$00000006  c_w.l(libshutdown2.o)
    0x080002b2   0x00000000   Code   RO         1563    .ARM.Collect$$libshutdown$$00000009  c_w.l(libshutdown2.o)
    0x080002b2   0x00000000   Code   RO         1565    .ARM.Collect$$libshutdown$$0000000B  c_w.l(libshutdown2.o)
    0x080002b2   0x00000000   Code   RO         1568    .ARM.Collect$$libshutdown$$0000000E  c_w.l(libshutdown2.o)
    0x080002b2   0x00000002   Code   RO         1569    .ARM.Collect$$libshutdown$$0000000F  c_w.l(libshutdown2.o)
    0x080002b4   0x00000000   Code   RO         1250    .ARM.Collect$$rtentry$$00000000  c_w.l(rtentry.o)
    0x080002b4   0x00000000   Code   RO         1339    .ARM.Collect$$rtentry$$00000002  c_w.l(rtentry2.o)
    0x080002b4   0x00000006   Code   RO         1351    .ARM.Collect$$rtentry$$00000004  c_w.l(rtentry4.o)
    0x080002ba   0x00000000   Code   RO         1341    .ARM.Collect$$rtentry$$00000009  c_w.l(rtentry2.o)
    0x080002ba   0x00000004   Code   RO         1342    .ARM.Collect$$rtentry$$0000000A  c_w.l(rtentry2.o)
    0x080002be   0x00000000   Code   RO         1344    .ARM.Collect$$rtentry$$0000000C  c_w.l(rtentry2.o)
    0x080002be   0x00000008   Code   RO         1345    .ARM.Collect$$rtentry$$0000000D  c_w.l(rtentry2.o)
    0x080002c6   0x00000002   Code   RO         1512    .ARM.Collect$$rtexit$$00000000  c_w.l(rtexit.o)
    0x080002c8   0x00000000   Code   RO         1523    .ARM.Collect$$rtexit$$00000002  c_w.l(rtexit2.o)
    0x080002c8   0x00000004   Code   RO         1524    .ARM.Collect$$rtexit$$00000003  c_w.l(rtexit2.o)
    0x080002cc   0x00000006   Code   RO         1525    .ARM.Collect$$rtexit$$00000004  c_w.l(rtexit2.o)
    0x080002d2   0x00000002   PAD
    0x080002d4   0x00000298   Code   RO            3    .text               main.o
    0x0800056c   0x0000001a   Code   RO          208    .text               stm32f4xx_it.o
    0x08000586   0x00000002   PAD
    0x08000588   0x00000040   Code   RO          232    .text               startup_stm32f40_41xxx.o
    0x080005c8   0x000001f8   Code   RO          238    .text               system_stm32f4xx.o
    0x080007c0   0x00000108   Code   RO          264    .text               key.o
    0x080008c8   0x00000040   Code   RO          290    .text               led.o
    0x08000908   0x000012c4   Code   RO          310    .text               lcd.o
    0x08001bcc   0x0000003c   Code   RO          343    .text               beep.o
    0x08001c08   0x000002f4   Code   RO          363    .text               rtc.o
    0x08001efc   0x00000b20   Code   RO          410    .text               usart3_ble.o
    0x08002a1c   0x00000668   Code   RO          445    .text               mpu6050.o
    0x08003084   0x000004a8   Code   RO          472    .text               gsm.o
    0x0800352c   0x000000e0   Code   RO          499    .text               adc.o
    0x0800360c   0x00000278   Code   RO          519    .text               rs485.o
    0x08003884   0x00000254   Code   RO          552    .text               inf.o
    0x08003ad8   0x0000042c   Code   RO          572    .text               usart1.o
    0x08003f04   0x000003a8   Code   RO          610    .text               24c02.o
    0x080042ac   0x00000134   Code   RO          630    .text               spi.o
    0x080043e0   0x00000446   Code   RO          653    .text               w25qxx.o
    0x08004826   0x00000002   PAD
    0x08004828   0x000008f0   Code   RO          680    .text               sensor.o
    0x08005118   0x00001c5a   Code   RO          720    .text               cjson.o
    0x08006d72   0x00000002   PAD
    0x08006d74   0x00000228   Code   RO          763    .text               malloc.o
    0x08006f9c   0x00000328   Code   RO          824    .text               timer.o
    0x080072c4   0x000000e4   Code   RO          850    .text               misc.o
    0x080073a8   0x00000284   Code   RO          870    .text               stm32f4xx_gpio.o
    0x0800762c   0x00000654   Code   RO          890    .text               stm32f4xx_rcc.o
    0x08007c80   0x00000454   Code   RO          912    .text               stm32f4xx_usart.o
    0x080080d4   0x000005dc   Code   RO          932    .text               stm32f4xx_fsmc.o
    0x080086b0   0x00000d24   Code   RO          955    .text               stm32f4xx_rtc.o
    0x080093d4   0x00000170   Code   RO          975    .text               stm32f4xx_pwr.o
    0x08009544   0x00000110   Code   RO          995    .text               stm32f4xx_exti.o
    0x08009654   0x0000045e   Code   RO         1015    .text               stm32f4xx_adc.o
    0x08009ab2   0x00000002   PAD
    0x08009ab4   0x0000047c   Code   RO         1035    .text               stm32f4xx_spi.o
    0x08009f30   0x00000ca2   Code   RO         1055    .text               stm32f4xx_tim.o
    0x0800abd2   0x00000002   PAD
    0x0800abd4   0x00000338   Code   RO         1076    .text               common.o
    0x0800af0c   0x0000001a   Code   RO         1101    .text               c_w.l(tolower.o)
    0x0800af26   0x00000002   PAD
    0x0800af28   0x00000024   Code   RO         1103    .text               c_w.l(vsprintf.o)
    0x0800af4c   0x0000002c   Code   RO         1105    .text               c_w.l(__2sprintf.o)
    0x0800af78   0x00000052   Code   RO         1111    .text               c_w.l(_printf_pad.o)
    0x0800afca   0x00000052   Code   RO         1113    .text               c_w.l(_printf_str.o)
    0x0800b01c   0x00000078   Code   RO         1115    .text               c_w.l(_printf_dec.o)
    0x0800b094   0x0000009c   Code   RO         1135    .text               c_w.l(_printf_hex_int_ll_ptr.o)
    0x0800b130   0x0000018c   Code   RO         1155    .text               c_w.l(__printf_flags_ss_wp.o)
    0x0800b2bc   0x00000014   Code   RO         1164    .text               c_w.l(strchr.o)
    0x0800b2d0   0x00000024   Code   RO         1166    .text               c_w.l(strstr.o)
    0x0800b2f4   0x00000048   Code   RO         1168    .text               c_w.l(strcpy.o)
    0x0800b33c   0x0000003e   Code   RO         1170    .text               c_w.l(strlen.o)
    0x0800b37a   0x00000096   Code   RO         1172    .text               c_w.l(strncmp.o)
    0x0800b410   0x0000008a   Code   RO         1174    .text               c_w.l(rt_memcpy_v6.o)
    0x0800b49a   0x00000064   Code   RO         1176    .text               c_w.l(rt_memcpy_w.o)
    0x0800b4fe   0x0000004e   Code   RO         1178    .text               c_w.l(rt_memclr_w.o)
    0x0800b54c   0x00000056   Code   RO         1180    .text               c_w.l(strncpy.o)
    0x0800b5a2   0x00000002   PAD
    0x0800b5a4   0x00000080   Code   RO         1182    .text               c_w.l(strcmpv7m.o)
    0x0800b624   0x00000006   Code   RO         1184    .text               c_w.l(heapauxi.o)
    0x0800b62a   0x00000002   PAD
    0x0800b62c   0x00000010   Code   RO         1251    .text               c_w.l(rt_ctype_table.o)
    0x0800b63c   0x00000016   Code   RO         1253    .text               c_w.l(_rserrno.o)
    0x0800b652   0x00000024   Code   RO         1255    .text               c_w.l(_printf_truncate.o)
    0x0800b676   0x000000b8   Code   RO         1257    .text               c_w.l(_printf_intcommon.o)
    0x0800b72e   0x0000002a   Code   RO         1259    .text               c_w.l(_printf_charcount.o)
    0x0800b758   0x00000420   Code   RO         1261    .text               c_w.l(_printf_fp_dec.o)
    0x0800bb78   0x00000030   Code   RO         1263    .text               c_w.l(_printf_char_common.o)
    0x0800bba8   0x0000000a   Code   RO         1265    .text               c_w.l(_sputc.o)
    0x0800bbb2   0x0000002c   Code   RO         1267    .text               c_w.l(_printf_char.o)
    0x0800bbde   0x00000002   PAD
    0x0800bbe0   0x000000bc   Code   RO         1269    .text               c_w.l(_printf_wctomb.o)
    0x0800bc9c   0x00000078   Code   RO         1272    .text               c_w.l(_printf_longlong_dec.o)
    0x0800bd14   0x00000078   Code   RO         1278    .text               c_w.l(_printf_oct_int_ll.o)
    0x0800bd8c   0x00000044   Code   RO         1298    .text               c_w.l(rt_memclr.o)
    0x0800bdd0   0x00000008   Code   RO         1356    .text               c_w.l(rt_locale_intlibspace.o)
    0x0800bdd8   0x00000008   Code   RO         1361    .text               c_w.l(rt_errno_addr_intlibspace.o)
    0x0800bde0   0x0000008a   Code   RO         1363    .text               c_w.l(lludiv10.o)
    0x0800be6a   0x00000002   PAD
    0x0800be6c   0x00000304   Code   RO         1365    .text               c_w.l(_printf_fp_hex.o)
    0x0800c170   0x00000080   Code   RO         1368    .text               c_w.l(_printf_fp_infnan.o)
    0x0800c1f0   0x0000002c   Code   RO         1372    .text               c_w.l(_printf_wchar.o)
    0x0800c21c   0x000000e4   Code   RO         1374    .text               c_w.l(bigflt0.o)
    0x0800c300   0x00000040   Code   RO         1399    .text               c_w.l(_wcrtomb.o)
    0x0800c340   0x00000008   Code   RO         1428    .text               c_w.l(libspace.o)
    0x0800c348   0x0000004a   Code   RO         1431    .text               c_w.l(sys_stackheap_outer.o)
    0x0800c392   0x0000000c   Code   RO         1459    .text               c_w.l(exit.o)
    0x0800c39e   0x00000002   PAD
    0x0800c3a0   0x0000000c   Code   RO         1535    .text               c_w.l(sys_exit.o)
    0x0800c3ac   0x00000002   Code   RO         1546    .text               c_w.l(use_no_semi.o)
    0x0800c3ae   0x00000000   Code   RO         1548    .text               c_w.l(indicate_semi.o)
    0x0800c3ae   0x0000003e   Code   RO         1377    CL$$btod_d2e        c_w.l(btod.o)
    0x0800c3ec   0x00000046   Code   RO         1379    CL$$btod_d2e_denorm_low  c_w.l(btod.o)
    0x0800c432   0x00000060   Code   RO         1378    CL$$btod_d2e_norm_op1  c_w.l(btod.o)
    0x0800c492   0x00000338   Code   RO         1387    CL$$btod_div_common  c_w.l(btod.o)
    0x0800c7ca   0x000000c6   Code   RO         1384    CL$$btod_e2e        c_w.l(btod.o)
    0x0800c890   0x00000028   Code   RO         1381    CL$$btod_ediv       c_w.l(btod.o)
    0x0800c8b8   0x00000028   Code   RO         1380    CL$$btod_emul       c_w.l(btod.o)
    0x0800c8e0   0x00000244   Code   RO         1386    CL$$btod_mult_common  c_w.l(btod.o)
    0x0800cb24   0x00000030   Code   RO         1234    i.__ARM_fpclassify  m_wm.l(fpclassify.o)
    0x0800cb54   0x00000014   Code   RO         1222    i.__hardfp_fabs     m_wm.l(fabs.o)
    0x0800cb68   0x00000118   Code   RO         1228    i.__hardfp_floor    m_wm.l(floor.o)
    0x0800cc80   0x00000c90   Code   RO         1236    i.__hardfp_pow      m_wm.l(pow.o)
    0x0800d910   0x000000f8   Code   RO         1323    i.__kernel_poly     m_wm.l(poly.o)
    0x0800da08   0x00000020   Code   RO         1321    i.__mathlib_dbl_underflow  m_wm.l(dunder.o)
    0x0800da28   0x0000000e   Code   RO         1148    i._is_digit         c_w.l(__printf_wp.o)
    0x0800da36   0x00000020   Code   RO         1224    i.fabs              m_wm.l(fabs.o)
    0x0800da56   0x0000006e   Code   RO         1328    i.sqrt              m_wm.l(sqrt.o)
    0x0800dac4   0x0000002c   Code   RO         1411    locale$$code        c_w.l(lc_ctype_c.o)
    0x0800daf0   0x0000002c   Code   RO         1414    locale$$code        c_w.l(lc_numeric_c.o)
    0x0800db1c   0x00000018   Code   RO         1300    x$fpl$basic         fz_wm.l(basic.o)
    0x0800db34   0x00000062   Code   RO         1188    x$fpl$d2f           fz_wm.l(d2f.o)
    0x0800db96   0x00000002   PAD
    0x0800db98   0x00000150   Code   RO         1190    x$fpl$dadd          fz_wm.l(daddsub_clz.o)
    0x0800dce8   0x00000010   Code   RO         1422    x$fpl$dcheck1       fz_wm.l(dcheck1.o)
    0x0800dcf8   0x00000018   Code   RO         1302    x$fpl$dcmpinf       fz_wm.l(dcmpi.o)
    0x0800dd10   0x000002b0   Code   RO         1197    x$fpl$ddiv          fz_wm.l(ddiv.o)
    0x0800dfc0   0x00000078   Code   RO         1200    x$fpl$deqf          fz_wm.l(deqf.o)
    0x0800e038   0x0000005e   Code   RO         1202    x$fpl$dfix          fz_wm.l(dfix.o)
    0x0800e096   0x0000002e   Code   RO         1207    x$fpl$dflt          fz_wm.l(dflt_clz.o)
    0x0800e0c4   0x00000078   Code   RO         1212    x$fpl$dleqf         fz_wm.l(dleqf.o)
    0x0800e13c   0x00000154   Code   RO         1214    x$fpl$dmul          fz_wm.l(dmul.o)
    0x0800e290   0x0000009c   Code   RO         1304    x$fpl$dnaninf       fz_wm.l(dnaninf.o)
    0x0800e32c   0x0000000c   Code   RO         1306    x$fpl$dretinf       fz_wm.l(dretinf.o)
    0x0800e338   0x0000006c   Code   RO         1216    x$fpl$drleqf        fz_wm.l(drleqf.o)
    0x0800e3a4   0x00000016   Code   RO         1191    x$fpl$drsb          fz_wm.l(daddsub_clz.o)
    0x0800e3ba   0x00000002   PAD
    0x0800e3bc   0x00000198   Code   RO         1424    x$fpl$dsqrt         fz_wm.l(dsqrt_umaal.o)
    0x0800e554   0x000001d4   Code   RO         1192    x$fpl$dsub          fz_wm.l(daddsub_clz.o)
    0x0800e728   0x00000056   Code   RO         1218    x$fpl$f2d           fz_wm.l(f2d.o)
    0x0800e77e   0x0000008c   Code   RO         1308    x$fpl$fnaninf       fz_wm.l(fnaninf.o)
    0x0800e80a   0x0000000a   Code   RO         1518    x$fpl$fpinit        fz_wm.l(fpinit.o)
    0x0800e814   0x0000000a   Code   RO         1310    x$fpl$fretinf       fz_wm.l(fretinf.o)
    0x0800e81e   0x00000004   Code   RO         1220    x$fpl$printf1       fz_wm.l(printf1.o)
    0x0800e822   0x00000004   Code   RO         1312    x$fpl$printf2       fz_wm.l(printf2.o)
    0x0800e826   0x00000064   Code   RO         1510    x$fpl$retnan        fz_wm.l(retnan.o)
    0x0800e88a   0x0000005c   Code   RO         1318    x$fpl$scalbn        fz_wm.l(scalbn.o)
    0x0800e8e6   0x00000030   Code   RO         1520    x$fpl$trapveneer    fz_wm.l(trapv.o)
    0x0800e916   0x00000000   Code   RO         1320    x$fpl$usenofp       fz_wm.l(usenofp.o)
    0x0800e916   0x000017c0   Data   RO          311    .constdata          lcd.o
    0x080100d6   0x0000000c   Data   RO          364    .constdata          rtc.o
    0x080100e2   0x00000007   Data   RO          721    .constdata          cjson.o
    0x080100e9   0x00000003   PAD
    0x080100ec   0x00000024   Data   RO          769    .constdata          malloc.o
    0x08010110   0x0000001c   Data   RO          933    .constdata          stm32f4xx_fsmc.o
    0x0801012c   0x00000028   Data   RO         1136    .constdata          c_w.l(_printf_hex_int_ll_ptr.o)
    0x08010154   0x00000011   Data   RO         1156    .constdata          c_w.l(__printf_flags_ss_wp.o)
    0x08010165   0x00000003   PAD
    0x08010168   0x00000088   Data   RO         1239    .constdata          m_wm.l(pow.o)
    0x080101f0   0x00000008   Data   RO         1270    .constdata          c_w.l(_printf_wctomb.o)
    0x080101f8   0x00000008   Data   RO         1325    .constdata          m_wm.l(qnan.o)
    0x08010200   0x00000026   Data   RO         1366    .constdata          c_w.l(_printf_fp_hex.o)
    0x08010226   0x00000002   PAD
    0x08010228   0x00000094   Data   RO         1375    .constdata          c_w.l(bigflt0.o)
    0x080102bc   0x00000039   Data   RO            4    .conststring        main.o
    0x080102f5   0x00000003   PAD
    0x080102f8   0x00000020   Data   RO         1594    Region$$Table       anon$$obj.o
    0x08010318   0x00000110   Data   RO         1410    locale$$data        c_w.l(lc_ctype_c.o)
    0x08010428   0x0000001c   Data   RO         1413    locale$$data        c_w.l(lc_numeric_c.o)


    Execution Region RW_IRAM1 (Base: 0x20000000, Size: 0x0001d190, Max: 0x00020000, ABSOLUTE)

    Base Addr    Size         Type   Attr      Idx    E Section Name        Object

    0x20000000   0x00000020   Data   RW            5    .data               main.o
    0x20000020   0x00000014   Data   RW          239    .data               system_stm32f4xx.o
    0x20000034   0x00000006   Data   RW          265    .data               key.o
    0x2000003a   0x00000012   Data   RW          312    .data               lcd.o
    0x2000004c   0x0000000c   Data   RW          365    .data               rtc.o
    0x20000058   0x00000002   Data   RW          412    .data               usart3_ble.o
    0x2000005a   0x00000002   PAD
    0x2000005c   0x0000000c   Data   RW          447    .data               mpu6050.o
    0x20000068   0x00000004   Data   RW          474    .data               gsm.o
    0x2000006c   0x00000001   Data   RW          521    .data               rs485.o
    0x2000006d   0x00000003   PAD
    0x20000070   0x0000000c   Data   RW          574    .data               usart1.o
    0x2000007c   0x00000002   Data   RW          655    .data               w25qxx.o
    0x2000007e   0x00000002   PAD
    0x20000080   0x0000000c   Data   RW          722    .data               cjson.o
    0x2000008c   0x00000024   Data   RW          770    .data               malloc.o
    0x200000b0   0x00000008   Data   RW          796    .data               s2j.o
    0x200000b8   0x00000010   Data   RW          891    .data               stm32f4xx_rcc.o
    0x200000c8   0x00000004   Data   RW         1077    .data               common.o
    0x200000cc   0x00000004   PAD
    0x200000d0   0x0000025c   Zero   RW          411    .bss                usart3_ble.o
    0x2000032c   0x00000087   Zero   RW          446    .bss                mpu6050.o
    0x200003b3   0x00000005   PAD
    0x200003b8   0x00000800   Zero   RW          473    .bss                gsm.o
    0x20000bb8   0x00000080   Zero   RW          520    .bss                rs485.o
    0x20000c38   0x000005dc   Zero   RW          573    .bss                usart1.o
    0x20001214   0x00001000   Zero   RW          654    .bss                w25qxx.o
    0x20002214   0x0000000c   PAD
    0x20002220   0x0001a900   Zero   RW          768    .bss                malloc.o
    0x2001cb20   0x0000000c   Zero   RW          825    .bss                timer.o
    0x2001cb2c   0x00000060   Zero   RW         1429    .bss                c_w.l(libspace.o)
    0x2001cb8c   0x00000004   PAD
    0x2001cb90   0x00000200   Zero   RW          230    HEAP                startup_stm32f40_41xxx.o
    0x2001cd90   0x00000400   Zero   RW          229    STACK               startup_stm32f40_41xxx.o



  Load Region LR$$.ARM.__AT_0x10000000 (Base: 0x10000000, Size: 0x00000000, Max: 0x0000f000, ABSOLUTE)

    Execution Region ER$$.ARM.__AT_0x10000000 (Base: 0x10000000, Size: 0x0000f000, Max: 0x0000f000, ABSOLUTE, UNINIT)

    Base Addr    Size         Type   Attr      Idx    E Section Name        Object

    0x10000000   0x0000f000   Zero   RW          764    .ARM.__AT_0x10000000  malloc.o



  Load Region LR$$.ARM.__AT_0x1000F000 (Base: 0x1000f000, Size: 0x00000000, Max: 0x00000f00, ABSOLUTE)

    Execution Region ER$$.ARM.__AT_0x1000F000 (Base: 0x1000f000, Size: 0x00000f00, Max: 0x00000f00, ABSOLUTE, UNINIT)

    Base Addr    Size         Type   Attr      Idx    E Section Name        Object

    0x1000f000   0x00000f00   Zero   RW          765    .ARM.__AT_0x1000F000  malloc.o



  Load Region LR$$.ARM.__AT_0x68000000 (Base: 0x68000000, Size: 0x00000000, Max: 0x000f0000, ABSOLUTE)

    Execution Region ER$$.ARM.__AT_0x68000000 (Base: 0x68000000, Size: 0x000f0000, Max: 0x000f0000, ABSOLUTE, UNINIT)

    Base Addr    Size         Type   Attr      Idx    E Section Name        Object

    0x68000000   0x000f0000   Zero   RW          766    .ARM.__AT_0x68000000  malloc.o



  Load Region LR$$.ARM.__AT_0x680F0000 (Base: 0x680f0000, Size: 0x00000000, Max: 0x0000f000, ABSOLUTE)

    Execution Region ER$$.ARM.__AT_0x680F0000 (Base: 0x680f0000, Size: 0x0000f000, Max: 0x0000f000, ABSOLUTE, UNINIT)

    Base Addr    Size         Type   Attr      Idx    E Section Name        Object

    0x680f0000   0x0000f000   Zero   RW          767    .ARM.__AT_0x680F0000  malloc.o


==============================================================================

Image component sizes


      Code (inc. data)   RO Data    RW Data    ZI Data      Debug   Object Name

       936         22          0          0          0       4203   24c02.o
       224         10          0          0          0       1156   adc.o
        60          4          0          0          0        544   beep.o
      7258        238          7         12          0      26955   cjson.o
       824         40          0          4          0       2844   common.o
      1192        152          0          4       2048       3398   gsm.o
       596          8          0          0          0       2068   inf.o
       264         40          0          6          0       1279   key.o
      4804        174       6080         18          0      12361   lcd.o
        64          4          0          0          0        543   led.o
       664        124         57         32          0     332921   main.o
       552         18         36         36    1218560       5017   malloc.o
       228         22          0          0          0       1905   misc.o
      1640        102          0         12        135       1983   mpu6050.o
       632         82          0          1        128       2791   rs485.o
       756         20         12         12          0       3928   rtc.o
         0          0          0          8          0        230   s2j.o
      2288        110          0          0          0      14005   sensor.o
       308         10          0          0          0       1169   spi.o
        64         26        392          0       1536        848   startup_stm32f40_41xxx.o
      1118         28          0          0          0      10542   stm32f4xx_adc.o
       272         10          0          0          0       2351   stm32f4xx_exti.o
      1500         60         28          0          0       5722   stm32f4xx_fsmc.o
       644         44          0          0          0       4169   stm32f4xx_gpio.o
        26          0          0          0          0       1262   stm32f4xx_it.o
       368         20          0          0          0       3775   stm32f4xx_pwr.o
      1620         52          0         16          0      12996   stm32f4xx_rcc.o
      3364         44          0          0          0      14924   stm32f4xx_rtc.o
      1148         36          0          0          0       6933   stm32f4xx_spi.o
      3234         60          0          0          0      22388   stm32f4xx_tim.o
      1108         34          0          0          0       7884   stm32f4xx_usart.o
       504         44          0         20          0       1963   system_stm32f4xx.o
       808         48          0          0         12       3085   timer.o
      1068        104          0         12       1500       4197   usart1.o
      2848        502          0          2        604       4574   usart3_ble.o
      1094         22          0          2       4096       4557   w25qxx.o

    ----------------------------------------------------------------------
     44088       2314       6650        204    1228640     531470   Object Totals
         0          0         32          0          0          0   (incl. Generated)
        10          0          6          7         21          0   (incl. Padding)

    ----------------------------------------------------------------------

      Code (inc. data)   RO Data    RW Data    ZI Data      Debug   Library Member Name

        44          6          0          0          0         84   __2sprintf.o
         8          0          0          0          0         68   __main.o
       396          6         17          0          0         92   __printf_flags_ss_wp.o
        14          0          0          0          0         68   __printf_wp.o
        52          8          0          0          0          0   __scatter.o
        26          0          0          0          0          0   __scatter_copy.o
        28          0          0          0          0          0   __scatter_zi.o
         6          0          0          0          0          0   _printf_a.o
         6          0          0          0          0          0   _printf_c.o
        44          0          0          0          0        108   _printf_char.o
        48          6          0          0          0         96   _printf_char_common.o
        42          0          0          0          0         68   _printf_charcount.o
         6          0          0          0          0          0   _printf_d.o
       120         18          0          0          0         92   _printf_dec.o
         6          0          0          0          0          0   _printf_e.o
         6          0          0          0          0          0   _printf_f.o
      1056          0          0          0          0        212   _printf_fp_dec.o
       772         10         38          0          0        100   _printf_fp_hex.o
       128         16          0          0          0         84   _printf_fp_infnan.o
         6          0          0          0          0          0   _printf_g.o
       156          6         40          0          0        160   _printf_hex_int_ll_ptr.o
         6          0          0          0          0          0   _printf_i.o
       184          0          0          0          0         88   _printf_intcommon.o
        10          0          0          0          0          0   _printf_l.o
         6          0          0          0          0          0   _printf_lc.o
        10          0          0          0          0          0   _printf_ll.o
         6          0          0          0          0          0   _printf_lld.o
         6          0          0          0          0          0   _printf_lli.o
         6          0          0          0          0          0   _printf_llo.o
         6          0          0          0          0          0   _printf_llu.o
         6          0          0          0          0          0   _printf_llx.o
       120         16          0          0          0         92   _printf_longlong_dec.o
         6          0          0          0          0          0   _printf_ls.o
         6          0          0          0          0          0   _printf_n.o
         6          0          0          0          0          0   _printf_o.o
       120          8          0          0          0        124   _printf_oct_int_ll.o
         6          0          0          0          0          0   _printf_p.o
        82          0          0          0          0        108   _printf_pad.o
         0          0          0          0          0          0   _printf_percent.o
         4          0          0          0          0          0   _printf_percent_end.o
         6          0          0          0          0          0   _printf_s.o
        82          0          0          0          0         80   _printf_str.o
        36          0          0          0          0         84   _printf_truncate.o
         6          0          0          0          0          0   _printf_u.o
        44          0          0          0          0        108   _printf_wchar.o
       188          6          8          0          0         92   _printf_wctomb.o
         6          0          0          0          0          0   _printf_x.o
        22          0          0          0          0        100   _rserrno.o
        10          0          0          0          0         68   _sputc.o
        64          0          0          0          0         92   _wcrtomb.o
       228          6        148          0          0         96   bigflt0.o
      1910        128          0          0          0        672   btod.o
        12          0          0          0          0         72   exit.o
         6          0          0          0          0        152   heapauxi.o
         0          0          0          0          0          0   indicate_semi.o
        44         10        272          0          0         76   lc_ctype_c.o
        44         10         28          0          0         76   lc_numeric_c.o
         2          0          0          0          0          0   libinit.o
        34          0          0          0          0          0   libinit2.o
         2          0          0          0          0          0   libshutdown.o
         2          0          0          0          0          0   libshutdown2.o
         8          4          0          0         96         68   libspace.o
       138          0          0          0          0         80   lludiv10.o
        16          4          0          0          0         76   rt_ctype_table.o
         8          4          0          0          0         68   rt_errno_addr_intlibspace.o
         8          4          0          0          0         68   rt_locale_intlibspace.o
        68          0          0          0          0         68   rt_memclr.o
        78          0          0          0          0         80   rt_memclr_w.o
       138          0          0          0          0         68   rt_memcpy_v6.o
       100          0          0          0          0         80   rt_memcpy_w.o
         0          0          0          0          0          0   rtentry.o
        12          0          0          0          0          0   rtentry2.o
         6          0          0          0          0          0   rtentry4.o
         2          0          0          0          0          0   rtexit.o
        10          0          0          0          0          0   rtexit2.o
        20          0          0          0          0         68   strchr.o
       128          0          0          0          0         68   strcmpv7m.o
        72          0          0          0          0         80   strcpy.o
        62          0          0          0          0         76   strlen.o
       150          0          0          0          0         80   strncmp.o
        86          0          0          0          0         76   strncpy.o
        36          0          0          0          0         80   strstr.o
        12          4          0          0          0         68   sys_exit.o
        74          0          0          0          0         80   sys_stackheap_outer.o
        26          0          0          0          0         76   tolower.o
         2          0          0          0          0         68   use_no_semi.o
        36          4          0          0          0         76   vsprintf.o
        24          0          0          0          0        164   basic.o
        98          4          0          0          0        140   d2f.o
       826         16          0          0          0        500   daddsub_clz.o
        16          4          0          0          0        116   dcheck1.o
        24          0          0          0          0        116   dcmpi.o
       688        140          0          0          0        260   ddiv.o
       120          4          0          0          0        140   deqf.o
        94          4          0          0          0        140   dfix.o
        46          0          0          0          0        116   dflt_clz.o
       120          4          0          0          0        140   dleqf.o
       340         12          0          0          0        152   dmul.o
       156          4          0          0          0        140   dnaninf.o
        12          0          0          0          0        116   dretinf.o
       108          0          0          0          0        128   drleqf.o
       408         56          0          0          0        168   dsqrt_umaal.o
        86          4          0          0          0        132   f2d.o
       140          4          0          0          0        132   fnaninf.o
        10          0          0          0          0        116   fpinit.o
        10          0          0          0          0        116   fretinf.o
         4          0          0          0          0        116   printf1.o
         4          0          0          0          0        116   printf2.o
       100          0          0          0          0        116   retnan.o
        92          0          0          0          0        116   scalbn.o
        48          0          0          0          0        116   trapv.o
         0          0          0          0          0          0   usenofp.o
        32          8          0          0          0        124   dunder.o
        52          0          0          0          0        248   fabs.o
       280         28          0          0          0        156   floor.o
        48          0          0          0          0        124   fpclassify.o
       248          0          0          0          0        152   poly.o
      3216        310        136          0          0        216   pow.o
         0          0          8          0          0          0   qnan.o
       110          0          0          0          0        148   sqrt.o

    ----------------------------------------------------------------------
     15190        886        700          0        100       9744   Library Totals
        20          0          5          0          4          0   (incl. Padding)

    ----------------------------------------------------------------------

      Code (inc. data)   RO Data    RW Data    ZI Data      Debug   Library Name

      7610        284        551          0         96       4964   c_w.l
      3574        256          0          0          0       3612   fz_wm.l
      3986        346        144          0          0       1168   m_wm.l

    ----------------------------------------------------------------------
     15190        886        700          0        100       9744   Library Totals

    ----------------------------------------------------------------------

==============================================================================


      Code (inc. data)   RO Data    RW Data    ZI Data      Debug   

     59278       3200       7350        204    1228740     527302   Grand Totals
     59278       3200       7350        204    1228740     527302   ELF Image Totals
     59278       3200       7350        204          0          0   ROM Totals

==============================================================================

    Total RO  Size (Code + RO Data)                66628 (  65.07kB)
    Total RW  Size (RW Data + ZI Data)           1228944 (1200.14kB)
    Total ROM Size (Code + RO Data + RW Data)      66832 (  65.27kB)

==============================================================================

