<html>
<body>
<pre>
<h1>礦ision Build Log</h1>
<h2>Project:</h2>
F:\Workspace\keil_workspace\STM32F407\手机APP经蓝牙控制开发板例程代码\Project\BLE.uvproj
Project File Date:  05/21/2017

<h2>Output:</h2>
Build target 'Target 1'
linking...
Program Size: Code=55374 RO-data=7350 RW-data=204 ZI-data=1228756  
FromELF: creating hex file...
".\OBJ\UAST1.axf" - 0 Error(s), 0 Warning(s).
Load "F:\\Workspace\\keil_workspace\\STM32F407\\手机APP经蓝牙控制开发板例程代码\\Project\\OBJ\\UAST1.AXF" 
Set JLink Project File to "F:\Workspace\keil_workspace\STM32F407\手机APP经蓝牙控制开发板例程代码\Project\JLinkSettings.ini"
* JLink Info: Device "STM32F407ZE" selected (512 KB flash, 128 KB RAM).
 
JLink info:
------------
DLL: V4.54a, compiled Sep 17 2012 15:58:45
Firmware: J-Link ARM V8 compiled Nov 28 2014 13:44:46
Hardware: V8.00
S/N : 17935099 
Feature(s) : RDI,FlashDL,FlashBP,JFlash 
 
* JLink Info: Could not measure total IR len. TDO is constant high.
* JLink Info: STM32F2xxx/STM32F4xxx: Can not attach to CPU. Trying connect under reset.
* JLink Info: TotalIRLen = 9, IRPrint = 0x0011
* JLink Info: TotalIRLen = 9, IRPrint = 0x0011
* JLink Info: Found Cortex-M4 r0p1, Little endian.
* JLink Info: TPIU fitted.
* JLink Info: ETM fitted.
* JLink Info: FPUnit: 6 code (BP) slots and 2 literal slots
ROMTableAddr = 0xE00FF003
* JLink Info: Found Cortex-M4 r0p1, Little endian.
* JLink Info: TPIU fitted.
* JLink Info: ETM fitted.
* JLink Info: FPUnit: 6 code (BP) slots and 2 literal slots
 
Target info:
------------
Device: STM32F407ZE
VTarget = 3.274V
State of Pins: 
TCK: 1, TDI: 0, TDO: 1, TMS: 0, TRES: 1, TRST: 1
Hardware-Breakpoints: 6
Software-Breakpoints: 8192
Watchpoints:          4
JTAG speed: 4800 kHz
 
Erase Done.
Programming Done.
Verify OK.
* JLink Info: Found Cortex-M4 r0p1, Little endian.
* JLink Info: TPIU fitted.
* JLink Info: ETM fitted.
* JLink Info: FPUnit: 6 code (BP) slots and 2 literal slots
Application running ...
